[handkunst-nails.de/index.html]
[handkunst-nails.de/wp-content/themes/woodmart/js/libs/ie11CustomProperties.min.js]
[backblue.gif]
[fade.gif]
[index.html]
[handkunst-nails.de/feed/index.html]
[handkunst-nails.de/comments/feed/index.html]
[handkunst-nails.de/shop/feed/index.html]
[handkunst-nails.de/wp-includes/js/jquery/jquery.minf43b.js]
[handkunst-nails.de/wp-includes/js/jquery/jquery-migrate.min5589.js]
[handkunst-nails.de/wp-content/plugins/easy-social-icons/js/cnss5152.js]
[handkunst-nails.de/wp-content/plugins/easy-social-icons/js/share5152.js]
[handkunst-nails.de/wp-content/plugins/woocommerce/assets/js/jquery-blockui/jquery.blockUI.minae83.js]
[handkunst-nails.de/wp-content/plugins/woocommerce/assets/js/frontend/add-to-cart.minf607.js]
[handkunst-nails.de/wp-content/plugins/woocommerce/assets/js/js-cookie/js.cookie.minf503.js]
[handkunst-nails.de/wp-content/plugins/woocommerce/assets/js/frontend/woocommerce.minf607.js]
[handkunst-nails.de/wp-content/plugins/js_composer/assets/js/vendors/woocommerce-add-to-cart9b80.js]
[handkunst-nails.de/wp-content/plugins/woocommerce-germanized/build/static/unit-price-observer-queuedebd.js]
[handkunst-nails.de/wp-content/plugins/woocommerce/assets/js/accounting/accounting.minaffb.js]
[handkunst-nails.de/wp-content/plugins/woocommerce-germanized/build/static/unit-price-observerdebd.js]
[handkunst-nails.de/wp-content/themes/woodmart/js/libs/device.minc30a.js]
[handkunst-nails.de/wp-content/uploads/2025/09/cropped-logo_Монтажная-область-1-07-scaled-1-32x32.png]
[handkunst-nails.de/wp-content/uploads/2025/09/cropped-logo_Монтажная-область-1-07-scaled-1-192x192.png]
[handkunst-nails.de/wp-json/index.html]
[handkunst-nails.de/wp-content/uploads/2025/09/cropped-logo_Монтажная-область-1-07-scaled-1-180x180.png]
[handkunst-nails.de/wp-content/uploads/2023/09/photo_2023-08-22_23-52-51.png]
[handkunst-nails.de/kontakt/index.html]
[handkunst-nails.de/product-category/fluessigkeiten/index.html]
[handkunst-nails.de/product-category/gele/index.html]
[handkunst-nails.de/product-category/instrumente/index.html]
[handkunst-nails.de/product-category/farbgele/index.html]
[handkunst-nails.de/home-event-agency/index.html]
[handkunst-nails.de/product-category/gutscheine/index.html]
[handkunst-nails.de/wp-content/uploads/2023/09/IMG_2939-scaled-500x300.jpg]
[handkunst-nails.de/wp-content/uploads/2024/06/fluessigkeiten.menue1_-scaled-500x300.jpg]
[handkunst-nails.de/wp-content/uploads/2024/06/instrumente.menue1_-scaled-500x300.jpg]
[handkunst-nails.de/wp-content/uploads/2025/02/IMG_4215-2-500x300.jpg]
[handkunst-nails.de/wp-content/uploads/2023/09/IMG_2743-scaled-500x300.jpg]
[handkunst-nails.de/wp-content/uploads/2025/02/gutschein-scaled-500x300.jpg]
[handkunst-nails.de/wp-content/uploads/2025/03/blau.spitz_-430x287.jpg]
[handkunst-nails.de/wp-content/uploads/2025/03/rot.spitz_-430x287.jpg]
[handkunst-nails.de/wp-content/uploads/2025/03/blau.stumpf-430x287.jpg]
[handkunst-nails.de/shop/instrumente/fraeserbits/blau-spitz/index.html]
[handkunst-nails.de/wp-content/uploads/2025/03/rot.stumpf-430x326.jpg]
[handkunst-nails.de/wp-content/uploads/2025/03/grob-430x287.jpg]
[handkunst-nails.de/product-category/instrumente/fraeserbits/index.html]
[handkunst-nails.de/wp-content/uploads/2025/02/almond-430x430.jpg]
[handkunst-nails.de/versandkosten/index.html]
[handkunst-nails.de/wp-content/uploads/2025/02/IMG_4203-430x465.jpg]
[handkunst-nails.de/wp-content/uploads/2025/02/vintagepink-430x430.jpg]
[handkunst-nails.de/shop/instrumente/fraeserbits/rot-spitz/index.html]
[handkunst-nails.de/wp-content/uploads/2025/02/IMG_2735-430x424.jpg]
[handkunst-nails.de/shop/instrumente/fraeserbits/blau-stumpf/index.html]
[handkunst-nails.de/wp-content/uploads/2025/02/milkypink-430x430.jpg]
[handkunst-nails.de/shop/instrumente/fraeserbits/rot-stumpf/index.html]
[handkunst-nails.de/wp-content/uploads/2025/02/IMG_2846-430x458.jpg]
[handkunst-nails.de/shop/instrumente/fraeserbits/grob/index.html]
[handkunst-nails.de/wp-content/uploads/2025/02/nude-430x430.jpg]
[handkunst-nails.de/product-category/gele/aufbaugele/fieberglasgele/index.html]
[handkunst-nails.de/wp-content/uploads/2025/02/fibergele11-Kopie-430x439.jpg]
[handkunst-nails.de/shop/gele/aufbaugele/fieberglasgele/fiberglasgel-almond/index.html]
[handkunst-nails.de/shop/gele/aufbaugele/fieberglasgele/fiberglasgel-vintage/index.html]
[handkunst-nails.de/wp-content/uploads/2025/02/ivory-430x430.jpg]
[handkunst-nails.de/shop/gele/aufbaugele/fieberglasgele/fiberglasgel-milky-pink/index.html]
[handkunst-nails.de/wp-content/uploads/2025/02/IMG_4289-430x429.jpg]
[handkunst-nails.de/shop/gele/aufbaugele/fieberglasgele/fiberglasgel-nude/index.html]
[handkunst-nails.de/wp-content/uploads/2025/02/sandyrose-430x430.jpg]
[handkunst-nails.de/wp-content/uploads/2024/06/sandyRose1-1-430x764.jpg]
[handkunst-nails.de/shop/gele/aufbaugele/fieberglasgele/fiberglasgel-ivory/index.html]
[handkunst-nails.de/shop/gele/aufbaugele/fieberglasgele/fiberglasgel-sandy-rose/index.html]
[handkunst-nails.de/wp-content/uploads/2025/02/pink-2-430x430.jpg]
[handkunst-nails.de/wp-content/uploads/2025/02/IMG_3431-Kopie-430x431.jpg]
[handkunst-nails.de/shop/gele/aufbaugele/fieberglasgele/fiberglasgel-pastel-pink/index.html]
[handkunst-nails.de/wp-content/uploads/2025/02/Pamela-430x430.jpg]
[handkunst-nails.de/wp-content/uploads/2025/02/pamela1-430x430.jpg]
[handkunst-nails.de/wp-content/uploads/2025/02/lola1-430x416.jpg]
[handkunst-nails.de/wp-content/uploads/2025/02/aufbauglitter11-Kopie-7-430x764.jpg]
[handkunst-nails.de/shop/gele/aufbaugele/glitzergele/glitzergel-pamela/index.html]
[handkunst-nails.de/product-category/gele/aufbaugele/glitzergele/index.html]
[handkunst-nails.de/wp-content/uploads/2025/02/belle3-430x430.jpg]
[handkunst-nails.de/wp-content/uploads/2025/02/belle1-430x450.jpg]
[handkunst-nails.de/wp-content/uploads/2025/02/Leonie-430x430.jpg]
[handkunst-nails.de/wp-content/uploads/2025/02/leonie1-430x430.jpg]
[handkunst-nails.de/shop/gele/aufbaugele/glitzergele/glitzergel-lola/index.html]
[handkunst-nails.de/wp-content/uploads/2025/02/Elsa-430x430.jpg]
[handkunst-nails.de/shop/gele/aufbaugele/glitzergele/glitzergel-belle/index.html]
[handkunst-nails.de/wp-content/uploads/2025/02/elsa1-430x430.jpg]
[handkunst-nails.de/shop/gele/aufbaugele/glitzergele/glitzergel-elsa/index.html]
[handkunst-nails.de/shop/gele/aufbaugele/glitzergele/glitzergel-leonie/index.html]
[handkunst-nails.de/wp-content/uploads/2025/02/Sophia-430x430.jpg]
[handkunst-nails.de/wp-content/uploads/2025/02/sophia1-430x420.jpg]
[handkunst-nails.de/wp-content/uploads/2025/02/Daria-430x430.jpg]
[handkunst-nails.de/shop/gele/aufbaugele/glitzergele/glitzergel-sophia/index.html]
[handkunst-nails.de/wp-content/uploads/2025/02/Daria1-430x405.jpg]
[handkunst-nails.de/wp-content/uploads/2025/02/Olga-430x430.jpg]
[handkunst-nails.de/shop/gele/aufbaugele/glitzergele/glitzergel-daria/index.html]
[handkunst-nails.de/wp-content/uploads/2025/02/olga1-430x449.jpg]
[handkunst-nails.de/wp-content/uploads/2025/02/Lena-1-430x430.jpg]
[handkunst-nails.de/shop/gele/aufbaugele/glitzergele/glitzergel-olga/index.html]
[handkunst-nails.de/shop/gele/aufbaugele/glitzergele/glitzergel-lena/index.html]
[handkunst-nails.de/wp-content/uploads/2025/02/lena1-430x430.jpg]
[handkunst-nails.de/wp-content/uploads/2025/02/Anna-430x430.jpg]
[handkunst-nails.de/wp-content/uploads/2025/02/anna1-430x430.jpg]
[handkunst-nails.de/wp-content/uploads/2025/02/klar-430x387.jpg]
[handkunst-nails.de/wp-content/uploads/2025/02/aufbauKLAR-430x287.jpg]
[handkunst-nails.de/shop/gele/aufbaugele/glitzergele/glitzergel-anna/index.html]
[handkunst-nails.de/wp-content/uploads/2025/02/IMG_4081-Kopie-430x430.jpg]
[handkunst-nails.de/shop/gele/aufbaugele/aufbaugele-aufbaugele/aufbaugel-klar/index.html]
[handkunst-nails.de/wp-content/uploads/2025/02/IMG_4122-430x430.jpg]
[handkunst-nails.de/product-category/gele/aufbaugele/aufbaugele-aufbaugele/index.html]
[handkunst-nails.de/product-category/gele/aufbaugele/index.html]
[handkunst-nails.de/shop/gele/base-gele/rubber-base/index.html]
[handkunst-nails.de/product-category/gele/base-gele/index.html]
[handkunst-nails.de/page/2/index.html]
[handkunst-nails.de/kundeninformationen/index.html]
[handkunst-nails.de/zahlungsmoglichkeiten/index.html]
[handkunst-nails.de/impressum/index.html]
[handkunst-nails.de/datenschutzerklarung/index.html]
[handkunst-nails.de/agbs/index.html]
[handkunst-nails.de/studio/index.html]
[handkunst-nails.de/nails-academy/index.html]
[handkunst-nails.de/widerrufsrecht/index.html]
[handkunst-nails.de/uber-uns/index.html]
[handkunst-nails.de/wp-content/uploads/2023/09/IMG_0323-500x500.jpg]
[handkunst-nails.de/wp-includes/js/jquery/ui/core.minb37e.js]
[handkunst-nails.de/wp-includes/js/jquery/ui/mouse.minb37e.js]
[handkunst-nails.de/wp-includes/js/jquery/ui/sortable.minb37e.js]
[handkunst-nails.de/wp-content/themes/woodmart/js/scripts/wc/updateCartFragmentsFixc30a.js]
[handkunst-nails.de/wp-includes/js/dist/hooks.minaf5f.js]
[handkunst-nails.de/wp-includes/js/dist/i18n.min1cde.js]
[handkunst-nails.de/wp-content/plugins/contact-form-7/includes/swv/js/index1b46.js]
[handkunst-nails.de/wp-content/plugins/contact-form-7/includes/js/index1b46.js]
[handkunst-nails.de/wp-content/plugins/woo-discount-rules/v2/Assets/Js/site_main8dc7.js]
[handkunst-nails.de/wp-content/plugins/woo-discount-rules/v2/Assets/Js/awdr-dynamic-price8dc7.js]
[handkunst-nails.de/wp-content/plugins/woocommerce-table-rate-shipping/assets/js/frontend-checkout.min10cb.js]
[handkunst-nails.de/wp-content/plugins/woocommerce/assets/js/sourcebuster/sourcebuster.minf607.js]
[handkunst-nails.de/wp-content/plugins/woocommerce/assets/js/frontend/order-attribution.minf607.js]
[handkunst-nails.de/wp-content/plugins/js_composer/assets/js/dist/js_composer_front.min9b80.js]
[handkunst-nails.de/wp-content/uploads/pum/pum-site-scripts33c6.js]
[handkunst-nails.de/wp-content/themes/woodmart/js/libs/pjax.minc30a.js]
[handkunst-nails.de/wp-content/themes/woodmart/js/scripts/global/helpers.minc30a.js]
[handkunst-nails.de/wp-content/themes/woodmart/js/scripts/wc/woocommerceNotices.minc30a.js]
[handkunst-nails.de/wp-content/themes/woodmart/js/scripts/global/scrollBar.minc30a.js]
[handkunst-nails.de/wp-content/themes/woodmart/js/scripts/wc/ajaxFilters.minc30a.js]
[handkunst-nails.de/wp-content/themes/woodmart/js/scripts/wc/sortByWidget.minc30a.js]
[handkunst-nails.de/wp-content/themes/woodmart/js/scripts/wc/shopPageInit.minc30a.js]
[handkunst-nails.de/wp-content/themes/woodmart/js/scripts/global/clickOnScrollButton.minc30a.js]
[handkunst-nails.de/wp-content/themes/woodmart/js/scripts/global/backHistory.minc30a.js]
[handkunst-nails.de/wp-content/plugins/woo-discount-rules-pro/Assets/Js/awdr_pro6fca.js]
[handkunst-nails.de/wp-content/themes/woodmart/js/scripts/header/headerBuilder.minc30a.js]
[handkunst-nails.de/wp-content/themes/woodmart/js/scripts/menu/menuOffsets.minc30a.js]
[handkunst-nails.de/wp-content/themes/woodmart/js/scripts/menu/menuSetUp.minc30a.js]
[handkunst-nails.de/wp-content/themes/woodmart/js/scripts/wc/onRemoveFromCart.minc30a.js]
[handkunst-nails.de/wp-content/themes/woodmart/js/scripts/wc/loginDropdown.minc30a.js]
[handkunst-nails.de/wp-content/themes/woodmart/js/scripts/header/mobileSearchIcon.minc30a.js]
[handkunst-nails.de/wp-content/themes/woodmart/js/scripts/wc/shopLoader.minc30a.js]
[handkunst-nails.de/wp-content/themes/woodmart/js/scripts/wc/quickShop.minc30a.js]
[handkunst-nails.de/wp-content/themes/woodmart/js/scripts/wc/swatchesVariations.minc30a.js]
[handkunst-nails.de/wp-content/themes/woodmart/js/scripts/wc/addToCartAllTypes.minc30a.js]
[handkunst-nails.de/wp-includes/js/underscore.min3ab8.js]
[handkunst-nails.de/wp-includes/js/wp-util.mind4d0.js]
[handkunst-nails.de/wp-content/plugins/woocommerce/assets/js/frontend/add-to-cart-variation.minf607.js]
[handkunst-nails.de/wp-content/themes/woodmart/js/libs/owl.carousel.minc30a.js]
[handkunst-nails.de/wp-content/themes/woodmart/js/libs/magnific-popup.minc30a.js]
[handkunst-nails.de/wp-content/themes/woodmart/js/scripts/wc/productImagesGallery.minc30a.js]
[handkunst-nails.de/wp-content/themes/woodmart/js/scripts/wc/quickView.minc30a.js]
[handkunst-nails.de/wp-content/themes/woodmart/js/libs/tooltips.minc30a.js]
[handkunst-nails.de/wp-content/themes/woodmart/js/scripts/global/btnsToolTips.minc30a.js]
[handkunst-nails.de/wp-content/themes/woodmart/js/scripts/wc/woocommerceQuantity.minc30a.js]
[handkunst-nails.de/wp-includes/js/imagesloaded.minbb93.js]
[handkunst-nails.de/wp-content/themes/woodmart/js/scripts/wc/actionAfterAddToCart.minc30a.js]
[handkunst-nails.de/wp-content/themes/woodmart/js/scripts/wc/productsLoadMore.minc30a.js]
[handkunst-nails.de/wp-content/themes/woodmart/js/libs/waypoints.minc30a.js]
[handkunst-nails.de/wp-content/themes/woodmart/js/scripts/global/widgetCollapse.minc30a.js]
[handkunst-nails.de/wp-content/themes/woodmart/js/scripts/global/scrollTop.minc30a.js]
[handkunst-nails.de/wp-content/themes/woodmart/js/scripts/menu/mobileNavigation.minc30a.js]
[handkunst-nails.de/wp-content/themes/woodmart/js/scripts/wc/cartWidget.minc30a.js]
[handkunst-nails.de/wp-content/plugins/woocommerce/assets/js/frontend/cart-fragments.minf607.js]
[handkunst-nails.de/wp-content/themes/woodmart/js/scripts/global/hiddenSidebar.minc30a.js]
[handkunst-nails.de/wp-content/themes/woodmart/js/scripts/wc/stickySidebarBtn.minc30a.js]
[handkunst-nails.de/wp-content/themes/woodmart/js/scripts/global/cookiesPopup.minc30a.js]
[handkunst-nails.de/wp-content/themes/woodmart/js/scripts/global/searchFullScreen.minc30a.js]
[handkunst-nails.de/wp-content/plugins/woocommerce-germanized/build/static/add-to-cart-variationdebd.js]
[handkunst-nails.de/index.html]
[handkunst-nails.de/xmlrpc.html]
[handkunst-nails.de/wp-content/plugins/easy-social-icons/css/font-awesome/css/all.min823d.css]
[handkunst-nails.de/wp-content/plugins/easy-social-icons/css/font-awesome/css/v4-shims.min823d.css]
[handkunst-nails.de/wp-content/plugins/easy-social-icons/css/cnss5152.css]
[handkunst-nails.de/wp-content/plugins/easy-social-icons/css/share5152.css]
[handkunst-nails.de/wp-content/themes/woodmart/css/bootstrap-light.minc30a.css]
[handkunst-nails.de/wp-content/themes/woodmart/css/parts/base.minc30a.css]
[handkunst-nails.de/wp-content/themes/woodmart/css/parts/woo-widget-price-filter.minc30a.css]
[handkunst-nails.de/wp-includes/css/dist/components/style.mind4d0.css]
[handkunst-nails.de/wp-includes/css/dist/preferences/style.mind4d0.css]
[handkunst-nails.de/wp-includes/css/dist/block-editor/style.mind4d0.css]
[handkunst-nails.de/wp-content/plugins/popup-maker/dist/packages/block-library-style5828.css]
[handkunst-nails.de/wp-content/plugins/js_composer/assets/vc/alert.png]
[handkunst-nails.de/wp-content/plugins/js_composer/assets/vc/info.png]
[handkunst-nails.de/wp-content/plugins/js_composer/assets/vc/tick.png]
[handkunst-nails.de/wp-content/plugins/js_composer/assets/vc/exclamation.png]
[handkunst-nails.de/wp-content/plugins/js_composer/assets/images/icons/address-book.png]
[handkunst-nails.de/wp-content/plugins/js_composer/assets/images/icons/alarm-clock.png]
[handkunst-nails.de/wp-content/plugins/js_composer/assets/images/icons/anchor.png]
[handkunst-nails.de/wp-content/plugins/js_composer/assets/images/icons/application-image.png]
[handkunst-nails.de/wp-content/plugins/js_composer/assets/images/icons/arrow.png]
[handkunst-nails.de/wp-content/plugins/js_composer/assets/images/icons/asterisk.png]
[handkunst-nails.de/wp-content/plugins/js_composer/assets/images/icons/auction-hammer.png]
[handkunst-nails.de/wp-content/plugins/js_composer/assets/images/icons/balloon.png]
[handkunst-nails.de/wp-content/plugins/js_composer/assets/images/icons/balloon-buzz.png]
[handkunst-nails.de/wp-content/plugins/js_composer/assets/images/icons/balloon-facebook.png]
[handkunst-nails.de/wp-content/plugins/js_composer/assets/images/icons/balloon-twitter.png]
[handkunst-nails.de/wp-content/plugins/js_composer/assets/images/icons/battery-full.png]
[handkunst-nails.de/wp-content/plugins/js_composer/assets/images/icons/binocular.png]
[handkunst-nails.de/wp-content/plugins/js_composer/assets/images/icons/blue-document-excel.png]
[handkunst-nails.de/wp-content/plugins/js_composer/assets/images/icons/blue-document-image.png]
[handkunst-nails.de/wp-content/plugins/js_composer/assets/images/icons/blue-document-music.png]
[handkunst-nails.de/wp-content/plugins/js_composer/assets/images/icons/blue-document-office.png]
[handkunst-nails.de/wp-content/plugins/js_composer/assets/images/icons/blue-document-pdf.png]
[handkunst-nails.de/wp-content/plugins/js_composer/assets/images/icons/blue-document-powerpoint.png]
[handkunst-nails.de/wp-content/plugins/js_composer/assets/images/icons/blue-document-word.png]
[handkunst-nails.de/wp-content/plugins/js_composer/assets/images/icons/bookmark.png]
[handkunst-nails.de/wp-content/plugins/js_composer/assets/images/icons/camcorder.png]
[handkunst-nails.de/wp-content/plugins/js_composer/assets/images/icons/camera.png]
[handkunst-nails.de/wp-content/plugins/js_composer/assets/images/icons/chart.png]
[handkunst-nails.de/wp-content/plugins/js_composer/assets/images/icons/chart-pie.png]
[handkunst-nails.de/wp-content/plugins/js_composer/assets/images/icons/clock.png]
[handkunst-nails.de/wp-content/plugins/js_composer/assets/images/icons/control.png]
[handkunst-nails.de/wp-content/plugins/js_composer/assets/images/icons/fire.png]
[handkunst-nails.de/wp-content/plugins/js_composer/assets/images/icons/heart.png]
[handkunst-nails.de/wp-content/plugins/js_composer/assets/images/icons/mail.png]
[handkunst-nails.de/wp-content/plugins/js_composer/assets/images/icons/plus-shield.png]
[handkunst-nails.de/wp-content/plugins/js_composer/assets/images/icons/video.png]
[handkunst-nails.de/wp-content/plugins/js_composer/assets/fonts/vc_icons/fonts/vcpb-plugin-iconsc481.eot]
[handkunst-nails.de/wp-content/plugins/js_composer/assets/fonts/vc_icons/fonts/vcpb-plugin-iconsc481.ttf]
[handkunst-nails.de/wp-content/plugins/js_composer/assets/fonts/vc_icons/fonts/vcpb-plugin-iconsc481.woff]
[handkunst-nails.de/wp-content/plugins/js_composer/assets/images/toggle_open.png]
[handkunst-nails.de/wp-content/plugins/js_composer/assets/images/toggle_close.png]
[handkunst-nails.de/wp-content/plugins/js_composer/assets/images/flickr.png]
[handkunst-nails.de/wp-content/plugins/js_composer/assets/fonts/vc_grid/vc_grid_v157a1.eot]
[handkunst-nails.de/wp-content/plugins/js_composer/assets/fonts/vc_grid/vc_grid_v1d41d.eot]
[handkunst-nails.de/wp-content/plugins/js_composer/assets/fonts/vc_grid/vc_grid_v157a1.woff]
[handkunst-nails.de/wp-content/plugins/js_composer/assets/fonts/vc_grid/vc_grid_v157a1.ttf]
[handkunst-nails.de/wp-content/plugins/js_composer/assets/images/spinner.gif]
[handkunst-nails.de/wp-content/plugins/js_composer/assets/vc/remove.png]
[handkunst-nails.de/wp-content/plugins/js_composer/assets/css/js_composer.min9b80.css]
[handkunst-nails.de/wp-content/uploads/pum/pum-site-styles2c70.css]
[handkunst-nails.de/wp-content/plugins/woocommerce-germanized/build/static/layout-stylesdebd.css]
[handkunst-nails.de/wp-content/plugins/woocommerce-germanized/assets/images/nutri-score-a.svg]
[handkunst-nails.de/wp-content/plugins/woocommerce-germanized/assets/images/nutri-score-b.svg]
[handkunst-nails.de/wp-content/plugins/woocommerce-germanized/assets/images/nutri-score-c.svg]
[handkunst-nails.de/wp-content/plugins/woocommerce-germanized/assets/images/nutri-score-d.svg]
[handkunst-nails.de/wp-content/plugins/woocommerce-germanized/assets/images/nutri-score-e.svg]
[handkunst-nails.de/wp-content/plugins/woo-discount-rules-pro/Assets/Css/awdr_style6fca.css]
[handkunst-nails.de/wp-content/themes/woodmart/css/parts/widget-recent-post-comments.minc30a.css]
[handkunst-nails.de/wp-content/themes/woodmart/css/parts/widget-wd-recent-posts.minc30a.css]
[handkunst-nails.de/wp-content/themes/woodmart/css/parts/widget-nav.minc30a.css]
[handkunst-nails.de/wp-content/themes/woodmart/css/parts/woo-widget-wd-layered-nav.minc30a.css]
[handkunst-nails.de/wp-content/themes/woodmart/css/parts/woo-mod-swatches-base.minc30a.css]
[handkunst-nails.de/wp-content/themes/woodmart/css/parts/woo-mod-swatches-filter.minc30a.css]
[handkunst-nails.de/wp-content/themes/woodmart/css/parts/woo-widget-product-list.minc30a.css]
[handkunst-nails.de/wp-content/themes/woodmart/css/parts/woo-widget-slider-price-filter.minc30a.css]
[handkunst-nails.de/wp-content/themes/woodmart/css/parts/wp-gutenberg.minc30a.css]
[handkunst-nails.de/wp-content/themes/woodmart/css/parts/int-wpcf7.minc30a.css]
[handkunst-nails.de/wp-content/themes/woodmart/css/parts/int-woo-germanized.minc30a.css]
[handkunst-nails.de/wp-content/themes/woodmart/css/parts/int-woo-payments.minc30a.css]
[handkunst-nails.de/wp-content/themes/woodmart/css/parts/int-woo-klarna.minc30a.css]
[handkunst-nails.de/wp-content/themes/woodmart/css/parts/int-woo-paypal-payments.minc30a.css]
[handkunst-nails.de/wp-content/themes/woodmart/css/parts/int-wpb-base.minc30a.css]
[handkunst-nails.de/wp-content/themes/woodmart/css/parts/int-wpb-base-deprecated.minc30a.css]
[handkunst-nails.de/wp-content/themes/woodmart/css/parts/woocommerce-base.minc30a.css]
[handkunst-nails.de/wp-content/themes/woodmart/css/parts/mod-star-rating.minc30a.css]
[handkunst-nails.de/wp-content/themes/woodmart/css/parts/woo-el-track-order.minc30a.css]
[handkunst-nails.de/wp-content/themes/woodmart/css/parts/woo-gutenberg.minc30a.css]
[handkunst-nails.de/wp-content/themes/woodmart/css/parts/woo-widget-active-filters.minc30a.css]
[handkunst-nails.de/wp-content/themes/woodmart/css/parts/woo-shop-opt-shop-ajax.minc30a.css]
[handkunst-nails.de/wp-content/themes/woodmart/css/parts/woo-shop-builder.minc30a.css]
[handkunst-nails.de/wp-content/themes/woodmart/css/parts/woo-opt-hide-larger-price.minc30a.css]
[handkunst-nails.de/wp-content/themes/woodmart/css/parts/woo-mod-shop-attributes.minc30a.css]
[handkunst-nails.de/wp-content/themes/woodmart-child/stylec30a.css]
[handkunst-nails.de/wp-content/uploads/2025/07/xts-header_916654-1752523907c30a.css]
[handkunst-nails.de/wp-content/themes/woodmart/fonts/woodmart-font-1-4008bf5.woff2]
[handkunst-nails.de/wp-content/uploads/2023/09/DearType-Galiano-Text.woff]
[handkunst-nails.de/wp-content/uploads/2025/02/xts-theme_settings_default-1739881909c30a.css]
[handkunst-nails.de/xmlrpc0db0.html]
[handkunst-nails.de/wp-content/themes/woodmart/css/parts/header-base.minc30a.css]
[handkunst-nails.de/wp-content/themes/woodmart/css/parts/mod-tools.minc30a.css]
[handkunst-nails.de/wp-content/themes/woodmart/css/parts/header-el-base.minc30a.css]
[handkunst-nails.de/wp-content/themes/woodmart/js/libs/isotope-bundle.minc30a.js]
[handkunst-nails.de/wp-content/themes/woodmart/js/scripts/global/masonryLayout.minc30a.js]
[handkunst-nails.de/kontakt/index.html]
[handkunst-nails.de/wp-content/themes/woodmart/css/parts/header-el-search.minc30a.css]
[handkunst-nails.de/wp-json/oembed/1.0/embedcb9c.json]
[handkunst-nails.de/wp-json/oembed/1.0/embedf5e2]
[handkunst-nails.de/wp-json/wp/v2/pages/9176.json]
[handkunst-nails.de/wp-content/uploads/2023/09/IMG_2939-scaled.jpg]
[handkunst-nails.de/wp-content/uploads/2023/09/IMG_2939-scaled-600x500.jpg]
[handkunst-nails.de/wp-content/uploads/2023/09/BA77ADE6-35DB-4089-ADF8-45642A171B88.jpg]
[handkunst-nails.de/wp-content/uploads/2023/09/BA77ADE6-35DB-4089-ADF8-45642A171B88-600x500.jpg]
[handkunst-nails.de/wp-content/uploads/2023/09/IMG_2430-scaled-e1693814393558.jpg]
[handkunst-nails.de/shop/index.html]
[handkunst-nails.de/wp-content/uploads/2023/09/IMG_2430-scaled-e1693814393558-600x500.jpg]
[handkunst-nails.de/wp-content/themes/woodmart/js/libs/photoswipe-bundle.minc30a.js]
[handkunst-nails.de/wp-content/themes/woodmart/js/scripts/global/photoswipeImages.minc30a.js]
[handkunst-nails.de/wp-content/themes/woodmart/js/scripts/global/callPhotoSwipe.minc30a.js]
[handkunst-nails.de/home-event-agency/index.html]
[handkunst-nails.de/product-category/gele/feed/index.html]
[handkunst-nails.de/wp-json/wp/v2/product_cat/49.json]
[handkunst-nails.de/wp-content/uploads/2025/02/base1-scaled-e1739343089252-800x500.jpg]
[handkunst-nails.de/wp-content/uploads/2025/02/IMG_4010-scaled-800x500.jpg]
[handkunst-nails.de/product-category/gele/page/2/index.html]
[handkunst-nails.de/wp-content/uploads/2025/02/pink-1-scaled-800x500.jpg]
[handkunst-nails.de/wp-content/uploads/2025/02/IMG_3266-scaled-e1739343108403-800x500.jpg]
[handkunst-nails.de/product-category/gele/make-up-uni/index.html]
[handkunst-nails.de/wp-content/uploads/2025/02/IMG_3890-scaled-800x500.jpg]
[handkunst-nails.de/wp-content/uploads/2024/06/topGeleMenue-scaled-800x500.jpg]
[handkunst-nails.de/product-category/gele/index.html]
[handkunst-nails.de/product-category/gele/frenchgele/index.html]
[handkunst-nails.de/product-category/fluessigkeiten/feed/index.html]
[handkunst-nails.de/product-category/gele/buildergele-in-der-flasche/index.html]
[handkunst-nails.de/product-category/top-gele/index.html]
[handkunst-nails.de/wp-json/wp/v2/product_cat/42.json]
[handkunst-nails.de/wp-content/uploads/2024/06/kandinsky-download-1718028093795-1-1-430x287.jpg]
[handkunst-nails.de/shop/fluessigkeiten/cleaner/index.html]
[handkunst-nails.de/wp-content/uploads/2024/06/ultrabond-430x287.jpg]
[handkunst-nails.de/wp-content/uploads/2024/06/fluessigkeiten.menue1_-430x287.jpg]
[handkunst-nails.de/shop/fluessigkeiten/ultrabond/index.html]
[handkunst-nails.de/shop/fluessigkeiten/primer/index.html]
[handkunst-nails.de/wp-content/uploads/2024/06/primer-430x287.jpg]
[handkunst-nails.de/wp-content/uploads/2024/06/dehydrator-430x287.jpg]
[handkunst-nails.de/product-category/fluessigkeiten/index.html]
[handkunst-nails.de/shop/fluessigkeiten/dehydrator/index.html]
[handkunst-nails.de/product-category/instrumente/page/2/index.html]
[handkunst-nails.de/product-category/instrumente/feed/index.html]
[handkunst-nails.de/wp-json/wp/v2/product_cat/128.json]
[handkunst-nails.de/wp-content/uploads/2025/03/grob-scaled-800x500.jpg]
[handkunst-nails.de/wp-content/uploads/2024/06/IMG_3314-scaled-800x500.jpg]
[handkunst-nails.de/wp-content/uploads/2024/06/pinsel.menue_-scaled-800x500.jpg]
[handkunst-nails.de/product-category/instrumente/kappen/index.html]
[handkunst-nails.de/wp-content/uploads/2024/06/puscher31-scaled-800x500.jpg]
[handkunst-nails.de/wp-content/uploads/2024/06/schere-scaled-800x500.jpg]
[handkunst-nails.de/product-category/instrumente/schere/index.html]
[handkunst-nails.de/wp-content/uploads/2024/06/zange2-scaled-800x500.jpg]
[handkunst-nails.de/product-category/instrumente/pinsel/index.html]
[handkunst-nails.de/product-category/instrumente/puscher/index.html]
[handkunst-nails.de/wp-content/themes/woodmart/js/scripts/wc/shopMasonry.minc30a.js]
[handkunst-nails.de/product-category/instrumente/index.html]
[handkunst-nails.de/product-category/instrumente/zange/index.html]
[handkunst-nails.de/wp-json/wp/v2/product_cat/85.json]
[handkunst-nails.de/product-category/farbgele/feed/index.html]
[handkunst-nails.de/wp-content/uploads/2024/06/Black-Cherry-1-430x764.jpg]
[handkunst-nails.de/shop/farbgele/farbgele-black-cherry/index.html]
[handkunst-nails.de/wp-content/uploads/2024/08/black.cherry-430x287.jpg]
[handkunst-nails.de/wp-content/uploads/2024/06/Rot-lila-430x765.jpg]
[handkunst-nails.de/wp-content/uploads/2024/08/rot.lila_-430x344.jpg]
[handkunst-nails.de/wp-content/uploads/2024/06/Tuerkis-1-430x764.jpg]
[handkunst-nails.de/wp-content/uploads/2024/08/tuerkis-430x287.jpg]
[handkunst-nails.de/shop/farbgele/farbgele-rot-lila/index.html]
[handkunst-nails.de/wp-content/uploads/2024/06/Magenta-1-430x765.jpg]
[handkunst-nails.de/shop/farbgele/farbgele-tuerkis/index.html]
[handkunst-nails.de/wp-content/uploads/2024/08/magenta-430x287.jpg]
[handkunst-nails.de/wp-content/uploads/2024/06/Gold-1-430x765.jpg]
[handkunst-nails.de/shop/farbgele/farbgele-magenta/index.html]
[handkunst-nails.de/wp-content/uploads/2024/08/gold-430x287.jpg]
[handkunst-nails.de/wp-content/uploads/2024/06/Lila-1-430x764.jpg]
[handkunst-nails.de/shop/farbgele/farbgele-gold/index.html]
[handkunst-nails.de/shop/farbgele/farbgele-lila/index.html]
[handkunst-nails.de/wp-content/uploads/2024/08/lila-430x287.jpg]
[handkunst-nails.de/wp-content/uploads/2024/06/Pearl-1-430x764.jpg]
[handkunst-nails.de/wp-content/uploads/2024/08/pearl-430x287.jpg]
[handkunst-nails.de/wp-content/uploads/2024/06/Schimmer-1-430x764.jpg]
[handkunst-nails.de/shop/farbgele/farbgele-pearl/index.html]
[handkunst-nails.de/wp-content/uploads/2024/08/schimmer-430x287.jpg]
[handkunst-nails.de/wp-content/uploads/2024/06/Gelb-1-430x765.jpg]
[handkunst-nails.de/wp-content/uploads/2024/08/gelb-430x287.jpg]
[handkunst-nails.de/wp-content/uploads/2024/06/Rot-1-430x764.jpg]
[handkunst-nails.de/shop/farbgele/farbgele-schimmer/index.html]
[handkunst-nails.de/shop/farbgele/farbgele-gelb/index.html]
[handkunst-nails.de/shop/farbgele/farbgele-rot/index.html]
[handkunst-nails.de/wp-content/uploads/2024/08/rot-430x287.jpg]
[handkunst-nails.de/wp-content/uploads/2024/06/Rot-neutral-430x765.jpg]
[handkunst-nails.de/shop/farbgele/farbgele-rot-neutral/index.html]
[handkunst-nails.de/wp-content/uploads/2024/08/rot.neutral-430x287.jpg]
[handkunst-nails.de/wp-content/uploads/2024/06/Blau-1-430x764.jpg]
[handkunst-nails.de/wp-content/uploads/2024/08/blau-430x287.jpg]
[handkunst-nails.de/wp-content/uploads/2024/06/Neonrot-430x764.jpg]
[handkunst-nails.de/wp-content/uploads/2024/08/neon.rot_-430x287.jpg]
[handkunst-nails.de/shop/farbgele/farbgele-blau/index.html]
[handkunst-nails.de/wp-content/uploads/2024/06/Neongruen-1-430x764.jpg]
[handkunst-nails.de/shop/farbgele/farbgele-neon-rot/index.html]
[handkunst-nails.de/wp-content/uploads/2024/08/neongruen-430x287.jpg]
[handkunst-nails.de/wp-content/uploads/2024/06/Neongelb-430x764.jpg]
[handkunst-nails.de/shop/farbgele/farbgele-neon-gruen/index.html]
[handkunst-nails.de/wp-content/uploads/2024/08/neon.gelb_-430x287.jpg]
[handkunst-nails.de/wp-content/uploads/2024/06/Neonpink-430x764.jpg]
[handkunst-nails.de/wp-content/uploads/2024/08/neon.pink_-430x287.jpg]
[handkunst-nails.de/shop/farbgele/farbgele-neon-gelb/index.html]
[handkunst-nails.de/wp-content/uploads/2024/07/Silbergrob-430x764.1db.delayed]
[handkunst-nails.de/shop/farbgele/farbgele-neon-pink/index.html]
[handkunst-nails.de/wp-content/uploads/2024/08/silber.grob_-430x287.jpg]
[handkunst-nails.de/shop/farbgele/farbgele-silber-grob/index.html]
[handkunst-nails.de/wp-content/uploads/2024/06/Silberfine1-430x765.jpg]
[handkunst-nails.de/wp-content/uploads/2024/08/silber.fein_-430x287.jpg]
[handkunst-nails.de/wp-content/uploads/2024/06/Prosecco-1-430x765.jpg]
[handkunst-nails.de/shop/farbgele/farbgele-silber-fein/index.html]
[handkunst-nails.de/wp-content/uploads/2024/08/prosecco-430x287.jpg]
[handkunst-nails.de/wp-content/uploads/2024/06/BlackFoil-430x764.jpg]
[handkunst-nails.de/shop/farbgele/farbgele-prosecco/index.html]
[handkunst-nails.de/wp-content/uploads/2024/08/black.foil_-430x287.jpg]
[handkunst-nails.de/wp-content/uploads/2024/06/Black-1-430x765.jpg]
[handkunst-nails.de/shop/farbgele/farbgele-black-foil/index.html]
[handkunst-nails.de/wp-content/uploads/2024/08/black-430x287.jpg]
[handkunst-nails.de/product-category/farbgele/index.html]
[handkunst-nails.de/product-category/schulungen/index.html]
[handkunst-nails.de/wp-json/wp/v2/product_cat/33.json]
[handkunst-nails.de/shop/farbgele/farbgele-black/index.html]
[handkunst-nails.de/wp-content/uploads/2025/02/gutschein-2-430x430.jpg]
[handkunst-nails.de/product-category/gutscheine/index.html]
[handkunst-nails.de/product-category/gutscheine/feed/index.html]
[handkunst-nails.de/wp-content/themes/woodmart/css/parts/header-el-cart-side.minc30a.css]
[handkunst-nails.de/shop/gutscheine/gutscheine/index.html]
[handkunst-nails.de/wp-content/themes/woodmart/css/parts/header-el-cart.minc30a.css]
[handkunst-nails.de/shop/gutscheine/gutschein-50e/index.html]
[handkunst-nails.de/wp-content/themes/woodmart/css/parts/woo-widget-shopping-cart.minc30a.css]
[handkunst-nails.de/shop/gutscheine/gutschein-75e/index.html]
[handkunst-nails.de/shop/gutscheine/gutschein-100e/index.html]
[handkunst-nails.de/wp-json/oembed/1.0/embed67d6.json]
[handkunst-nails.de/wp-json/oembed/1.0/embed3287]
[handkunst-nails.de/wp-content/plugins/woocommerce/assets/js/frontend/country-select.minf607.js]
[handkunst-nails.de/wp-content/plugins/woocommerce/assets/js/frontend/address-i18n.minf607.js]
[handkunst-nails.de/wp-content/plugins/woocommerce/assets/js/frontend/cart.minf607.js]
[handkunst-nails.de/wp-content/plugins/woocommerce/assets/js/selectWoo/selectWoo.full.min934d.js]
[handkunst-nails.de/wp-json/wp/v2/pages/9.json]
[handkunst-nails.de/wp-content/plugins/klarna-payments-for-woocommerce/dependencies/krokedil/klarna-onsite-messaging/src/assets/js/klarna-onsite-messaging001e.js]
[handkunst-nails.de/wp-content/plugins/klarna-payments-for-woocommerce/assets/js/klarna-interoperability-token1c9b.js]
[handkunst-nails.de/wp-content/plugins/woocommerce-paypal-payments/modules/ppcp-button/assets/js/buttond617.js]
[handkunst-nails.de/wp-includes/js/dist/vendor/react.mine1ab.js]
[handkunst-nails.de/wp-includes/js/dist/vendor/react-dom.mine1ab.js]
[handkunst-nails.de/wp-includes/js/dist/dom-ready.min5346.js]
[handkunst-nails.de/wp-includes/js/dist/vendor/wp-polyfill.min2c7c.js]
[handkunst-nails.de/wp-content/plugins/woocommerce-payments/dist/cart73a3.js]
[handkunst-nails.de/wp-content/plugins/woocommerce-paypal-payments/modules/ppcp-applepay/assets/js/bootd617.js]
[handkunst-nails.de/wp-content/plugins/woocommerce-paypal-payments/modules/ppcp-googlepay/assets/js/bootd617.js]
[handkunst-nails.de/wp-content/plugins/woocommerce-germanized/build/static/cart-voucherdebd.js]
[handkunst-nails.de/wp-content/themes/woodmart/js/scripts/wc/woocommerceWrappTable.minc30a.js]
[handkunst-nails.de/cart/index.html]
[handkunst-nails.de/wp-content/themes/woodmart/css/parts/header-el-my-account-dropdown.minc30a.css]
[handkunst-nails.de/wp-content/themes/woodmart/css/parts/woo-mod-login-form.minc30a.css]
[handkunst-nails.de/wp-content/themes/woodmart/css/parts/header-el-my-account.minc30a.css]
[handkunst-nails.de/wp-json/oembed/1.0/embed8c05.json]
[handkunst-nails.de/wp-json/oembed/1.0/embed3f0c]
[handkunst-nails.de/wp-content/plugins/woocommerce/assets/js/frontend/account-i18n.minf607.js]
[handkunst-nails.de/wp-json/wp/v2/pages/11.json]
[handkunst-nails.de/wp-content/themes/woodmart/js/scripts/wc/loginTabs.minc30a.js]
[handkunst-nails.de/my-account/index.html]
[handkunst-nails.de/my-account/index0ddc.html]
[handkunst-nails.de/wp-includes/js/zxcvbn-async.min5152.js]
[handkunst-nails.de/wp-content/plugins/woocommerce/assets/js/frontend/password-strength-meter.minf607.js]
[handkunst-nails.de/wp-content/plugins/woocommerce/assets/js/frontend/lost-password.minf607.js]
[handkunst-nails.de/my-account/lost-password/index.html]
[handkunst-nails.de/wp-content/themes/woodmart/css/parts/widget-nav-mega-menu.minc30a.css]
[handkunst-nails.de/wp-content/themes/woodmart/css/parts/el-section-title.minc30a.css]
[handkunst-nails.de/wp-content/themes/woodmart/css/parts/mod-highlighted-text.minc30a.css]
[handkunst-nails.de/wp-content/themes/woodmart/css/parts/el-info-box.minc30a.css]
[handkunst-nails.de/wp-content/themes/woodmart/css/parts/woo-shop-el-products-view.minc30a.css]
[handkunst-nails.de/index2510.html]
[handkunst-nails.de/indexcc7b.html]
[handkunst-nails.de/index475d.html]
[handkunst-nails.de/wp-content/themes/woodmart/css/parts/woo-shop-el-order-by.minc30a.css]
[handkunst-nails.de/wp-content/themes/woodmart/css/parts/mod-sticky-loader.minc30a.css]
[handkunst-nails.de/wp-content/themes/woodmart/css/parts/woo-product-loop.minc30a.css]
[handkunst-nails.de/wp-content/themes/woodmart/css/parts/woo-product-loop-standard.minc30a.css]
[handkunst-nails.de/wp-content/themes/woodmart/css/parts/woo-mod-add-btn-replace.minc30a.css]
[handkunst-nails.de/wp-content/themes/woodmart/css/parts/woo-categories-loop-old.minc30a.css]
[handkunst-nails.de/wp-content/themes/woodmart/css/parts/woo-opt-stretch-cont.minc30a.css]
[handkunst-nails.de/wp-json/oembed/1.0/embedf92b.json]
[handkunst-nails.de/wp-json/oembed/1.0/embeda1f0]
[handkunst-nails.de/wp-content/plugins/woocommerce/assets/js/zoom/jquery.zoom.minc932.js]
[handkunst-nails.de/wp-content/plugins/woocommerce/assets/js/frontend/single-product.minf607.js]
[handkunst-nails.de/wp-json/wp/v2/product/10957.json]
[handkunst-nails.de/wp-content/uploads/2025/03/blau.spitz_.255.delayed]
[handkunst-nails.de/wp-content/uploads/2025/03/blau.spitz_-700x467.jpg]
[handkunst-nails.de/wp-content/uploads/2024/08/puscher1-scaled-1-430x430.webp]
[handkunst-nails.de/wp-content/uploads/2024/06/puscher11-430x287.jpg]
[handkunst-nails.de/wp-content/uploads/2024/08/qadrat6-scaled-e1724239203619-430x332.webp]
[handkunst-nails.de/wp-content/uploads/2024/06/qadrat61-430x287.jpg]
[handkunst-nails.de/shop/instrumente/fraeserbits/blau-spitz/feed/index.html]
[handkunst-nails.de/wp-content/uploads/2024/06/decklel1-430x400.jpg]
[handkunst-nails.de/shop/instrumente/puscher/puscher-3/index.html]
[handkunst-nails.de/wp-content/uploads/2024/06/00weiss-430x287.jpg]
[handkunst-nails.de/shop/instrumente/pinsel/pinsel-quadrat-6/index.html]
[handkunst-nails.de/wp-content/uploads/2024/06/00.weiss_-430x287.25d.delayed]
[handkunst-nails.de/shop/instrumente/kappen/kappen-gr-1/index.html]
[handkunst-nails.de/wp-content/uploads/2024/06/oval4-scaled-e1724239074651-430x396.jpg]
[handkunst-nails.de/shop/instrumente/pinsel/pinsel-00-lang-weiss/index.html]
[handkunst-nails.de/wp-content/uploads/2024/06/oval4zoom-430x287.jpg]
[handkunst-nails.de/shop/instrumente/pinsel/pinsel-oval/index.html]
[handkunst-nails.de/wp-content/uploads/2024/06/schere-scaled-4-430x430.webp]
[handkunst-nails.de/wp-content/uploads/2024/06/schere1-430x287.jpg]
[handkunst-nails.de/wp-content/themes/woodmart/js/libs/sticky-kit.minc30a.js]
[handkunst-nails.de/shop/instrumente/schere/schere-stalex-expert-50-2/index.html]
[handkunst-nails.de/wp-content/themes/woodmart/js/scripts/wc/stickyDetails.minc30a.js]
[handkunst-nails.de/wp-content/themes/woodmart/js/scripts/wc/productImages.minc30a.js]
[handkunst-nails.de/wp-content/themes/woodmart/js/scripts/global/owlCarouselInit.minc30a.js]
[handkunst-nails.de/shop/instrumente/fraeserbits/blau-spitz/index.html]
[handkunst-nails.de/wp-content/themes/woodmart/css/parts/lib-magnific-popup.minc30a.css]
[handkunst-nails.de/wp-json/wp/v2/product_cat/140.json]
[handkunst-nails.de/wp-content/uploads/2024/06/mittel-430x287.jpg]
[handkunst-nails.de/wp-content/uploads/2024/06/fein-430x287.jpg]
[handkunst-nails.de/product-category/instrumente/fraeserbits/index.html]
[handkunst-nails.de/product-category/instrumente/fraeserbits/feed/index.html]
[handkunst-nails.de/index18e2.html]
[handkunst-nails.de/shop/instrumente/fraeserbits/dreieck/index.html]
[handkunst-nails.de/wp-json/oembed/1.0/embed01bb.json]
[handkunst-nails.de/shop/instrumente/fraeserbits/mais/index.html]
[handkunst-nails.de/wp-json/oembed/1.0/embed897e]
[handkunst-nails.de/wp-json/wp/v2/pages/9785.json]
[handkunst-nails.de/versandkosten/index.html]
[handkunst-nails.de/wp-json/oembed/1.0/embedc2d3.json]
[handkunst-nails.de/shop/instrumente/fraeserbits/rot-spitz/feed/index.html]
[handkunst-nails.de/wp-json/oembed/1.0/embed88da]
[handkunst-nails.de/wp-json/wp/v2/product/10956.json]
[handkunst-nails.de/wp-content/uploads/2025/03/rot.spitz_.jpg]
[handkunst-nails.de/wp-content/uploads/2025/03/rot.spitz_-700x467.jpg]
[handkunst-nails.de/wp-content/uploads/2024/08/puscher2-scaled-1-430x430.webp]
[handkunst-nails.de/wp-content/uploads/2024/06/puscher12-430x287.jpg]
[handkunst-nails.de/wp-content/uploads/2024/06/oval6-Kopie-scaled-e1724239118383-430x349.jpg]
[handkunst-nails.de/shop/instrumente/pinsel/pinsel-oval-6/index.html]
[handkunst-nails.de/wp-content/uploads/2024/06/oval61-430x287.jpg]
[handkunst-nails.de/wp-content/uploads/2024/06/deckel04-430x422.jpg]
[handkunst-nails.de/shop/instrumente/puscher/puscher-2/index.html]
[handkunst-nails.de/wp-content/uploads/2024/06/00.kurz_.orange1-430x287.jpg]
[handkunst-nails.de/shop/instrumente/kappen/kappen-gr-4/index.html]
[handkunst-nails.de/wp-content/uploads/2024/06/00.kurz_.orange-430x287.jpg]
[handkunst-nails.de/shop/instrumente/fraeserbits/rot-spitz/index.html]
[handkunst-nails.de/shop/instrumente/pinsel/pinsel-00-kurz-orange/index.html]
[handkunst-nails.de/index2e25.html]
[handkunst-nails.de/shop/instrumente/fraeserbits/blau-stumpf/feed/index.html]
[handkunst-nails.de/wp-json/oembed/1.0/embedf49b.json]
[handkunst-nails.de/wp-json/oembed/1.0/embedcf17]
[handkunst-nails.de/wp-json/wp/v2/product/10955.json]
[handkunst-nails.de/wp-content/uploads/2025/03/blau.stumpf.jpg]
[handkunst-nails.de/wp-content/uploads/2025/03/blau.stumpf-700x467.jpg]
[handkunst-nails.de/wp-content/uploads/2024/06/quadrat4-scaled-e1724239166764-430x329.jpg]
[handkunst-nails.de/wp-content/uploads/2024/06/quadrat4-1-430x358.jpg]
[handkunst-nails.de/wp-content/uploads/2024/06/20_0zoom-430x287.jpg]
[handkunst-nails.de/shop/instrumente/pinsel/pinsel-20-0/index.html]
[handkunst-nails.de/wp-content/uploads/2024/06/20_0-430x287.jpg]
[handkunst-nails.de/wp-content/uploads/2024/06/10_0kurz-430x287.jpg]
[handkunst-nails.de/shop/instrumente/pinsel/pinsel-quadrat-4/index.html]
[handkunst-nails.de/wp-content/uploads/2024/06/10_0kurzZoom-430x287.jpg]
[handkunst-nails.de/shop/instrumente/fraeserbits/blau-stumpf/index.html]
[handkunst-nails.de/shop/instrumente/pinsel/pinsel-10-0-kurz/index.html]
[handkunst-nails.de/index8c1f.html]
[handkunst-nails.de/wp-json/oembed/1.0/embed03e9.json]
[handkunst-nails.de/shop/instrumente/fraeserbits/rot-stumpf/feed/index.html]
[handkunst-nails.de/wp-json/oembed/1.0/embed8efb]
[handkunst-nails.de/wp-json/wp/v2/product/10950.json]
[handkunst-nails.de/wp-content/uploads/2025/03/rot.stumpf.jpg]
[handkunst-nails.de/wp-content/uploads/2025/03/rot.stumpf-700x530.jpg]
[handkunst-nails.de/wp-content/uploads/2024/06/deckel7-430x287.jpg]
[handkunst-nails.de/wp-content/uploads/2024/06/deckel05-430x421.jpg]
[handkunst-nails.de/wp-content/uploads/2024/06/3_0zoom-1-430x287.jpg]
[handkunst-nails.de/shop/instrumente/kappen/kappen-gr-7/index.html]
[handkunst-nails.de/wp-content/uploads/2024/06/3_0-430x287.jpg]
[handkunst-nails.de/shop/instrumente/fraeserbits/rot-stumpf/index.html]
[handkunst-nails.de/shop/instrumente/kappen/kappen-gr-05/index.html]
[handkunst-nails.de/index096f.html]
[handkunst-nails.de/shop/instrumente/pinsel/pinsel-3-0/index.html]
[handkunst-nails.de/wp-json/oembed/1.0/embed40c4.json]
[handkunst-nails.de/shop/instrumente/fraeserbits/grob/feed/index.html]
[handkunst-nails.de/wp-json/oembed/1.0/embedef26]
[handkunst-nails.de/wp-json/wp/v2/product/10948.json]
[handkunst-nails.de/wp-content/uploads/2025/03/grob-scaled.jpg]
[handkunst-nails.de/wp-content/uploads/2025/03/grob-700x467.jpg]
[handkunst-nails.de/wp-content/uploads/2024/08/puscher3-scaled-1-430x430.webp]
[handkunst-nails.de/wp-content/uploads/2024/06/puscher32-430x287.jpg]
[handkunst-nails.de/shop/instrumente/puscher/puscher-4/index.html]
[handkunst-nails.de/wp-content/uploads/2024/06/10_0lang1-430x287.jpg]
[handkunst-nails.de/wp-content/uploads/2024/06/10_0-1-430x287.jpg]
[handkunst-nails.de/shop/instrumente/fraeserbits/grob/index.html]
[handkunst-nails.de/indexea8f.html]
[handkunst-nails.de/shop/instrumente/pinsel/pinsel-10-0-lang/index.html]
[handkunst-nails.de/wp-json/oembed/1.0/embed23af.json]
[handkunst-nails.de/shop/gele/aufbaugele/fieberglasgele/fiberglasgel-almond/feed/index.html]
[handkunst-nails.de/wp-json/oembed/1.0/embed1f13]
[handkunst-nails.de/wp-json/wp/v2/product/10875.json]
[handkunst-nails.de/wp-content/uploads/2025/02/almond.jpg]
[handkunst-nails.de/wp-content/uploads/2025/02/almond-700x700.jpg]
[handkunst-nails.de/wp-content/uploads/2025/02/IMG_4203.jpg]
[handkunst-nails.de/wp-content/uploads/2025/02/IMG_4203-700x756.jpg]
[handkunst-nails.de/wp-content/uploads/2025/02/fibergele11-Kopie.jpg]
[handkunst-nails.de/shop/gele/aufbaugele/fieberglasgele/fiberglasgel-almond/index.html]
[handkunst-nails.de/product-category/gele/aufbaugele/fieberglasgele/index.html]
[handkunst-nails.de/indexd356.html]
[handkunst-nails.de/shop/gele/aufbaugele/fieberglasgele/fiberglasgel-vintage/index.html]
[handkunst-nails.de/indexf49f.html]
[handkunst-nails.de/shop/gele/aufbaugele/fieberglasgele/fiberglasgel-milky-pink/index.html]
[handkunst-nails.de/index6f02.html]
[handkunst-nails.de/shop/gele/aufbaugele/fieberglasgele/fiberglasgel-nude/index.html]
[handkunst-nails.de/index95e5.html]
[handkunst-nails.de/shop/gele/aufbaugele/fieberglasgele/fiberglasgel-ivory/index.html]
[handkunst-nails.de/index0c8a.html]
[handkunst-nails.de/shop/gele/aufbaugele/fieberglasgele/fiberglasgel-sandy-rose/index.html]
[handkunst-nails.de/indexdfc8.html]
[handkunst-nails.de/shop/gele/aufbaugele/fieberglasgele/fiberglasgel-pastel-pink/index.html]
[handkunst-nails.de/index39ff.html]
[handkunst-nails.de/shop/gele/aufbaugele/glitzergele/glitzergel-pamela/index.html]
[handkunst-nails.de/product-category/gele/aufbaugele/glitzergele/index.html]
[handkunst-nails.de/indexb6f5.html]
[handkunst-nails.de/shop/gele/aufbaugele/glitzergele/glitzergel-lola/index.html]
[handkunst-nails.de/indexb71e.html]
[handkunst-nails.de/shop/gele/aufbaugele/glitzergele/glitzergel-belle/index.html]
[handkunst-nails.de/indexfc01.html]
[handkunst-nails.de/shop/gele/aufbaugele/glitzergele/glitzergel-leonie/index.html]
[handkunst-nails.de/index88f6.html]
[handkunst-nails.de/shop/gele/aufbaugele/glitzergele/glitzergel-elsa/index.html]
[handkunst-nails.de/indexcc5f.html]
[handkunst-nails.de/shop/gele/aufbaugele/glitzergele/glitzergel-sophia/index.html]
[handkunst-nails.de/index0b12.html]
[handkunst-nails.de/shop/gele/aufbaugele/glitzergele/glitzergel-daria/index.html]
[handkunst-nails.de/index14f1.html]
[handkunst-nails.de/shop/gele/aufbaugele/glitzergele/glitzergel-olga/index.html]
[handkunst-nails.de/indexbe0c.html]
[handkunst-nails.de/shop/gele/aufbaugele/glitzergele/glitzergel-lena/index.html]
[handkunst-nails.de/index5da3.html]
[handkunst-nails.de/shop/gele/aufbaugele/glitzergele/glitzergel-anna/index.html]
[handkunst-nails.de/index103f.html]
[handkunst-nails.de/shop/gele/aufbaugele/aufbaugele-aufbaugele/aufbaugel-klar/index.html]
[handkunst-nails.de/product-category/gele/aufbaugele/index.html]
[handkunst-nails.de/product-category/gele/aufbaugele/aufbaugele-aufbaugele/index.html]
[handkunst-nails.de/shop/gele/base-gele/rubber-base/index.html]
[handkunst-nails.de/product-category/gele/base-gele/index.html]
[handkunst-nails.de/index2e7e.html]
[handkunst-nails.de/wp-content/themes/woodmart/css/parts/mod-load-more-button.minc30a.css]
[handkunst-nails.de/page/2/index.html]
[handkunst-nails.de/wp-content/themes/woodmart/css/parts/opt-widget-collapse.minc30a.css]
[handkunst-nails.de/wp-content/themes/woodmart/css/parts/footer-base.minc30a.css]
[handkunst-nails.de/wp-content/themes/woodmart/css/parts/el-list.minc30a.css]
[handkunst-nails.de/kundeninformationen/index.html]
[handkunst-nails.de/zahlungsmoglichkeiten/index.html]
[handkunst-nails.de/wp-content/themes/woodmart/css/parts/int-mc4wp.minc30a.css]
[handkunst-nails.de/impressum/index.html]
[handkunst-nails.de/datenschutzerklarung/index.html]
[handkunst-nails.de/widerrufsrecht/index.html]
[handkunst-nails.de/agbs/index.html]
[handkunst-nails.de/wp-content/themes/woodmart/css/parts/el-text-block.minc30a.css]
[handkunst-nails.de/wp-content/themes/woodmart/css/parts/opt-scrolltotop.minc30a.css]
[handkunst-nails.de/wp-content/themes/woodmart/css/parts/wd-search-form.minc30a.css]
[handkunst-nails.de/studio/index.html]
[handkunst-nails.de/nails-academy/index.html]
[handkunst-nails.de/uber-uns/index.html]
[handkunst-nails.de/wp-content/themes/woodmart/css/parts/opt-cookies.minc30a.css]
[handkunst-nails.de/wp-content/themes/woodmart/css/parts/header-el-search-fullscreen-general.minc30a.css]
[handkunst-nails.de/wp-content/themes/woodmart/css/parts/header-el-search-fullscreen-1.minc30a.css]
[handkunst-nails.de/wp-content/plugins/woocommerce/assets/client/blocks/wc-blocks5210.css]
[handkunst-nails.de/wp-content/plugins/js_composer/assets/lib/vendor/dist/@fortawesome/fontawesome-free/css/v4-shims.min9b80.css]
[handkunst-nails.de/wp-content/plugins/js_composer/assets/lib/vendor/dist/@fortawesome/fontawesome-free/css/all.min9b80.css]
[handkunst-nails.de/wp-content/themes/woodmart/inc/admin/assets/images/calend-d.svg]
[handkunst-nails.de/wp-content/themes/woodmart/inc/admin/assets/images/calend-l.svg]
[handkunst-nails.de/wp-content/plugins/js_composer/assets/fonts/vc_icons/fonts/vcpb-plugin-iconsc481.svg]
[handkunst-nails.de/wp-content/plugins/js_composer/assets/vc/blur.svg]
[handkunst-nails.de/wp-content/plugins/js_composer/assets/fonts/vc_grid/vc_grid_v157a1.svg]
[handkunst-nails.de/wp-content/themes/woodmart/css/parts/blog-base.minc30a.css]
[handkunst-nails.de/wp-content/themes/woodmart/css/parts/blog-loop-base-old.minc30a.css]
[handkunst-nails.de/wp-content/themes/woodmart/css/parts/blog-loop-design-masonry.minc30a.css]
[handkunst-nails.de/wp-content/uploads/2024/11/xts-header_651488-1732625337c30a.css]
[handkunst-nails.de/wp-content/themes/woodmart/css/parts/lib-photoswipe.minc30a.css]
[handkunst-nails.de/wp-content/themes/woodmart/css/parts/el-gallery.minc30a.css]
[handkunst-nails.de/index2ee3.html]
[handkunst-nails.de/shop/index.html]
[handkunst-nails.de/product-category/gele/page/2/index.html]
[handkunst-nails.de/product-category/gele/buildergele-in-der-flasche/index.html]
[handkunst-nails.de/product-category/gele/frenchgele/index.html]
[handkunst-nails.de/product-category/gele/make-up-uni/index.html]
[handkunst-nails.de/product-category/top-gele/index.html]
[handkunst-nails.de/wp-content/themes/woodmart/css/parts/woo-mod-product-labels.minc30a.css]
[handkunst-nails.de/wp-content/themes/woodmart/css/parts/woo-mod-product-labels-round.minc30a.css]
[handkunst-nails.de/product-category/fluessigkeiten/index2510.html]
[handkunst-nails.de/product-category/fluessigkeiten/indexcc7b.html]
[handkunst-nails.de/product-category/fluessigkeiten/index475d.html]
[handkunst-nails.de/shop/fluessigkeiten/cleaner/index.html]
[handkunst-nails.de/shop/fluessigkeiten/ultrabond/index.html]
[handkunst-nails.de/product-category/fluessigkeiten/index069f.html]
[handkunst-nails.de/shop/fluessigkeiten/primer/index.html]
[handkunst-nails.de/product-category/fluessigkeiten/index80b0.html]
[handkunst-nails.de/shop/fluessigkeiten/dehydrator/index.html]
[handkunst-nails.de/product-category/fluessigkeiten/index7e7e.html]
[handkunst-nails.de/product-category/instrumente/page/2/index.html]
[handkunst-nails.de/wp-content/themes/woodmart/css/parts/woo-categories-loop-layout-masonry.minc30a.css]
[handkunst-nails.de/product-category/instrumente/kappen/index.html]
[handkunst-nails.de/product-category/instrumente/pinsel/index.html]
[handkunst-nails.de/product-category/instrumente/puscher/index.html]
[handkunst-nails.de/product-category/instrumente/schere/index.html]
[handkunst-nails.de/product-category/instrumente/zange/index.html]
[handkunst-nails.de/product-category/farbgele/index2510.html]
[handkunst-nails.de/product-category/farbgele/indexcc7b.html]
[handkunst-nails.de/product-category/farbgele/index475d.html]
[handkunst-nails.de/shop/farbgele/farbgele-black-cherry/index.html]
[handkunst-nails.de/product-category/farbgele/indexe000.html]
[handkunst-nails.de/shop/farbgele/farbgele-rot-lila/index.html]
[handkunst-nails.de/product-category/farbgele/index828a.html]
[handkunst-nails.de/shop/farbgele/farbgele-tuerkis/index.html]
[handkunst-nails.de/product-category/farbgele/indexf29e.html]
[handkunst-nails.de/shop/farbgele/farbgele-magenta/index.html]
[handkunst-nails.de/product-category/farbgele/indexb7a7.html]
[handkunst-nails.de/shop/farbgele/farbgele-gold/index.html]
[handkunst-nails.de/product-category/farbgele/index87cc.html]
[handkunst-nails.de/shop/farbgele/farbgele-lila/index.html]
[handkunst-nails.de/product-category/farbgele/index067f.html]
[handkunst-nails.de/shop/farbgele/farbgele-pearl/index.html]
[handkunst-nails.de/product-category/farbgele/index4222.html]
[handkunst-nails.de/shop/farbgele/farbgele-schimmer/index.html]
[handkunst-nails.de/product-category/farbgele/index9cc1.html]
[handkunst-nails.de/shop/farbgele/farbgele-gelb/index.html]
[handkunst-nails.de/product-category/farbgele/indexb58e.html]
[handkunst-nails.de/shop/farbgele/farbgele-rot/index.html]
[handkunst-nails.de/product-category/farbgele/indexd105.html]
[handkunst-nails.de/shop/farbgele/farbgele-rot-neutral/index.html]
[handkunst-nails.de/product-category/farbgele/index8829.html]
[handkunst-nails.de/shop/farbgele/farbgele-blau/index.html]
[handkunst-nails.de/product-category/farbgele/index8219.html]
[handkunst-nails.de/shop/farbgele/farbgele-neon-rot/index.html]
[handkunst-nails.de/product-category/farbgele/indexc8bf.html]
[handkunst-nails.de/shop/farbgele/farbgele-neon-gruen/index.html]
[handkunst-nails.de/product-category/farbgele/index0dd5.html]
[handkunst-nails.de/shop/farbgele/farbgele-neon-gelb/index.html]
[handkunst-nails.de/product-category/farbgele/index2524.html]
[handkunst-nails.de/shop/farbgele/farbgele-neon-pink/index.html]
[handkunst-nails.de/product-category/farbgele/index5707.html]
[handkunst-nails.de/shop/farbgele/farbgele-silber-grob/index.html]
[handkunst-nails.de/product-category/farbgele/index828d.html]
[handkunst-nails.de/shop/farbgele/farbgele-silber-fein/index.html]
[handkunst-nails.de/product-category/farbgele/index3117.html]
[handkunst-nails.de/shop/farbgele/farbgele-prosecco/index.html]
[handkunst-nails.de/product-category/farbgele/indexc04b.html]
[handkunst-nails.de/shop/farbgele/farbgele-black-foil/index.html]
[handkunst-nails.de/product-category/farbgele/index959f.html]
[handkunst-nails.de/shop/farbgele/farbgele-black/index.html]
[handkunst-nails.de/product-category/farbgele/indexb827.html]
[handkunst-nails.de/product-category/gutscheine/index2510.html]
[handkunst-nails.de/product-category/gutscheine/indexcc7b.html]
[handkunst-nails.de/product-category/gutscheine/index475d.html]
[handkunst-nails.de/shop/gutscheine/gutscheine/index.html]
[handkunst-nails.de/product-category/gutscheine/index5a90.html]
[handkunst-nails.de/shop/gutscheine/gutschein-50e/index.html]
[handkunst-nails.de/product-category/gutscheine/indexb0f3.html]
[handkunst-nails.de/shop/gutscheine/gutschein-75e/index.html]
[handkunst-nails.de/product-category/gutscheine/index355b.html]
[handkunst-nails.de/shop/gutscheine/gutschein-100e/index.html]
[handkunst-nails.de/product-category/gutscheine/indexdd69.html]
[handkunst-nails.de/wp-content/plugins/woocommerce/assets/css/select2f607.css]
[handkunst-nails.de/wp-content/plugins/woocommerce-paypal-payments/modules/ppcp-button/assets/css/gatewayd617.css]
[handkunst-nails.de/wp-content/plugins/woocommerce-paypal-payments/modules/ppcp-applepay/assets/css/stylesd617.css]
[handkunst-nails.de/wp-content/plugins/woocommerce-paypal-payments/modules/ppcp-googlepay/assets/css/stylesd617.css]
[handkunst-nails.de/wp-content/themes/woodmart/css/parts/int-woo-stripe.minc30a.css]
[handkunst-nails.de/wp-content/themes/woodmart/css/parts/woo-lib-select2.minc30a.css]
[handkunst-nails.de/wp-content/themes/woodmart/css/parts/woo-mod-shop-table.minc30a.css]
[handkunst-nails.de/wp-content/themes/woodmart/css/parts/woo-page-cart.minc30a.css]
[handkunst-nails.de/wp-content/themes/woodmart/css/parts/woo-page-cart-predefined.minc30a.css]
[handkunst-nails.de/wp-content/themes/woodmart/css/parts/woo-mod-quantity.minc30a.css]
[handkunst-nails.de/wp-content/themes/woodmart/css/parts/woo-opt-fbt-cart.minc30a.css]
[handkunst-nails.de/wp-content/themes/woodmart/css/parts/woo-page-empty-page.minc30a.css]
[handkunst-nails.de/indexb5fb.html]
[handkunst-nails.de/wp-content/plugins/woocommerce-payments/dist/blocks-checkout73a3.css]
[handkunst-nails.de/wp-content/themes/woodmart/css/parts/woo-mod-grid.minc30a.css]
[handkunst-nails.de/wp-content/themes/woodmart/css/parts/woo-page-checkout-el-payment-methods.minc30a.css]
[handkunst-nails.de/wp-content/themes/woodmart/css/parts/woo-mod-order-details.minc30a.css]
[handkunst-nails.de/wp-content/themes/woodmart/css/parts/woo-page-my-account.minc30a.css]
[handkunst-nails.de/wp-content/themes/woodmart/css/parts/woo-page-login-register.minc30a.css]
[handkunst-nails.de/index5757.html]
[handkunst-nails.de/wp-content/themes/woodmart/css/parts/woo-page-lost-password.minc30a.css]
[handkunst-nails.de/index4d2b.html]
[handkunst-nails.de/indexd39b.html]
[handkunst-nails.de/indexd5ec.html]
[handkunst-nails.de/index663d.html]
[handkunst-nails.de/index40bb.html]
[handkunst-nails.de/index787e.html]
[handkunst-nails.de/index22cc.html]
[handkunst-nails.de/index4f7c.html]
[handkunst-nails.de/index5f6d.html]
[handkunst-nails.de/index2b63.html]
[handkunst-nails.de/indexc1ac.html]
[handkunst-nails.de/indexd832.html]
[handkunst-nails.de/indexad43.html]
[handkunst-nails.de/indexf679.html]
[handkunst-nails.de/index1f94.html]
[handkunst-nails.de/indexb15c.html]
[handkunst-nails.de/indexca86.html]
[handkunst-nails.de/index6cd1.html]
[handkunst-nails.de/index07cf.html]
[handkunst-nails.de/indexb275.html]
[handkunst-nails.de/index9e5c.html]
[handkunst-nails.de/index9939.html]
[handkunst-nails.de/index0824.html]
[handkunst-nails.de/page/2/index2510.html]
[handkunst-nails.de/index3fb3.html]
[handkunst-nails.de/index8206.html]
[handkunst-nails.de/indexe192.html]
[handkunst-nails.de/index6729.html]
[handkunst-nails.de/indexe916.html]
[handkunst-nails.de/indexfb76.html]
[handkunst-nails.de/indexba3e.html]
[handkunst-nails.de/indexf5b5.html]
[handkunst-nails.de/indexb6f3.html]
[handkunst-nails.de/indexb8fc.html]
[handkunst-nails.de/indexe019.html]
[handkunst-nails.de/index630e.html]
[handkunst-nails.de/index4480.html]
[handkunst-nails.de/index6a67.html]
[handkunst-nails.de/indexdb39.html]
[handkunst-nails.de/index13dd.html]
[handkunst-nails.de/index6870.html]
[handkunst-nails.de/index35ad.html]
[handkunst-nails.de/indexde00.html]
[handkunst-nails.de/indexa2a2.html]
[handkunst-nails.de/indexfc63.html]
[handkunst-nails.de/index87c1.html]
[handkunst-nails.de/indexf9b3.html]
[handkunst-nails.de/page/2/indexcc7b.html]
[handkunst-nails.de/indexe4ef.html]
[handkunst-nails.de/index6a22.html]
[handkunst-nails.de/index1996.html]
[handkunst-nails.de/index1d0f.html]
[handkunst-nails.de/index32a5.html]
[handkunst-nails.de/indexff6d.html]
[handkunst-nails.de/index17bc.html]
[handkunst-nails.de/indexcea4.html]
[handkunst-nails.de/index98ba.html]
[handkunst-nails.de/index221d.html]
[handkunst-nails.de/index927c.html]
[handkunst-nails.de/index2354.html]
[handkunst-nails.de/index5349.html]
[handkunst-nails.de/indexbfb1.html]
[handkunst-nails.de/index5123.html]
[handkunst-nails.de/indexc16b.html]
[handkunst-nails.de/index8dda.html]
[handkunst-nails.de/indexe8b9.html]
[handkunst-nails.de/indexf7fa.html]
[handkunst-nails.de/indexa285.html]
[handkunst-nails.de/indexe665.html]
[handkunst-nails.de/index4e78.html]
[handkunst-nails.de/index7311.html]
[handkunst-nails.de/page/2/index475d.html]
[handkunst-nails.de/wp-content/themes/woodmart/css/parts/woo-single-prod-el-base.minc30a.css]
[handkunst-nails.de/wp-content/themes/woodmart/css/parts/woo-mod-stock-status.minc30a.css]
[handkunst-nails.de/wp-content/themes/woodmart/css/parts/woo-single-prod-builder.minc30a.css]
[handkunst-nails.de/wp-content/themes/woodmart/css/parts/woo-single-prod-el-gallery.minc30a.css]
[handkunst-nails.de/wp-content/themes/woodmart/css/parts/woo-single-prod-el-gallery-opt-thumb-columns.minc30a.css]
[handkunst-nails.de/wp-content/themes/woodmart/css/parts/lib-owl-carousel.minc30a.css]
[handkunst-nails.de/wp-content/themes/woodmart/css/parts/woo-single-prod-el-reviews.minc30a.css]
[handkunst-nails.de/wp-content/themes/woodmart/css/parts/woo-single-prod-el-reviews-style-1.minc30a.css]
[handkunst-nails.de/wp-content/themes/woodmart/css/parts/mod-comments.minc30a.css]
[handkunst-nails.de/indexd827.html]
[handkunst-nails.de/shop/instrumente/fraeserbits/blau-spitz/index096f.html]
[handkunst-nails.de/shop/instrumente/fraeserbits/blau-spitz/indexea8f.html]
[handkunst-nails.de/shop/instrumente/puscher/puscher-3/index.html]
[handkunst-nails.de/shop/instrumente/fraeserbits/blau-spitz/indexbd44.html]
[handkunst-nails.de/shop/instrumente/pinsel/pinsel-quadrat-6/index.html]
[handkunst-nails.de/shop/instrumente/fraeserbits/blau-spitz/indexe9b4.html]
[handkunst-nails.de/shop/instrumente/kappen/kappen-gr-1/index.html]
[handkunst-nails.de/shop/instrumente/fraeserbits/blau-spitz/indexfd93.html]
[handkunst-nails.de/shop/instrumente/pinsel/pinsel-00-lang-weiss/index.html]
[handkunst-nails.de/shop/instrumente/fraeserbits/blau-spitz/index8764.html]
[handkunst-nails.de/shop/instrumente/pinsel/pinsel-oval/index.html]
[handkunst-nails.de/shop/instrumente/fraeserbits/blau-spitz/index03c3.html]
[handkunst-nails.de/shop/instrumente/schere/schere-stalex-expert-50-2/index.html]
[handkunst-nails.de/shop/instrumente/fraeserbits/blau-spitz/index40a6.html]
[handkunst-nails.de/product-category/instrumente/fraeserbits/index2510.html]
[handkunst-nails.de/product-category/instrumente/fraeserbits/indexcc7b.html]
[handkunst-nails.de/product-category/instrumente/fraeserbits/index475d.html]
[handkunst-nails.de/product-category/instrumente/fraeserbits/index18e2.html]
[handkunst-nails.de/product-category/instrumente/fraeserbits/index2e25.html]
[handkunst-nails.de/product-category/instrumente/fraeserbits/index8c1f.html]
[handkunst-nails.de/product-category/instrumente/fraeserbits/index096f.html]
[handkunst-nails.de/product-category/instrumente/fraeserbits/indexea8f.html]
[handkunst-nails.de/shop/instrumente/fraeserbits/dreieck/index.html]
[handkunst-nails.de/product-category/instrumente/fraeserbits/indexf81c.html]
[handkunst-nails.de/shop/instrumente/fraeserbits/mais/index.html]
[handkunst-nails.de/product-category/instrumente/fraeserbits/index4fa2.html]
[handkunst-nails.de/wp-content/themes/woodmart/css/parts/el-menu-price.minc30a.css]
[handkunst-nails.de/indexb807.html]
[handkunst-nails.de/index01f4.html]
[handkunst-nails.de/shop/instrumente/fraeserbits/rot-spitz/index096f.html]
[handkunst-nails.de/shop/instrumente/puscher/puscher-2/index.html]
[handkunst-nails.de/shop/instrumente/fraeserbits/rot-spitz/index1a44.html]
[handkunst-nails.de/shop/instrumente/pinsel/pinsel-oval-6/index.html]
[handkunst-nails.de/shop/instrumente/fraeserbits/rot-spitz/index62ed.html]
[handkunst-nails.de/shop/instrumente/kappen/kappen-gr-4/index.html]
[handkunst-nails.de/shop/instrumente/fraeserbits/rot-spitz/index04d4.html]
[handkunst-nails.de/shop/instrumente/fraeserbits/rot-spitz/index4fa2.html]
[handkunst-nails.de/shop/instrumente/fraeserbits/rot-spitz/index8764.html]
[handkunst-nails.de/shop/instrumente/pinsel/pinsel-00-kurz-orange/index.html]
[handkunst-nails.de/shop/instrumente/fraeserbits/rot-spitz/index68d5.html]
[handkunst-nails.de/index9185.html]
[handkunst-nails.de/shop/instrumente/fraeserbits/blau-stumpf/index18e2.html]
[handkunst-nails.de/shop/instrumente/fraeserbits/blau-stumpf/index096f.html]
[handkunst-nails.de/shop/instrumente/fraeserbits/blau-stumpf/index04d4.html]
[handkunst-nails.de/shop/instrumente/fraeserbits/blau-stumpf/index8764.html]
[handkunst-nails.de/shop/instrumente/pinsel/pinsel-quadrat-4/index.html]
[handkunst-nails.de/shop/instrumente/fraeserbits/blau-stumpf/index0b9f.html]
[handkunst-nails.de/shop/instrumente/pinsel/pinsel-20-0/index.html]
[handkunst-nails.de/shop/instrumente/fraeserbits/blau-stumpf/indexf4cb.html]
[handkunst-nails.de/shop/instrumente/pinsel/pinsel-10-0-kurz/index.html]
[handkunst-nails.de/shop/instrumente/fraeserbits/blau-stumpf/indexb4e2.html]
[handkunst-nails.de/shop/instrumente/fraeserbits/blau-stumpf/index40a6.html]
[handkunst-nails.de/indexa7a3.html]
[handkunst-nails.de/shop/instrumente/fraeserbits/rot-stumpf/index8c1f.html]
[handkunst-nails.de/shop/instrumente/fraeserbits/rot-stumpf/indexe9b4.html]
[handkunst-nails.de/shop/instrumente/kappen/kappen-gr-7/index.html]
[handkunst-nails.de/shop/instrumente/fraeserbits/rot-stumpf/indexf191.html]
[handkunst-nails.de/shop/instrumente/fraeserbits/rot-stumpf/index04d4.html]
[handkunst-nails.de/shop/instrumente/fraeserbits/rot-stumpf/indexf81c.html]
[handkunst-nails.de/shop/instrumente/kappen/kappen-gr-05/index.html]
[handkunst-nails.de/shop/instrumente/fraeserbits/rot-stumpf/indexf257.html]
[handkunst-nails.de/shop/instrumente/pinsel/pinsel-3-0/index.html]
[handkunst-nails.de/shop/instrumente/fraeserbits/rot-stumpf/index0587.html]
[handkunst-nails.de/shop/instrumente/fraeserbits/rot-stumpf/index40a6.html]
[handkunst-nails.de/indexc81d.html]
[handkunst-nails.de/shop/instrumente/fraeserbits/grob/index8c1f.html]
[handkunst-nails.de/shop/instrumente/puscher/puscher-4/index.html]
[handkunst-nails.de/shop/instrumente/fraeserbits/grob/indexcbbf.html]
[handkunst-nails.de/shop/instrumente/fraeserbits/grob/index62ed.html]
[handkunst-nails.de/shop/instrumente/fraeserbits/grob/indexf257.html]
[handkunst-nails.de/shop/instrumente/fraeserbits/grob/index8764.html]
[handkunst-nails.de/shop/instrumente/fraeserbits/grob/index0b9f.html]
[handkunst-nails.de/shop/instrumente/fraeserbits/grob/indexf4cb.html]
[handkunst-nails.de/shop/instrumente/pinsel/pinsel-10-0-lang/index.html]
[handkunst-nails.de/shop/instrumente/fraeserbits/grob/index7fd4.html]
[handkunst-nails.de/index0eb5.html]
