[www.kumpeltreff.info/index.html]
[backblue.gif]
[fade.gif]
[index.html]
[www.kumpeltreff.info/wp-content/uploads/2021/12/Knepper-Management-Favicon.png]
[www.kumpeltreff.info/feed/index.html]
[www.kumpeltreff.info/comments/feed/index.html]
[www.kumpeltreff.info/wp-json/oembed/1.0/embed5960.json]
[www.kumpeltreff.info/wp-json/oembed/1.0/embed4e17]
[www.kumpeltreff.info/wp-content/uploads/2022/02/Kumpeltreff-Background-Test-02.jpg]
[www.kumpeltreff.info/wp-content/litespeed/ucss/a16ef890b1f90582c8007b9f305cb480a7e7.css]
[i0.wp.com/www.kumpeltreff.info/wp-content/uploads/2021/12/Kumpeltreff-Logo-Header-5ba2.png]
[www.kumpeltreff.info/wp-json/wp/v2/pages/96.json]
[www.kumpeltreff.info/wp-json/index.html]
[www.kumpeltreff.info/xmlrpc0db0.php]
[www.kumpeltreff.info/wp-content/themes/Avada/includes/lib/assets/fonts/icomoon/awb-icons.woff]
[www.kumpeltreff.info/wp-content/themes/Avada/includes/lib/assets/fonts/fontawesome/webfonts/fa-brands-400.woff2]
[www.kumpeltreff.info/wp-content/themes/Avada/includes/lib/assets/fonts/fontawesome/webfonts/fa-regular-400.woff2]
[www.kumpeltreff.info/wp-content/themes/Avada/includes/lib/assets/fonts/fontawesome/webfonts/fa-solid-900.woff2]
[www.kumpeltreff.info/wp-content/uploads/fusion-icons/Kumpeltreff-v1.0/fonts/Kumpeltreffa49c.ttf]
[www.kumpeltreff.info/wp-content/uploads/trustindex-google-widgetbceb.css]
[i0.wp.com/www.kumpeltreff.info/wp-content/uploads/2024/05/IMG_5786-scaled5dbf.jpg]
[www.kumpeltreff.info/veranstaltungen/index.html]
[www.kumpeltreff.info/ueber-uns-knepper-management/index.html]
[www.kumpeltreff.info/der-kumpeltreff/index.html]
[i0.wp.com/www.kumpeltreff.info/wp-content/uploads/2024/06/2024-05-18-KT-NTag-101-scaled8ac0.jpg]
[www.kumpeltreff.info/speisen/index.html]
[www.kumpeltreff.info/cocktails/index.html]
[www.kumpeltreff.info/getraenke/index.html]
[www.kumpeltreff.info/jobs/index.html]
[www.kumpeltreff.info/kontaktformular/index.html]
[i0.wp.com/www.kumpeltreff.info/wp-content/uploads/2025/06/2025-04-25-Kumpeltreff-by-Knepper-Management-Ferien-vorbei49a2.jpg]
[www.kumpeltreff.info/anfahrt/index.html]
[www.kumpeltreff.info/author/admin/index.html]
[www.kumpeltreff.info/2024/11/21/abschluss-2024/index.html]
[i0.wp.com/www.kumpeltreff.info/wp-content/uploads/2025/06/2024-12-06-Kumpeltreff-by-Knepper-Management-Saisonende49a2.jpg]
[www.kumpeltreff.info/2024/09/30/tag-der-deutschen-einheit-geoeffnet/index.html]
[www.kumpeltreff.info/2024/06/11/sommerfest-flohmarkt-2024/index.html]
[www.kumpeltreff.info/2024/06/06/msm-kickt-fair/index.html]
[i0.wp.com/www.kumpeltreff.info/wp-content/uploads/2025/06/2025-05-30-Kumpeltreff-by-Knepper-Management-Tischkultur-Rueckblick-549a2.jpg]
[i0.wp.com/www.kumpeltreff.info/wp-content/uploads/2025/06/2025-04-11-Kumpeltreff-by-Knepper-Management-Eroeffnung-war-super-149a2.jpg]
[i0.wp.com/www.kumpeltreff.info/wp-content/uploads/2024/06/2024-05-03-Kumpeltreff-by-Knepper-Management-Mai-26bdb.jpg]
[i0.wp.com/www.kumpeltreff.info/wp-content/uploads/2025/06/2024-10-04-Kumpeltreff-by-Knepper-Management-Europafest-26bdb.jpg]
[i0.wp.com/www.kumpeltreff.info/wp-content/uploads/2025/06/2024-06-18-Kumpeltreff-by-Knepper-Management-Wattenscheider-Kulturnacht-249a2.jpg]
[i0.wp.com/www.kumpeltreff.info/wp-content/uploads/2025/06/2024-06-07-Kumpeltreff-by-Knepper-Management-WAT60749a2.jpg]
[i0.wp.com/www.kumpeltreff.info/wp-content/uploads/2025/06/2025-06-06-Kumpeltreff-by-Knepper-Management-Vatertag-Rueckblick-16bdb.jpg]
[i0.wp.com/www.kumpeltreff.info/wp-content/uploads/2024/06/2024-05-03-Kumpeltreff-by-Knepper-Management-Mai-16bdb.jpg]
[i0.wp.com/www.kumpeltreff.info/wp-content/uploads/2025/06/2025-05-09-Kumpeltreff-by-Knepper-Management-Vier-Pfoten49a2.jpg]
[i0.wp.com/www.kumpeltreff.info/wp-content/uploads/2024/06/2024-05-18-KT-NTag-159-scaledd9f7.jpg]
[i0.wp.com/www.kumpeltreff.info/wp-content/uploads/2025/06/2024-12-20-Kumpeltreff-by-Knepper-Management-Weihnachten49a2.jpg]
[i0.wp.com/www.kumpeltreff.info/wp-content/uploads/2025/06/2025-06-13-Kumpeltreff-by-Knepper-Management-Tanzen-zur-WAT-6086bdb.jpg]
[i0.wp.com/www.kumpeltreff.info/wp-content/uploads/2025/06/2025-06-06-Kumpeltreff-by-Knepper-Management-Vatertag-Rueckblick-36bdb.jpg]
[i0.wp.com/www.kumpeltreff.info/wp-content/uploads/2024/06/2024-05-18-KT-NTag-126-scaled8ac0.jpg]
[i0.wp.com/www.kumpeltreff.info/wp-content/uploads/2024/06/2024-05-03-Kumpeltreff-by-Knepper-Management-Mai-36bdb.jpg]
[i0.wp.com/www.kumpeltreff.info/wp-content/uploads/2025/06/2025-01-31-Kumpeltreff-by-Knepper-Management-weiter-kreativ49a2.jpg]
[i0.wp.com/www.kumpeltreff.info/wp-content/uploads/2025/06/2025-04-18-Kumpeltreff-by-Knepper-Management-Schoene-Ostern49a2.jpg]
[i0.wp.com/www.kumpeltreff.info/wp-content/uploads/2024/06/2024-05-31-Kumpeltreff-by-Knepper-Management-Familien6bdb.jpg]
[i0.wp.com/www.kumpeltreff.info/wp-content/uploads/2024/06/2024-04-19-Kumpeltreff-by-Knepper-Management-Erstes-Wochenende49a2.jpg]
[i0.wp.com/www.kumpeltreff.info/wp-content/uploads/2025/06/2025-05-16-Kumpeltreff-by-Knepper-Management-Fahrrad6bdb.jpg]
[i0.wp.com/www.kumpeltreff.info/wp-content/uploads/2025/06/2024-10-15-Kumpeltreff-by-Knepper-Management-3-Jahre-Kumpeltreff-249a2.jpg]
[i0.wp.com/www.kumpeltreff.info/wp-content/uploads/2025/06/2024-09-27-Kumpeltreff-by-Knepper-Management-Spielchen-11603.jpg]
[i0.wp.com/www.kumpeltreff.info/wp-content/uploads/2025/06/2025-02-07-Kumpeltreff-by-Knepper-Management-vorfreude49a2.jpg]
[i0.wp.com/www.kumpeltreff.info/wp-content/uploads/2025/06/2024-06-14-Kumpeltreff-by-Knepper-Management-EM49a2.jpg]
[i0.wp.com/www.kumpeltreff.info/wp-content/uploads/2024/06/2024-06-07-Kumpeltreff-by-Knepper-Management-WAT60749a2.jpg]
[i0.wp.com/www.kumpeltreff.info/wp-content/uploads/2024/06/2024-05-18-KT-NTag-040-scaled3c40.jpg]
[i0.wp.com/www.kumpeltreff.info/wp-content/uploads/2024/06/2024-05-18-KT-NTag-142-scaled8ac0.jpg]
[i0.wp.com/www.kumpeltreff.info/wp-content/uploads/2024/06/2024-05-18-KT-NTag-106-scaled8ac0.jpg]
[i0.wp.com/www.kumpeltreff.info/wp-content/uploads/2025/06/2024-09-20-Kumpeltreff-by-Knepper-Management-Gemeinsamkeit6bdb.jpg]
[i0.wp.com/www.kumpeltreff.info/wp-content/uploads/2025/06/2025-06-20-Kumpeltreff-by-Knepper-Management-Prost-und-schoenes-sonniges-Wochenende6bdb.jpg]
[i0.wp.com/www.kumpeltreff.info/wp-content/uploads/2024/06/2024-05-18-KT-NTag-044-scaled4d2e.jpg]
[i0.wp.com/www.kumpeltreff.info/wp-content/uploads/2024/05/IMG_5751-scaled6f3a.jpg]
[i0.wp.com/www.kumpeltreff.info/wp-content/uploads/2025/06/2024-09-13-Kumpeltreff-by-Knepper-Management-Danke49a2.jpg]
[i0.wp.com/www.kumpeltreff.info/wp-content/uploads/2024/06/2024-05-18-KT-NTag-073-scaled8ac0.jpg]
[i0.wp.com/www.kumpeltreff.info/wp-content/uploads/2024/06/2024-05-18-KT-NTag-144-scaled8ac0.jpg]
[i0.wp.com/www.kumpeltreff.info/wp-content/uploads/2025/06/2025-04-11-Kumpeltreff-by-Knepper-Management-Eroeffnung-war-super-249a2.jpg]
[i0.wp.com/www.kumpeltreff.info/wp-content/uploads/2024/06/2024-05-29-Kumpeltreff-by-Knepper-Management-Kuehlung3380.jpg]
[www.kumpeltreff.info/page/2/index.html]
[www.kumpeltreff.info/_https_/www.kumpeltreff.info/wp-content/uploads/2024/06/Sommerfest_und_flohmarkt_knepper_management_titelbanner5.jpg]
[www.kumpeltreff.info/wp-content/plugins/litespeed-cache/assets/js/instant_click.mine98d.js]
[stats.wp.com/e-202606.js]
[www.kumpeltreff.info/wp-admin/admin-ajax.php]
[www.kumpeltreff.info/wp-content/plugins/litespeed-cache/guest.vary.html]
[www.kumpeltreff.info/index.html]
[www.kumpeltreff.info/wp-content/litespeed/ucss/a16ef890b1f90582c8007b9f305cb480a7e7.css]
[www.kumpeltreff.info/wp-json/oembed/1.0/embed1214.json]
[www.kumpeltreff.info/wp-json/oembed/1.0/embed87c4]
[www.kumpeltreff.info/wp-content/litespeed/ucss/3f53e23772e629bbfb0ad6b4599fd451a7e7.css]
[www.kumpeltreff.info/wp-json/wp/v2/pages/482.json]
[www.kumpeltreff.info/veranstaltungen/index.html]
[www.kumpeltreff.info/wp-json/oembed/1.0/embedd527.json]
[www.kumpeltreff.info/veranstaltungen/page/2/index.html]
[www.kumpeltreff.info/wp-json/oembed/1.0/embedf443]
[www.kumpeltreff.info/wp-content/litespeed/ucss/46faa7e4382579b581277990ae9660cca7e7.css]
[i0.wp.com/www.kumpeltreff.info/wp-content/uploads/2022/02/Kumpeltreff-Knepper-Management-Logo-Gross4e3d.png]
[www.kumpeltreff.info/ueber-uns-knepper-management/index.html]
[www.kumpeltreff.info/wp-json/wp/v2/pages/377.json]
[www.kumpeltreff.info/wp-json/oembed/1.0/embedc7de.json]
[www.kumpeltreff.info/wp-json/oembed/1.0/embeda4ed]
[www.kumpeltreff.info/wp-content/litespeed/ucss/361c781160d728173cf74334fcaf6238a7e7.css]
[www.kumpeltreff.info/wp-json/wp/v2/pages/297.json]
[www.kumpeltreff.info/wp-content/plugins/fusion-builder/assets/images/masks/mask-17.svg]
[www.kumpeltreff.info/der-kumpeltreff/index.html]
[www.kumpeltreff.info/wp-json/oembed/1.0/embed7361.json]
[www.kumpeltreff.info/der-ausbau/index.html]
[www.kumpeltreff.info/wp-json/oembed/1.0/embedc938]
[www.kumpeltreff.info/wp-content/litespeed/ucss/e461cc08f8d857d06a4e396164581999a7e7.css]
[www.kumpeltreff.info/wp-json/wp/v2/pages/56.json]
[i0.wp.com/www.kumpeltreff.info/wp-content/uploads/2025/07/niederlande-1-scaledaeea.png]
[www.kumpeltreff.info/speisen/index.html]
[www.kumpeltreff.info/wp-json/oembed/1.0/embed8f21.json]
[www.kumpeltreff.info/wp-json/oembed/1.0/embed3249]
[www.kumpeltreff.info/wp-content/litespeed/ucss/d70496276be8b94352bd1a9488f50565a7e7.css]
[www.kumpeltreff.info/wp-json/wp/v2/pages/354.json]
[www.kumpeltreff.info/getraenke/index.html]
[www.kumpeltreff.info/wp-json/oembed/1.0/embed2c0e.json]
[www.kumpeltreff.info/wp-json/oembed/1.0/embede5b2]
[www.kumpeltreff.info/cocktails/index.html]
[www.kumpeltreff.info/wp-json/wp/v2/pages/356.json]
[www.kumpeltreff.info/wp-json/oembed/1.0/embed69ad.json]
[www.kumpeltreff.info/wp-json/oembed/1.0/embed2b73]
[www.kumpeltreff.info/wp-content/litespeed/ucss/504a56e8e34d9c765953d75b6b3f163da7e7.css]
[www.kumpeltreff.info/wp-json/wp/v2/pages/17.json]
[www.kumpeltreff.info/kontaktformular/index.html]
[www.kumpeltreff.info/wp-json/oembed/1.0/embedcddd.json]
[www.kumpeltreff.info/wp-json/oembed/1.0/embed47d0]
[www.kumpeltreff.info/wp-content/litespeed/ucss/3a647f3dc169119a7748eb0eca7e6080a7e7.css]
[www.kumpeltreff.info/anfahrt/index.html]
[www.kumpeltreff.info/wp-json/wp/v2/pages/52.json]
[www.kumpeltreff.info/wp-json/oembed/1.0/embed5136.json]
[www.kumpeltreff.info/wp-json/oembed/1.0/embed1b4c]
[www.kumpeltreff.info/wp-content/litespeed/ucss/8233318566fca64d0722af2110c055bea7e7.css]
[www.kumpeltreff.info/jobs/index.html]
[www.kumpeltreff.info/wp-json/wp/v2/pages/380.json]
[www.kumpeltreff.info/wp-content/litespeed/ucss/40ab4c174f5abb959ec5960f576e5e06a7e7.css]
[www.kumpeltreff.info/author/admin/feed/index.html]
[www.kumpeltreff.info/author/admin/index.html]
[www.kumpeltreff.info/wp-json/wp/v2/users/1.json]
[www.kumpeltreff.info/author/admin/page/2/index.html]
[www.kumpeltreff.info/2024/05/20/hollaendische-snacks/index.html]
[www.kumpeltreff.info/wp-json/oembed/1.0/embed5d43.json]
[www.kumpeltreff.info/2024/05/19/wattenscheider-kulturnacht-2024/index.html]
[www.kumpeltreff.info/2024/05/08/vaddatag/index.html]
[www.kumpeltreff.info/wp-json/oembed/1.0/embed1902]
[www.kumpeltreff.info/2024/05/01/sommeroeffnungszeiten/index.html]
[www.kumpeltreff.info/2024/04/25/die-kulinarische-schnitzeljagd-wir-sind-dabei/index.html]
[www.kumpeltreff.info/2024/05/06/feiertage-im-mai/index.html]
[www.kumpeltreff.info/2024/11/21/abschluss-2024/feed/index.html]
[www.kumpeltreff.info/wp-content/litespeed/ucss/11b627d83226a84dbacb24fdb4e5c211a7e7.css]
[www.kumpeltreff.info/wp-json/wp/v2/posts/1087.json]
[www.kumpeltreff.info/2024/11/21/abschluss-2024/index.html]
[www.kumpeltreff.info/wp-json/oembed/1.0/embedf7dd.json]
[www.kumpeltreff.info/2024/09/30/tag-der-deutschen-einheit-geoeffnet/feed/index.html]
[www.kumpeltreff.info/wp-json/oembed/1.0/embed6eca]
[www.kumpeltreff.info/wp-content/litespeed/ucss/6ba5730e21f8b928490000864a7e9ef1a7e7.css]
[www.kumpeltreff.info/wp-json/wp/v2/posts/1083.json]
[www.kumpeltreff.info/2024/09/30/tag-der-deutschen-einheit-geoeffnet/index.html]
[www.kumpeltreff.info/wp-json/oembed/1.0/embedbf6e.json]
[www.kumpeltreff.info/2024/06/11/sommerfest-flohmarkt-2024/feed/index.html]
[www.kumpeltreff.info/wp-json/oembed/1.0/embed0485]
[www.kumpeltreff.info/2024/06/11/sommerfest-flohmarkt-2024/index.html]
[www.kumpeltreff.info/wp-json/wp/v2/posts/815.json]
[www.kumpeltreff.info/2024/06/06/msm-kickt-fair/feed/index.html]
[www.kumpeltreff.info/wp-json/oembed/1.0/embeda4f1.json]
[www.kumpeltreff.info/wp-json/oembed/1.0/embed8966]
[www.kumpeltreff.info/wp-json/wp/v2/posts/810.json]
[www.kumpeltreff.info/2024/06/06/msm-kickt-fair/index.html]
[www.kumpeltreff.info/wp-content/uploads/trustindex-google-widgetbceb.css]
[www.kumpeltreff.info/wp-content/litespeed/ucss/105a3a7cc06725535d6747b25256ff9da7e7.css]
[scontent-muc2-1.cdninstagram.com/v/t39.30808-6/620007376_1186165330385870_562980742687674912_n0219.jpg]
[scontent-muc2-1.cdninstagram.com/v/t39.30808-6/617839710_1180327217636348_5133465307279057237_n858b.jpg]
[scontent-muc2-1.cdninstagram.com/v/t39.30808-6/617369646_1179477734387963_373168330212659448_n514c.jpg]
[scontent-muc2-1.cdninstagram.com/v/t39.30808-6/615731864_1173499681652435_6951729380333129421_n6787.jpg]
[scontent-muc2-1.cdninstagram.com/v/t39.30808-6/613100675_1169897022012701_1547104810830367337_n49b9.jpg]
[scontent-muc2-1.cdninstagram.com/v/t39.30808-6/613075060_1169897028679367_6286238840980716627_n2923.jpg]
[scontent-muc2-1.cdninstagram.com/v/t39.30808-6/601811160_1153517016984035_8420406348268282838_nd8f7.jpg]
[scontent-muc2-1.cdninstagram.com/v/t39.30808-6/597784073_1154171163585287_5035189952594180265_n767f.jpg]
[www.kumpeltreff.info/page/3/index.html]
[www.kumpeltreff.info/page/2/_https_/www.kumpeltreff.info/wp-content/uploads/2024/06/Sommerfest_und_flohmarkt_knepper_management_titelbanner5.jpg]
[scontent-muc2-1.cdninstagram.com/v/t39.30808-6/620007376_1186165330385870_562980742687674912_n006e.jpg]
[scontent-muc2-1.cdninstagram.com/v/t39.30808-6/617839710_1180327217636348_5133465307279057237_n7508.jpg]
[scontent-muc2-1.cdninstagram.com/v/t39.30808-6/617369646_1179477734387963_373168330212659448_n510d.jpg]
[scontent-muc2-1.cdninstagram.com/v/t39.30808-6/615731864_1173499681652435_6951729380333129421_nf20f.jpg]
[www.kumpeltreff.info/page/2/index.html]
[www.kumpeltreff.info/_https_/www.kumpeltreff.info/wp-content/uploads/2024/06/Sommerfest_und_flohmarkt_knepper_management_titelbanner5.html]
[www.kumpeltreff.info/wp-admin/admin-ajax.html]
[www.kumpeltreff.info/wp-content/plugins/litespeed-cache/guest.vary.html]
[www.kumpeltreff.info/wp-content/litespeed/ucss/3f53e23772e629bbfb0ad6b4599fd451a7e7.css]
[www.kumpeltreff.info/index54a8.html]
[www.kumpeltreff.info/wp-content/litespeed/css/5b802b210d4dd356d231dbe1df915caa4dc5.css]
[c0.wp.com/c/6.9.1/wp-includes/js/jquery/jquery.min.js]
[c0.wp.com/c/6.9.1/wp-includes/js/jquery/jquery-migrate.min.js]
[www.kumpeltreff.info/veranstaltungen/page/2/index.html]
[www.kumpeltreff.info/wp-content/litespeed/ucss/46faa7e4382579b581277990ae9660cca7e7.css]
[www.kumpeltreff.info/indexa7ab.html]
[www.kumpeltreff.info/wp-content/litespeed/ucss/361c781160d728173cf74334fcaf6238a7e7.css]
[www.kumpeltreff.info/index07ee.html]
[www.kumpeltreff.info/wp-content/plugins/fusion-builder/assets/images/masks/mask-17.svg]
[www.kumpeltreff.info/der-ausbau/index.html]
[www.kumpeltreff.info/wp-content/litespeed/ucss/e461cc08f8d857d06a4e396164581999a7e7.css]
[www.kumpeltreff.info/index2dc8.html]
[www.kumpeltreff.info/wp-content/litespeed/ucss/d70496276be8b94352bd1a9488f50565a7e7.css]
[www.kumpeltreff.info/indexca25.html]
[www.kumpeltreff.info/index57e7.html]
[www.kumpeltreff.info/wp-content/litespeed/ucss/504a56e8e34d9c765953d75b6b3f163da7e7.css]
[www.kumpeltreff.info/indexd8eb.html]
[www.kumpeltreff.info/wp-content/litespeed/ucss/3a647f3dc169119a7748eb0eca7e6080a7e7.css]
[www.kumpeltreff.info/index4579.html]
[www.kumpeltreff.info/wp-content/litespeed/ucss/8233318566fca64d0722af2110c055bea7e7.css]
[www.kumpeltreff.info/index0dc6.html]
[www.kumpeltreff.info/wp-content/litespeed/css/78c4ff28e8655736bed16b2b4f5c780aa1bd.css]
[www.kumpeltreff.info/wp-content/litespeed/js/207c1ef06a29326df7b1c594d4d168109adf.js]
[www.kumpeltreff.info/wp-content/litespeed/css/df64fe83b44979a8ae8a612d4fae86770403.css]
[www.kumpeltreff.info/author/admin/page/2/index.html]
[www.kumpeltreff.info/wp-content/litespeed/ucss/40ab4c174f5abb959ec5960f576e5e06a7e7.css]
[www.kumpeltreff.info/veranstaltungen/page/3/index.html]
[www.kumpeltreff.info/wp-content/litespeed/js/004469257cdb1ab258377177b6c7d369c10e.js]
[www.kumpeltreff.info/2024/04/12/wir-sind-wieder-da/index.html]
[www.kumpeltreff.info/wp-json/oembed/1.0/embedc28e.json]
[www.kumpeltreff.info/2024/05/20/hollaendische-snacks/feed/index.html]
[www.kumpeltreff.info/wp-json/oembed/1.0/embed559a]
[www.kumpeltreff.info/wp-json/wp/v2/posts/802.json]
[www.kumpeltreff.info/2024/05/20/hollaendische-snacks/index.html]
[www.kumpeltreff.info/wp-content/litespeed/js/15dd8f41d1b81bb24a404372ae568ca91b8e.js]
[www.kumpeltreff.info/2024/05/19/wattenscheider-kulturnacht-2024/feed/index.html]
[www.kumpeltreff.info/wp-json/oembed/1.0/embeda5a4.json]
[www.kumpeltreff.info/wp-json/oembed/1.0/embed74a3]
[www.kumpeltreff.info/2024/05/19/wattenscheider-kulturnacht-2024/index.html]
[www.kumpeltreff.info/wp-json/wp/v2/posts/807.json]
[www.kumpeltreff.info/2024/05/08/vaddatag/feed/index.html]
[www.kumpeltreff.info/wp-json/oembed/1.0/embedfbd8.json]
[www.kumpeltreff.info/wp-json/oembed/1.0/embed10a0]
[www.kumpeltreff.info/wp-json/wp/v2/posts/805.json]
[www.kumpeltreff.info/2024/05/08/vaddatag/index.html]
[www.kumpeltreff.info/wp-json/oembed/1.0/embed99ce.json]
[www.kumpeltreff.info/2024/05/06/feiertage-im-mai/feed/index.html]
[www.kumpeltreff.info/wp-json/oembed/1.0/embed91a0]
[www.kumpeltreff.info/wp-json/wp/v2/posts/799.json]
[www.kumpeltreff.info/2024/05/06/feiertage-im-mai/index.html]
[www.kumpeltreff.info/wp-json/oembed/1.0/embed85d6.json]
[www.kumpeltreff.info/2024/05/01/sommeroeffnungszeiten/feed/index.html]
[www.kumpeltreff.info/wp-json/oembed/1.0/embedc487]
[www.kumpeltreff.info/2024/05/01/sommeroeffnungszeiten/index.html]
[www.kumpeltreff.info/wp-json/wp/v2/posts/797.json]
[www.kumpeltreff.info/2024/04/25/die-kulinarische-schnitzeljagd-wir-sind-dabei/feed/index.html]
[www.kumpeltreff.info/wp-json/oembed/1.0/embed2f5f.json]
[www.kumpeltreff.info/wp-json/oembed/1.0/embed1c3b]
[www.kumpeltreff.info/wp-json/wp/v2/posts/794.json]
[static.xx.fbcdn.net/images/emoji.php/v9/te/1/16/1f6b4_200d_2640.png]
[static.xx.fbcdn.net/images/emoji.php/v9/te0/1/16/1f6b4.png]
[static.xx.fbcdn.net/images/emoji.php/v9/t6/1/16/2692.png]
[www.kumpeltreff.info/2024/04/25/die-kulinarische-schnitzeljagd-wir-sind-dabei/index.html]
[www.kumpeltreff.info/wp-content/litespeed/ucss/11b627d83226a84dbacb24fdb4e5c211a7e7.css]
[www.kumpeltreff.info/index4413.html]
[www.kumpeltreff.info/wp-content/litespeed/ucss/6ba5730e21f8b928490000864a7e9ef1a7e7.css]
[www.kumpeltreff.info/indexc30e.html]
[www.kumpeltreff.info/indexe398.html]
[www.kumpeltreff.info/index7efb.html]
[www.kumpeltreff.info/wp-content/litespeed/ucss/105a3a7cc06725535d6747b25256ff9da7e7.css]
[www.kumpeltreff.info/wp-content/litespeed/css/f8c2db9c810ef32b54478c39bf24a9fd9b08.css]
[i0.wp.com/www.kumpeltreff.info/wp-content/uploads/2023/10/bild.jpg-5-scaledb8d9.jpg]
[i0.wp.com/www.kumpeltreff.info/wp-content/uploads/2023/10/Knepper-Management-Kumpeltreff-7-scaled2a69.jpg]
[i0.wp.com/www.kumpeltreff.info/wp-content/uploads/2024/06/2024-06-07-Kumpeltreff-by-Knepper-Management-WAT607b8d9.jpg]
[i0.wp.com/www.kumpeltreff.info/wp-content/uploads/2025/06/2024-10-15-Kumpeltreff-by-Knepper-Management-3-Jahre-Kumpeltreff-2b8d9.jpg]
[i0.wp.com/www.kumpeltreff.info/wp-content/uploads/2024/06/2024-05-03-Kumpeltreff-by-Knepper-Management-Mai-19791.jpg]
[i0.wp.com/www.kumpeltreff.info/wp-content/uploads/2025/06/2024-12-20-Kumpeltreff-by-Knepper-Management-Weihnachtenb8d9.jpg]
[i0.wp.com/www.kumpeltreff.info/wp-content/uploads/2024/06/2024-05-18-KT-NTag-101-scaled3ba7.jpg]
[i0.wp.com/www.kumpeltreff.info/wp-content/uploads/2024/06/2024-05-18-KT-NTag-106-scaled3ba7.jpg]
[i0.wp.com/www.kumpeltreff.info/wp-content/uploads/2024/05/IMG_5786-scaled3e16.jpg]
[i0.wp.com/www.kumpeltreff.info/wp-content/uploads/2024/06/2024-05-18-KT-NTag-073-scaled3ba7.jpg]
[i0.wp.com/www.kumpeltreff.info/wp-content/uploads/2024/06/2024-05-18-KT-NTag-040-scaledadcc.jpg]
[i0.wp.com/www.kumpeltreff.info/wp-content/uploads/2025/06/2025-04-18-Kumpeltreff-by-Knepper-Management-Schoene-Osternb8d9.jpg]
[i0.wp.com/www.kumpeltreff.info/wp-content/uploads/2024/06/2024-04-19-Kumpeltreff-by-Knepper-Management-Erstes-Wochenendeb8d9.jpg]
[i0.wp.com/www.kumpeltreff.info/wp-content/uploads/2024/06/2024-05-18-KT-NTag-044-scaled62db.jpg]
[i0.wp.com/www.kumpeltreff.info/wp-content/uploads/2025/06/2024-06-07-Kumpeltreff-by-Knepper-Management-WAT607b8d9.jpg]
[i0.wp.com/www.kumpeltreff.info/wp-content/uploads/2025/06/2025-05-09-Kumpeltreff-by-Knepper-Management-Vier-Pfotenb8d9.jpg]
[i0.wp.com/www.kumpeltreff.info/wp-content/uploads/2025/06/2024-06-14-Kumpeltreff-by-Knepper-Management-EMb8d9.jpg]
[i0.wp.com/www.kumpeltreff.info/wp-content/uploads/2025/06/2025-02-07-Kumpeltreff-by-Knepper-Management-vorfreudeb8d9.jpg]
[i0.wp.com/www.kumpeltreff.info/wp-content/uploads/2025/06/2024-09-20-Kumpeltreff-by-Knepper-Management-Gemeinsamkeit9791.jpg]
[i0.wp.com/www.kumpeltreff.info/wp-content/uploads/2024/06/2024-05-18-KT-NTag-144-scaled3ba7.jpg]
[i0.wp.com/www.kumpeltreff.info/wp-content/uploads/2024/05/IMG_5751-scaled3a40.jpg]
[i0.wp.com/www.kumpeltreff.info/wp-content/uploads/2025/06/2025-04-25-Kumpeltreff-by-Knepper-Management-Ferien-vorbeib8d9.jpg]
[i0.wp.com/www.kumpeltreff.info/wp-content/uploads/2024/06/2024-05-18-KT-NTag-142-scaled3ba7.jpg]
[i0.wp.com/www.kumpeltreff.info/wp-content/uploads/2024/06/2024-05-31-Kumpeltreff-by-Knepper-Management-Familien9791.jpg]
[i0.wp.com/www.kumpeltreff.info/wp-content/uploads/2025/06/2025-06-06-Kumpeltreff-by-Knepper-Management-Vatertag-Rueckblick-39791.jpg]
[i0.wp.com/www.kumpeltreff.info/wp-content/uploads/2024/06/2024-05-03-Kumpeltreff-by-Knepper-Management-Mai-29791.jpg]
[i0.wp.com/www.kumpeltreff.info/wp-content/uploads/2025/06/2025-06-13-Kumpeltreff-by-Knepper-Management-Tanzen-zur-WAT-6089791.jpg]
[i0.wp.com/www.kumpeltreff.info/wp-content/uploads/2025/06/2024-09-27-Kumpeltreff-by-Knepper-Management-Spielchen-15f5f.jpg]
[i0.wp.com/www.kumpeltreff.info/wp-content/uploads/2025/06/2024-06-18-Kumpeltreff-by-Knepper-Management-Wattenscheider-Kulturnacht-2b8d9.jpg]
[i0.wp.com/www.kumpeltreff.info/wp-content/uploads/2025/06/2025-06-20-Kumpeltreff-by-Knepper-Management-Prost-und-schoenes-sonniges-Wochenende9791.jpg]
[i0.wp.com/www.kumpeltreff.info/wp-content/uploads/2024/06/2024-05-18-KT-NTag-159-scaled0689.jpg]
[i0.wp.com/www.kumpeltreff.info/wp-content/uploads/2024/06/2024-05-29-Kumpeltreff-by-Knepper-Management-Kuehlungeed3.jpg]
[i0.wp.com/www.kumpeltreff.info/wp-content/uploads/2025/06/2024-09-13-Kumpeltreff-by-Knepper-Management-Dankeb8d9.jpg]
[i0.wp.com/www.kumpeltreff.info/wp-content/uploads/2025/06/2024-12-06-Kumpeltreff-by-Knepper-Management-Saisonendeb8d9.jpg]
[i0.wp.com/www.kumpeltreff.info/wp-content/uploads/2025/06/2025-01-31-Kumpeltreff-by-Knepper-Management-weiter-kreativb8d9.jpg]
[i0.wp.com/www.kumpeltreff.info/wp-content/uploads/2025/06/2025-05-16-Kumpeltreff-by-Knepper-Management-Fahrrad9791.jpg]
[i0.wp.com/www.kumpeltreff.info/wp-content/uploads/2025/06/2025-06-06-Kumpeltreff-by-Knepper-Management-Vatertag-Rueckblick-19791.jpg]
[i0.wp.com/www.kumpeltreff.info/wp-content/uploads/2024/06/2024-05-03-Kumpeltreff-by-Knepper-Management-Mai-39791.jpg]
[i0.wp.com/www.kumpeltreff.info/wp-content/uploads/2025/06/2025-04-11-Kumpeltreff-by-Knepper-Management-Eroeffnung-war-super-2b8d9.jpg]
[i0.wp.com/www.kumpeltreff.info/wp-content/uploads/2025/06/2025-05-30-Kumpeltreff-by-Knepper-Management-Tischkultur-Rueckblick-5b8d9.jpg]
[i0.wp.com/www.kumpeltreff.info/wp-content/uploads/2025/06/2025-04-11-Kumpeltreff-by-Knepper-Management-Eroeffnung-war-super-1b8d9.jpg]
[i0.wp.com/www.kumpeltreff.info/wp-content/uploads/2025/06/2024-10-04-Kumpeltreff-by-Knepper-Management-Europafest-29791.jpg]
[i0.wp.com/www.kumpeltreff.info/wp-content/uploads/2024/06/2024-05-18-KT-NTag-126-scaled3ba7.jpg]
[www.kumpeltreff.info/page/4/index.html]
[www.kumpeltreff.info/page/3/_https_/www.kumpeltreff.info/wp-content/uploads/2024/06/Sommerfest_und_flohmarkt_knepper_management_titelbanner5.jpg]
[i0.wp.com/www.kumpeltreff.info/wp-content/uploads/2024/06/Sommerfest_und_flohmarkt_knepper_management_sommerfestlogo.jpg72b9.png]
[i0.wp.com/www.kumpeltreff.info/wp-content/uploads/2024/06/Flohmarkt-Sommereditionbaf8.png]
[i0.wp.com/www.kumpeltreff.info/wp-content/uploads/2024/05/IMG_5751-scaled5c01.jpg]
[i0.wp.com/www.kumpeltreff.info/wp-content/uploads/2024/06/2024-05-18-KT-NTag-142-scaled5c01.jpg]
[i0.wp.com/www.kumpeltreff.info/wp-content/uploads/2024/06/2024-05-18-KT-NTag-104-scaled5c01.jpg]
[i0.wp.com/www.kumpeltreff.info/wp-content/uploads/2024/06/2024-05-18-KT-NTag-073-scaled5c01.jpg]
[i0.wp.com/www.kumpeltreff.info/wp-content/uploads/2024/06/2024-05-18-KT-NTag-119-scaled5c01.jpg]
[cdn.trustindex.io/loader68b3.js]
[www.kumpeltreff.info/page/3/index.html]
[www.kumpeltreff.info/page/2/_https_/www.kumpeltreff.info/wp-content/uploads/2024/06/Sommerfest_und_flohmarkt_knepper_management_titelbanner5.html]
[www.kumpeltreff.info/wp-content/litespeed/css/5b802b210d4dd356d231dbe1df915caa4dc5.css]
[www.kumpeltreff.info/wp-content/litespeed/css/78c4ff28e8655736bed16b2b4f5c780aa1bd.css]
[www.kumpeltreff.info/veranstaltungen/page/3/index.html]
[www.kumpeltreff.info/wp-content/litespeed/css/df64fe83b44979a8ae8a612d4fae86770403.css]
[www.kumpeltreff.info/wp-content/litespeed/js/3e94acc60fd06192a4551e43883313b6ca79.js]
[www.kumpeltreff.info/veranstaltungen/page/4/index.html]
[www.kumpeltreff.info/wp-json/oembed/1.0/embed4cc7.json]
[www.kumpeltreff.info/2024/04/12/wir-sind-wieder-da/feed/index.html]
[www.kumpeltreff.info/wp-json/oembed/1.0/embed31a9]
[www.kumpeltreff.info/2024/04/12/wir-sind-wieder-da/index.html]
[www.kumpeltreff.info/indexe98c.html]
[www.kumpeltreff.info/index0d13.html]
[www.kumpeltreff.info/index028e.html]
[www.kumpeltreff.info/indexa49c.html]
[www.kumpeltreff.info/index1ca9.html]
[www.kumpeltreff.info/index3b2d.html]
[www.kumpeltreff.info/wp-json/wp/v2/posts/791.json]
[www.kumpeltreff.info/wp-content/litespeed/css/f8c2db9c810ef32b54478c39bf24a9fd9b08.css]
[www.kumpeltreff.info/page/4/_https_/www.kumpeltreff.info/wp-content/uploads/2024/06/Sommerfest_und_flohmarkt_knepper_management_titelbanner5.jpg]
[www.kumpeltreff.info/page/5/index.html]
[www.kumpeltreff.info/page/4/index.html]
[www.kumpeltreff.info/page/3/_https_/www.kumpeltreff.info/wp-content/uploads/2024/06/Sommerfest_und_flohmarkt_knepper_management_titelbanner5.html]
[www.kumpeltreff.info/veranstaltungen/page/4/index.html]
[www.kumpeltreff.info/index106b.html]
[www.kumpeltreff.info/page/6/index.html]
[www.kumpeltreff.info/page/5/_https_/www.kumpeltreff.info/wp-content/uploads/2024/06/Sommerfest_und_flohmarkt_knepper_management_titelbanner5.jpg]
[www.kumpeltreff.info/page/5/index.html]
[www.kumpeltreff.info/page/4/_https_/www.kumpeltreff.info/wp-content/uploads/2024/06/Sommerfest_und_flohmarkt_knepper_management_titelbanner5.html]
[www.kumpeltreff.info/page/7/index.html]
[www.kumpeltreff.info/page/6/_https_/www.kumpeltreff.info/wp-content/uploads/2024/06/Sommerfest_und_flohmarkt_knepper_management_titelbanner5.jpg]
[www.kumpeltreff.info/page/6/index.html]
[www.kumpeltreff.info/page/5/_https_/www.kumpeltreff.info/wp-content/uploads/2024/06/Sommerfest_und_flohmarkt_knepper_management_titelbanner5.html]
[www.kumpeltreff.info/page/8/index.html]
[www.kumpeltreff.info/page/7/_https_/www.kumpeltreff.info/wp-content/uploads/2024/06/Sommerfest_und_flohmarkt_knepper_management_titelbanner5.jpg]
[www.kumpeltreff.info/page/7/index.html]
[www.kumpeltreff.info/page/6/_https_/www.kumpeltreff.info/wp-content/uploads/2024/06/Sommerfest_und_flohmarkt_knepper_management_titelbanner5.html]
[www.kumpeltreff.info/page/9/index.html]
[www.kumpeltreff.info/page/8/_https_/www.kumpeltreff.info/wp-content/uploads/2024/06/Sommerfest_und_flohmarkt_knepper_management_titelbanner5.e2.delayed]
[www.kumpeltreff.info/page/8/index.html]
[www.kumpeltreff.info/page/7/_https_/www.kumpeltreff.info/wp-content/uploads/2024/06/Sommerfest_und_flohmarkt_knepper_management_titelbanner5.html]
[www.kumpeltreff.info/page/10/index.html]
[www.kumpeltreff.info/page/9/_https_/www.kumpeltreff.info/wp-content/uploads/2024/06/Sommerfest_und_flohmarkt_knepper_management_titelbanner5.jpg]
[www.kumpeltreff.info/page/9/index.html]
[www.kumpeltreff.info/page/8/_https_/www.kumpeltreff.info/wp-content/uploads/2024/06/Sommerfest_und_flohmarkt_knepper_management_titelbanner5.html]
[www.kumpeltreff.info/page/11/index.html]
[www.kumpeltreff.info/page/10/_https_/www.kumpeltreff.info/wp-content/uploads/2024/06/Sommerfest_und_flohmarkt_knepper_management_titelbanner5.jpg]
[www.kumpeltreff.info/page/10/index.html]
[www.kumpeltreff.info/page/9/_https_/www.kumpeltreff.info/wp-content/uploads/2024/06/Sommerfest_und_flohmarkt_knepper_management_titelbanner5.html]
[www.kumpeltreff.info/page/11/_https_/www.kumpeltreff.info/wp-content/uploads/2024/06/Sommerfest_und_flohmarkt_knepper_management_titelbanner5.jpg]
[www.kumpeltreff.info/page/11/index.html]
[www.kumpeltreff.info/page/10/_https_/www.kumpeltreff.info/wp-content/uploads/2024/06/Sommerfest_und_flohmarkt_knepper_management_titelbanner5.html]
[www.kumpeltreff.info/page/11/_https_/www.kumpeltreff.info/wp-content/uploads/2024/06/Sommerfest_und_flohmarkt_knepper_management_titelbanner5.html]
