[absinth-bochum.de/index.html]
[backblue.gif]
[fade.gif]
[index.html]
[absinth-bochum.de/feed]
[absinth-bochum.de/comments/feed]
[absinth-bochum.de/wp-includes/css/dist/block-library/style.minb7d5.css]
[absinth-bochum.de/wp-includes/css/classic-themes.min68b3.css]
[absinth-bochum.de/wp-content/plugins/photo-gallery/css/bwg-fonts/fonts622c.css]
[absinth-bochum.de/wp-content/plugins/photo-gallery/css/sumoselect.min9bf7.css]
[absinth-bochum.de/wp-content/plugins/photo-gallery/css/jquery.mCustomScrollbar.minc6bd.css]
[absinth-bochum.de/wp-content/plugins/photo-gallery/css/styles.minc245.css]
[absinth-bochum.de/wp-content/themes/belise-lite/css/bootstrap.mina4d7.css]
[absinth-bochum.de/wp-content/themes/belise-lite/style8322.css]
[absinth-bochum.de/wp-content/uploads/2018/06/cropped-DSC_3109-1.jpg]
[absinth-bochum.de/wp-content/themes/belise-lite/inc/woocommerce/css/woocommercef29f.css]
[absinth-bochum.de/wp-content/themes/belise-lite/css/font-awesome.min38e2.css]
[absinth-bochum.de/wp-includes/js/jquery/jquery-migrate.mind617.js]
[absinth-bochum.de/wp-content/plugins/photo-gallery/js/jquery.sumoselect.min9bf7.js]
[absinth-bochum.de/wp-content/plugins/photo-gallery/js/jquery.mobile.min47a7.js]
[absinth-bochum.de/wp-includes/js/jquery/jquery.mina7a0.js]
[absinth-bochum.de/wp-content/plugins/photo-gallery/js/jquery.fullscreen.mina307.js]
[absinth-bochum.de/wp-content/plugins/photo-gallery/js/jquery.mCustomScrollbar.concat.minc6bd.js]
[absinth-bochum.de/wp-content/plugins/photo-gallery/js/circle-progressc245.js]
[absinth-bochum.de/wp-json/wp/v2/pages/8.json]
[absinth-bochum.de/wp-json/index.html]
[absinth-bochum.de/wp-content/plugins/photo-gallery/js/scripts.minc245.js]
[absinth-bochum.de/xmlrpc0db0.php]
[absinth-bochum.de/wp-includes/wlwmanifest.xml]
[absinth-bochum.de/wp-json/oembed/1.0/embed44e0.json]
[absinth-bochum.de/wp-json/oembed/1.0/embed7769]
[absinth-bochum.de/galerie_speisekarte.html]
[absinth-bochum.de/anfahrt.html]
[absinth-bochum.de/wp-content/uploads/2021/01/20150607_192734-scaled.jpg]
[absinth-bochum.de/impressum.html]
[absinth-bochum.de/wp-content/plugins/eu-cookie-law/css/styleb7d5.css]
[absinth-bochum.de/wp-content/themes/belise-lite/js/skip-link-focus-fix08e0.js]
[absinth-bochum.de/index.html]
[absinth-bochum.de/wp-content/plugins/eu-cookie-law/js/scripts005e.js]
[absinth-bochum.de/wp-content/themes/belise-lite/js/functions11a8.js]
[absinth-bochum.de/wp-includes/css/dist/block-library/style.minb7d5.css]
[absinth-bochum.de/wp-includes/css/classic-themes.min68b3.css]
[absinth-bochum.de/wp-content/plugins/photo-gallery/css/bwg-fonts/fonts/bwg8f95.ttf]
[absinth-bochum.de/wp-content/plugins/photo-gallery/css/bwg-fonts/fonts/bwg8f95.eot]
[absinth-bochum.de/wp-content/plugins/photo-gallery/css/bwg-fonts/fonts/bwg8f95.woff]
[absinth-bochum.de/wp-content/plugins/photo-gallery/css/bwg-fonts/fonts/bwg8f95.svg]
[absinth-bochum.de/wp-content/plugins/photo-gallery/css/bwg-fonts/fonts622c.css]
[absinth-bochum.de/wp-content/plugins/photo-gallery/css/sumoselect.min9bf7.css]
[absinth-bochum.de/wp-content/plugins/photo-gallery/css/mCSB_buttons.png]
[absinth-bochum.de/wp-content/plugins/photo-gallery/css/jquery.mCustomScrollbar.minc6bd.css]
[absinth-bochum.de/wp-content/plugins/photo-gallery/images/ajax_loader.png]
[absinth-bochum.de/wp-content/plugins/photo-gallery/images/blank.gif]
[absinth-bochum.de/wp-content/plugins/photo-gallery/images/captcha_refresh.png]
[absinth-bochum.de/wp-content/plugins/photo-gallery/css/images/optimize.svg]
[absinth-bochum.de/wp-content/plugins/photo-gallery/css/styles.minc245.css]
[absinth-bochum.de/wp-content/themes/belise-lite/css/bootstrap.mina4d7.css]
[absinth-bochum.de/wp-content/themes/belise-lite/style8322.css]
[absinth-bochum.de/wp-content/themes/belise-lite/inc/woocommerce/css/woocommercef29f.css]
[absinth-bochum.de/wp-content/themes/belise-lite/fonts/fontawesome-webfont3e6e.woff2]
[absinth-bochum.de/wp-content/themes/belise-lite/fonts/fontawesome-webfont3e6e.woff]
[absinth-bochum.de/wp-content/themes/belise-lite/fonts/fontawesome-webfont3e6e.eot]
[absinth-bochum.de/wp-content/themes/belise-lite/fonts/fontawesome-webfontd41d.eot]
[absinth-bochum.de/wp-content/themes/belise-lite/fonts/fontawesome-webfont3e6e.ttf]
[absinth-bochum.de/wp-content/themes/belise-lite/fonts/fontawesome-webfont3e6e.svg]
[absinth-bochum.de/wp-content/themes/belise-lite/css/font-awesome.min38e2.css]
[absinth-bochum.de/wp-json/wp/v2/pages/63.json]
[absinth-bochum.de/wp-json/oembed/1.0/embed811c.json]
[absinth-bochum.de/wp-json/oembed/1.0/embede2b2]
[absinth-bochum.de/wp-content/uploads/2022/11/Karte_2022_November.pdf]
[absinth-bochum.de/wp-content/uploads/2022/04/20150607_192734-1024x576.jpg]
[absinth-bochum.de/wp-content/uploads/2022/04/FB_IMG_1610320107779-1024x768.jpg]
[absinth-bochum.de/wp-content/uploads/2022/04/20190130_192421-768x1024.jpg]
[absinth-bochum.de/wp-content/uploads/2022/04/20220318_171944-768x1024.jpg]
[absinth-bochum.de/wp-content/uploads/2022/04/DSC_3109-1024x674.jpg]
[absinth-bochum.de/wp-content/uploads/2022/04/20210111_112750.jpg]
[absinth-bochum.de/wp-content/uploads/2022/04/20211113_191214-768x1024.jpg]
[absinth-bochum.de/wp-content/uploads/2022/04/20210624_203826-1024x768.jpg]
[absinth-bochum.de/wp-content/uploads/2022/04/2021_01_11_00_40_46_720-1024x1024.jpg]
[absinth-bochum.de/wp-includes/blocks/file/view.min1abb.js]
[absinth-bochum.de/galerie_speisekarte.html]
[absinth-bochum.de/wp-json/wp/v2/pages/10.json]
[absinth-bochum.de/wp-json/oembed/1.0/embed9bef.json]
[absinth-bochum.de/wp-json/oembed/1.0/embedadc7]
[absinth-bochum.de/anfahrt.html]
[absinth-bochum.de/wp-json/wp/v2/pages/48.json]
[absinth-bochum.de/wp-json/oembed/1.0/embed1a6b.json]
[absinth-bochum.de/wp-json/oembed/1.0/embed3e9a]
[absinth-bochum.de/impressum.html]
[absinth-bochum.de/wp-content/plugins/eu-cookie-law/css/styleb7d5.css]
[absinth-bochum.de/wp-content/plugins/photo-gallery/css/bwg-fonts/fonts/bwg8f95.svg]
[absinth-bochum.de/wp-content/plugins/photo-gallery/css/mCSB_buttons.html]
[absinth-bochum.de/wp-content/plugins/photo-gallery/css/images/optimize.svg]
[absinth-bochum.de/wp-content/themes/belise-lite/fonts/fontawesome-webfont3e6e.svg]
[absinth-bochum.de/index2cce.html]
[absinth-bochum.de/index64b4.html]
[absinth-bochum.de/index94b0.html]
