[eventgenuss.de/index.html]
[backblue.gif]
[fade.gif]
[index.html]
[eventgenuss.de/feed/index.html]
[eventgenuss.de/wp-json/oembed/1.0/embed47f5.json]
[eventgenuss.de/wp-json/oembed/1.0/embedba23]
[eventgenuss.de/comments/feed/index.html]
[eventgenuss.de/wp-content/plugins/contact-form-7/includes/css/styles1b46.css]
[eventgenuss.de/startseite/feed/index.html]
[eventgenuss.de/wp-content/plugins/complianz-gdpr/assets/css/cookieblocker.mina05f.css]
[eventgenuss.de/wp-content/themes/hello-elementor/assets/css/reset9bf7.css]
[eventgenuss.de/wp-content/themes/hello-elementor/assets/css/theme9bf7.css]
[eventgenuss.de/wp-content/themes/hello-elementor/assets/css/header-footer9bf7.css]
[eventgenuss.de/wp-content/plugins/elementor/assets/css/frontend.minc8a6.css]
[eventgenuss.de/wp-content/uploads/elementor/css/post-6dcb4.css]
[eventgenuss.de/wp-content/plugins/elementor/assets/css/widget-icon-list.minc8a6.css]
[eventgenuss.de/wp-content/plugins/elementor/assets/css/widget-image.minc8a6.css]
[eventgenuss.de/wp-content/plugins/elementor-pro/assets/css/widget-nav-menu.mind341.css]
[eventgenuss.de/wp-content/plugins/elementor-pro/assets/css/modules/sticky.mind341.css]
[eventgenuss.de/wp-content/plugins/elementor/assets/css/widget-image-box.minc8a6.css]
[eventgenuss.de/wp-content/plugins/elementor/assets/css/widget-social-icons.minc8a6.css]
[eventgenuss.de/wp-content/plugins/elementor/assets/css/conditionals/apple-webkit.minc8a6.css]
[eventgenuss.de/wp-content/plugins/elementor/assets/css/widget-heading.minc8a6.css]
[eventgenuss.de/wp-content/plugins/elementor/assets/css/widget-google_maps.minc8a6.css]
[eventgenuss.de/wp-content/plugins/elementor/assets/css/conditionals/shapes.minc8a6.css]
[eventgenuss.de/wp-content/plugins/elementor/assets/lib/animations/styles/e-animation-grow.minc8a6.css]
[eventgenuss.de/wp-content/plugins/elementor/assets/lib/eicons/css/elementor-icons.min7f15.css]
[eventgenuss.de/wp-content/plugins/elementor/assets/css/widget-contact-buttons-base.minc8a6.css]
[eventgenuss.de/wp-content/plugins/elementor/assets/css/widget-contact-buttons-var-4.minc8a6.css]
[eventgenuss.de/wp-content/plugins/elementor-pro/assets/css/modules/motion-fx.mind341.css]
[eventgenuss.de/wp-content/plugins/elementor/assets/css/widget-video.minc8a6.css]
[eventgenuss.de/wp-content/plugins/elementor/assets/css/widget-divider.minc8a6.css]
[eventgenuss.de/wp-content/plugins/elementor/assets/lib/animations/styles/fadeInLeft.minc8a6.css]
[eventgenuss.de/wp-content/plugins/elementor/assets/lib/animations/styles/fadeInRight.minc8a6.css]
[eventgenuss.de/wp-content/plugins/elementor/assets/lib/swiper/v8/css/swiper.min94a4.css]
[eventgenuss.de/wp-content/plugins/elementor/assets/css/conditionals/e-swiper.minc8a6.css]
[eventgenuss.de/wp-content/plugins/elementor-pro/assets/css/widget-gallery.mind341.css]
[eventgenuss.de/wp-content/plugins/elementor/assets/lib/e-gallery/css/e-gallery.min7359.css]
[eventgenuss.de/wp-content/plugins/elementor-pro/assets/css/conditionals/transitions.mind341.css]
[eventgenuss.de/wp-content/plugins/elementor/assets/lib/animations/styles/fadeIn.minc8a6.css]
[eventgenuss.de/wp-content/plugins/elementor/assets/lib/animations/styles/fadeInUp.minc8a6.css]
[eventgenuss.de/wp-content/uploads/elementor/css/post-2606e.css]
[eventgenuss.de/wp-content/uploads/elementor/css/post-71606e.css]
[eventgenuss.de/wp-content/uploads/elementor/css/post-97606e.css]
[eventgenuss.de/wp-content/uploads/elementor/css/post-364606e.css]
[eventgenuss.de/wp-content/plugins/cf7-conditional-fields/styled047.css]
[eventgenuss.de/wp-content/plugins/elementor-pro/assets/js/page-transitions.mind341.js]
[eventgenuss.de/wp-includes/js/jquery/jquery.minf43b.js]
[eventgenuss.de/wp-includes/js/jquery/jquery-migrate.min5589.js]
[eventgenuss.de/wp-json/wp/v2/pages/2.json]
[eventgenuss.de/wp-json/index.html]
[eventgenuss.de/xmlrpc0db0.php]
[eventgenuss.de/wp-content/uploads/2025/11/Eventgenuss_Bild_Digital.svg]
[eventgenuss.de/wp-content/uploads/2025/08/Eventgenuss_WortBild2_digital.svg]
[eventgenuss.de/wp-content/uploads/2025/10/03-Cani.mp4]
[eventgenuss.de/wp-content/uploads/2025/10/DSC09357-scaled.jpg]
[eventgenuss.de/kemnader-see/index.html]
[eventgenuss.de/food-trucks/index.html]
[eventgenuss.de/kontakt/index.html]
[eventgenuss.de/wp-content/uploads/2025/12/Wordpress-seite-hochladen.jpg]
[eventgenuss.de/wp-content/uploads/2025/10/Baixe-estas-Foto-premium-sobre-Xicara-de-capuccinoâ¦.jpg]
[eventgenuss.de/wp-content/uploads/2025/08/food.jpg]
[eventgenuss.de/wp-content/uploads/2025/10/Gluehwein-weiss-Alkoholfrei-selbermachen-_-Foodblog-Princess_ch.jpg]
[eventgenuss.de/wp-content/uploads/2025/10/Currywurst-â-Der-Streetfood-Klassiker-mit-legendaerer-Currysauce-Heimatkueche.jpg]
[eventgenuss.de/wp-content/uploads/2025/10/A-hot-chocolate-drink-with-whipped-cream-and-nutsâ¦.jpg]
[eventgenuss.de/wp-content/uploads/2025/10/Brats-Recipe-Ideas_-Tasty-Ways-to-Enjoy-Bratwurst.jpg]
[eventgenuss.de/wp-content/uploads/2025/10/Crepes-Strawberryð.jpg]
[eventgenuss.de/wp-content/uploads/2025/10/So-schmeckt-dein-Kaffee-noch-besser.jpg]
[eventgenuss.de/wp-content/uploads/2025/10/Download-50.jpg]
[eventgenuss.de/wp-content/uploads/2025/09/WhatsApp-Image-2025-09-04-at-22.36.13.jpg]
[eventgenuss.de/wp-content/uploads/2025/10/Download-49.jpg]
[eventgenuss.de/wp-content/uploads/2025/10/Traditioneller-Gluehwein.jpg]
[eventgenuss.de/wp-content/uploads/2025/10/Entdecken-Sie-das-Nationalgericht-Slowakei_-Peceneâ¦.jpg]
[eventgenuss.de/wp-content/uploads/2025/08/drinks.jpg]
[eventgenuss.de/wp-content/uploads/2025/10/c1b41492-eed8-4f47-aa45-f137efd98a8e.jpg]
[eventgenuss.de/wp-content/uploads/2025/10/bafe187a-ddf4-48bb-bd26-86311e4d1602.jpg]
[eventgenuss.de/wp-content/uploads/2025/10/Ultimate-Juicy-Hamburgers.jpg]
[eventgenuss.de/wp-content/uploads/2025/10/Flammkuchen-Elsaesser-Art-suess-oder-herzhaft-vonâ¦.jpg]
[eventgenuss.de/wp-content/uploads/2025/10/Suesskartoffelpommes-aus-der-Heissluftfritteuse.jpg]
[eventgenuss.de/wp-content/uploads/2025/10/Can-768x960.jpg]
[eventgenuss.de/wp-content/uploads/2025/09/Maggi-768x960.jpg]
[eventgenuss.de/wp-content/uploads/2025/09/Berk-768x960.jpg]
[eventgenuss.de/wp-content/uploads/2025/10/Davide-768x960.jpg]
[eventgenuss.de/cookie-richtlinie-eu/index.html]
[eventgenuss.de/privacy-policy/index.html]
[eventgenuss.de/impressum/index.html]
[eventgenuss.de/wp-includes/js/dist/hooks.minaf5f.js]
[eventgenuss.de/wp-includes/js/dist/i18n.min1cde.js]
[eventgenuss.de/wp-content/plugins/contact-form-7/includes/swv/js/index1b46.js]
[eventgenuss.de/wp-content/plugins/contact-form-7/includes/js/index1b46.js]
[eventgenuss.de/wp-content/themes/hello-elementor/assets/js/hello-frontend9bf7.js]
[eventgenuss.de/wp-content/plugins/elementor-pro/assets/lib/instant-page/instant-page.mind341.js]
[eventgenuss.de/wp-content/plugins/elementor/assets/js/webpack.runtime.minc8a6.js]
[eventgenuss.de/wp-content/plugins/elementor/assets/js/frontend-modules.minc8a6.js]
[eventgenuss.de/wp-includes/js/jquery/ui/core.minb37e.js]
[eventgenuss.de/wp-content/plugins/elementor/assets/js/frontend.minc8a6.js]
[eventgenuss.de/wp-content/plugins/elementor-pro/assets/lib/smartmenus/jquery.smartmenus.min1576.js]
[eventgenuss.de/wp-content/plugins/elementor-pro/assets/lib/sticky/jquery.sticky.mind341.js]
[eventgenuss.de/wp-content/plugins/elementor/assets/lib/swiper/v8/swiper.min94a4.js]
[eventgenuss.de/wp-content/plugins/elementor/assets/lib/e-gallery/js/e-gallery.min7359.js]
[eventgenuss.de/wp-content/plugins/cf7-conditional-fields/js/scriptsd047.js]
[eventgenuss.de/wp-content/plugins/complianz-gdpr/cookiebanner/js/complianz.mina05f.js]
[eventgenuss.de/wp-content/plugins/elementor-pro/assets/js/webpack-pro.runtime.mind341.js]
[eventgenuss.de/wp-content/plugins/elementor-pro/assets/js/frontend.mind341.js]
[eventgenuss.de/wp-content/plugins/elementor-pro/assets/js/elements-handlers.mind341.js]
[eventgenuss.de/index.html]
[eventgenuss.de/wp-content/plugins/contact-form-7/includes/css/styles1b46.css]
[eventgenuss.de/wp-content/plugins/complianz-gdpr/assets/css/cookieblocker.mina05f.css]
[eventgenuss.de/wp-content/themes/hello-elementor/assets/css/reset9bf7.css]
[eventgenuss.de/wp-content/themes/hello-elementor/assets/css/theme9bf7.css]
[eventgenuss.de/wp-content/themes/hello-elementor/assets/css/header-footer9bf7.css]
[eventgenuss.de/wp-content/plugins/elementor/assets/css/frontend.minc8a6.css]
[eventgenuss.de/wp-content/uploads/elementor/css/post-6dcb4.css]
[eventgenuss.de/wp-content/plugins/elementor/assets/css/widget-icon-list.minc8a6.css]
[eventgenuss.de/wp-content/plugins/elementor/assets/css/widget-image.minc8a6.css]
[eventgenuss.de/wp-content/plugins/elementor-pro/assets/css/widget-nav-menu.mind341.css]
[eventgenuss.de/wp-content/plugins/elementor-pro/assets/css/modules/sticky.mind341.css]
[eventgenuss.de/wp-content/plugins/elementor/assets/css/widget-image-box.minc8a6.css]
[eventgenuss.de/wp-content/plugins/elementor/assets/css/widget-social-icons.minc8a6.css]
[eventgenuss.de/wp-content/plugins/elementor/assets/css/conditionals/apple-webkit.minc8a6.css]
[eventgenuss.de/wp-content/plugins/elementor/assets/css/widget-heading.minc8a6.css]
[eventgenuss.de/wp-content/plugins/elementor/assets/css/widget-google_maps.minc8a6.css]
[eventgenuss.de/wp-content/plugins/elementor/assets/css/conditionals/shapes.minc8a6.css]
[eventgenuss.de/wp-content/plugins/elementor/assets/lib/animations/styles/e-animation-grow.minc8a6.css]
[eventgenuss.de/wp-content/plugins/elementor/assets/lib/eicons/fonts/eiconse34b.woff2]
[eventgenuss.de/wp-content/plugins/elementor/assets/lib/eicons/fonts/eiconse34b.woff]
[eventgenuss.de/wp-content/plugins/elementor/assets/lib/eicons/fonts/eiconse34b.ttf]
[eventgenuss.de/wp-content/plugins/elementor/assets/lib/eicons/fonts/eiconse34b.eot]
[eventgenuss.de/wp-content/plugins/elementor/assets/lib/eicons/css/elementor-icons.min7f15.css]
[eventgenuss.de/wp-content/plugins/elementor/assets/css/widget-contact-buttons-base.minc8a6.css]
[eventgenuss.de/wp-content/plugins/elementor/assets/css/widget-contact-buttons-var-4.minc8a6.css]
[eventgenuss.de/wp-content/plugins/elementor-pro/assets/css/modules/motion-fx.mind341.css]
[eventgenuss.de/wp-content/plugins/elementor/assets/css/widget-video.minc8a6.css]
[eventgenuss.de/wp-content/plugins/elementor/assets/css/widget-divider.minc8a6.css]
[eventgenuss.de/wp-content/plugins/elementor/assets/lib/animations/styles/fadeInLeft.minc8a6.css]
[eventgenuss.de/wp-content/plugins/elementor/assets/lib/animations/styles/fadeInRight.minc8a6.css]
[eventgenuss.de/wp-content/plugins/elementor/assets/lib/swiper/v8/css/swiper.min94a4.css]
[eventgenuss.de/wp-content/plugins/elementor/assets/css/conditionals/e-swiper.minc8a6.css]
[eventgenuss.de/wp-content/plugins/elementor-pro/assets/css/widget-gallery.mind341.css]
[eventgenuss.de/wp-content/plugins/elementor/assets/lib/e-gallery/css/e-gallery.min7359.css]
[eventgenuss.de/wp-content/plugins/elementor-pro/assets/css/conditionals/transitions.mind341.css]
[eventgenuss.de/wp-content/plugins/elementor/assets/lib/animations/styles/fadeIn.minc8a6.css]
[eventgenuss.de/wp-content/plugins/elementor/assets/lib/animations/styles/fadeInUp.minc8a6.css]
[eventgenuss.de/wp-content/uploads/elementor/css/post-2606e.css]
[eventgenuss.de/wp-content/uploads/elementor/css/post-71606e.css]
[eventgenuss.de/wp-content/uploads/elementor/css/post-97606e.css]
[eventgenuss.de/wp-content/uploads/elementor/css/post-364606e.css]
[eventgenuss.de/wp-content/plugins/cf7-conditional-fields/styled047.css]
[eventgenuss.de/wp-content/uploads/2025/11/Eventgenuss_Bild_Digital.svg]
[eventgenuss.de/wp-content/uploads/2025/08/Eventgenuss_WortBild2_digital.svg]
[eventgenuss.de/wp-content/plugins/elementor/assets/lib/eicons/fonts/eiconse34b.svg]
[eventgenuss.de/wp-json/oembed/1.0/embed9534.json]
[eventgenuss.de/wp-json/oembed/1.0/embed5be1]
[eventgenuss.de/wp-content/uploads/elementor/css/post-590956.css]
[eventgenuss.de/wp-json/wp/v2/pages/59.json]
[eventgenuss.de/wp-content/uploads/2025/10/01.mp4]
[eventgenuss.de/wp-content/uploads/2025/10/Sequenz-01.mp4]
[eventgenuss.de/kemnader-see/index.html]
[eventgenuss.de/wp-json/oembed/1.0/embed0935.json]
[eventgenuss.de/wp-json/oembed/1.0/embed4aaf]
[eventgenuss.de/wp-content/plugins/elementor/assets/css/widget-image-carousel.minc8a6.css]
[eventgenuss.de/wp-content/uploads/elementor/css/post-612ace.css]
[eventgenuss.de/wp-json/wp/v2/pages/61.json]
[eventgenuss.de/wp-content/uploads/2025/12/WhatsApp-Image-2025-12-10-at-11.29.11-2.jpg]
[eventgenuss.de/wp-content/uploads/2025/12/WhatsApp-Image-2025-12-11-at-10.39.04.jpg]
[eventgenuss.de/wp-content/uploads/2025/12/WhatsApp-Image-2025-12-13-at-13.52.24-4-scaled.jpg]
[eventgenuss.de/wp-content/uploads/2025/12/WhatsApp-Image-2025-12-13-at-13.52.23-7-scaled.jpg]
[eventgenuss.de/wp-content/uploads/2025/12/WhatsApp-Image-2025-12-13-at-13.52.23-4-scaled.jpg]
[eventgenuss.de/wp-content/uploads/2025/12/WhatsApp-Image-2025-12-13-at-13.52.22-6-scaled.jpg]
[eventgenuss.de/wp-content/uploads/2025/12/WhatsApp-Image-2025-12-13-at-13.52.22-2-scaled.jpg]
[eventgenuss.de/wp-content/uploads/2025/12/WhatsApp-Image-2025-12-13-at-13.52.13-scaled.jpg]
[eventgenuss.de/wp-content/uploads/2025/10/Crepes-Strawberry😋.jpg]
[eventgenuss.de/wp-content/uploads/2025/10/Currywurst-–-Der-Streetfood-Klassiker-mit-legendaerer-Currysauce-Heimatkueche.jpg]
[eventgenuss.de/wp-content/uploads/2025/10/Flammkuchen-Elsaesser-Art-suess-oder-herzhaft-von…-240x300.jpg]
[eventgenuss.de/wp-content/uploads/2025/10/Suesskartoffelpommes-aus-der-Heissluftfritteuse-300x300.jpg]
[eventgenuss.de/wp-content/uploads/2025/10/Entdecken-Sie-das-Nationalgericht-Slowakei_-Pecene…-300x300.jpg]
[eventgenuss.de/wp-content/uploads/2025/10/Brats-Recipe-Ideas_-Tasty-Ways-to-Enjoy-Bratwurst-240x300.jpg]
[eventgenuss.de/wp-content/uploads/2025/10/Currywurst-–-Der-Streetfood-Klassiker-mit-legendaerer-Currysauce-Heimatkueche-300x300.jpg]
[eventgenuss.de/wp-content/uploads/2025/10/Crepes-Strawberry😋-300x300.jpg]
[eventgenuss.de/wp-content/uploads/2025/10/Ultimate-Juicy-Hamburgers-241x300.jpg]
[eventgenuss.de/wp-content/uploads/2025/10/bafe187a-ddf4-48bb-bd26-86311e4d1602-300x300.jpg]
[eventgenuss.de/wp-content/uploads/2025/10/Traditioneller-Gluehwein-300x233.jpg]
[eventgenuss.de/food-trucks/index.html]
[eventgenuss.de/wp-json/oembed/1.0/embed38a9.json]
[eventgenuss.de/wp-json/oembed/1.0/embedfe54]
[eventgenuss.de/wp-content/uploads/elementor/css/post-4531a17.css]
[eventgenuss.de/wp-json/wp/v2/pages/453.json]
[eventgenuss.de/kontakt/index.html]
[eventgenuss.de/wp-content/uploads/2025/10/Baixe-estas-Foto-premium-sobre-Xicara-de-capuccinoâ¦.html]
[eventgenuss.de/wp-content/uploads/2025/10/Currywurst-â-Der-Streetfood-Klassiker-mit-legendaerer-Currysauce-Heimatkueche.html]
[eventgenuss.de/wp-content/uploads/2025/10/A-hot-chocolate-drink-with-whipped-cream-and-nutsâ¦.html]
[eventgenuss.de/wp-content/uploads/2025/10/Crepes-Strawberryð.html]
[eventgenuss.de/wp-content/uploads/2025/10/Entdecken-Sie-das-Nationalgericht-Slowakei_-Peceneâ¦.html]
[eventgenuss.de/wp-content/uploads/2025/10/Flammkuchen-Elsaesser-Art-suess-oder-herzhaft-vonâ¦.html]
[eventgenuss.de/privacy-policy.html]
[eventgenuss.de/wp-json/oembed/1.0/embedfb80.json]
[eventgenuss.de/wp-json/oembed/1.0/embedbc0d]
[eventgenuss.de/wp-includes/css/dist/block-library/style.mind4d0.css]
[eventgenuss.de/wp-content/plugins/complianz-gdpr/assets/css/document.mina05f.css]
[eventgenuss.de/wp-json/wp/v2/pages/289.json]
[eventgenuss.de/cookie-richtlinie-eu/index.html]
[eventgenuss.de/wp-json/oembed/1.0/embed94a7.json]
[eventgenuss.de/privacy-policy/feed/index.html]
[eventgenuss.de/wp-json/oembed/1.0/embed5317]
[eventgenuss.de/wp-content/uploads/elementor/css/post-39e4c.css]
[eventgenuss.de/wp-json/wp/v2/pages/3.json]
[eventgenuss.de/privacy-policy/index.html]
[eventgenuss.de/wp-json/oembed/1.0/embed54df.json]
[eventgenuss.de/wp-json/oembed/1.0/embedba64]
[eventgenuss.de/wp-content/plugins/elementor/assets/css/frontend.mind341.css]
[eventgenuss.de/wp-content/uploads/elementor/css/post-63001.css]
[eventgenuss.de/wp-content/plugins/elementor/assets/css/widget-icon-list.mind341.css]
[eventgenuss.de/wp-content/plugins/elementor/assets/css/widget-image.mind341.css]
[eventgenuss.de/wp-content/plugins/elementor/assets/css/widget-image-box.mind341.css]
[eventgenuss.de/wp-content/plugins/elementor/assets/css/widget-social-icons.mind341.css]
[eventgenuss.de/wp-content/plugins/elementor/assets/css/conditionals/apple-webkit.mind341.css]
[eventgenuss.de/wp-content/plugins/elementor/assets/css/widget-heading.mind341.css]
[eventgenuss.de/wp-content/plugins/elementor/assets/css/widget-google_maps.mind341.css]
[eventgenuss.de/wp-content/plugins/elementor/assets/css/conditionals/shapes.mind341.css]
[eventgenuss.de/wp-content/plugins/elementor/assets/lib/animations/styles/e-animation-grow.mind341.css]
[eventgenuss.de/wp-content/plugins/elementor/assets/css/widget-contact-buttons-base.mind341.css]
[eventgenuss.de/wp-content/plugins/elementor/assets/css/widget-contact-buttons-var-4.mind341.css]
[eventgenuss.de/wp-content/uploads/elementor/css/post-713001.css]
[eventgenuss.de/wp-content/uploads/elementor/css/post-973001.css]
[eventgenuss.de/wp-content/uploads/elementor/css/post-3643001.css]
[eventgenuss.de/wp-json/wp/v2/pages/287.json]
[eventgenuss.de/wp-content/plugins/elementor/assets/js/webpack.runtime.mind341.js]
[eventgenuss.de/wp-content/plugins/elementor/assets/js/frontend-modules.mind341.js]
[eventgenuss.de/wp-content/plugins/elementor/assets/js/frontend.mind341.js]
[eventgenuss.de/impressum/index.html]
[eventgenuss.de/wp-content/plugins/elementor/assets/lib/eicons/fonts/eiconse34b.svg]
[eventgenuss.de/wp-content/uploads/elementor/css/post-590956.css]
[eventgenuss.de/index1098.html]
[eventgenuss.de/wp-content/plugins/elementor/assets/css/widget-image-carousel.minc8a6.css]
[eventgenuss.de/wp-content/uploads/elementor/css/post-612ace.css]
[eventgenuss.de/index094d.html]
[eventgenuss.de/wp-content/uploads/elementor/css/post-4531a17.css]
[eventgenuss.de/index06d3.html]
[eventgenuss.de/privacy-policy.html]
[eventgenuss.de/wp-includes/css/dist/block-library/style.mind4d0.css]
[eventgenuss.de/wp-content/plugins/complianz-gdpr/assets/images/chevron-down.svg]
[eventgenuss.de/wp-content/plugins/complianz-gdpr/assets/css/document.mina05f.css]
[eventgenuss.de/index8902.html]
[eventgenuss.de/wp-content/uploads/elementor/css/post-39e4c.css]
[eventgenuss.de/index2207.html]
[eventgenuss.de/wp-content/plugins/elementor/assets/css/frontend.mind341.css]
[eventgenuss.de/wp-content/uploads/elementor/css/post-63001.css]
[eventgenuss.de/wp-content/plugins/elementor/assets/css/widget-icon-list.mind341.css]
[eventgenuss.de/wp-content/plugins/elementor/assets/css/widget-image.mind341.css]
[eventgenuss.de/wp-content/plugins/elementor/assets/css/widget-image-box.mind341.css]
[eventgenuss.de/wp-content/plugins/elementor/assets/css/widget-social-icons.mind341.css]
[eventgenuss.de/wp-content/plugins/elementor/assets/css/conditionals/apple-webkit.mind341.css]
[eventgenuss.de/wp-content/plugins/elementor/assets/css/widget-heading.mind341.css]
[eventgenuss.de/wp-content/plugins/elementor/assets/css/widget-google_maps.mind341.css]
[eventgenuss.de/wp-content/plugins/elementor/assets/css/conditionals/shapes.mind341.css]
[eventgenuss.de/wp-content/plugins/elementor/assets/lib/animations/styles/e-animation-grow.mind341.css]
[eventgenuss.de/wp-content/plugins/elementor/assets/css/widget-contact-buttons-base.mind341.css]
[eventgenuss.de/wp-content/plugins/elementor/assets/css/widget-contact-buttons-var-4.mind341.css]
[eventgenuss.de/wp-content/uploads/elementor/css/post-713001.css]
[eventgenuss.de/wp-content/uploads/elementor/css/post-973001.css]
[eventgenuss.de/wp-content/uploads/elementor/css/post-3643001.css]
[eventgenuss.de/index486a.html]
[eventgenuss.de/wp-content/plugins/complianz-gdpr/assets/images/chevron-down.svg]
