[fieges-stammhaus.de/index.html]
[backblue.gif]
[fade.gif]
[index.html]
[fieges-stammhaus.de/wp-content/uploads/2015/09/fiege_logo_stammhaus.png]
[fieges-stammhaus.de/comments/feed/index.html]
[fieges-stammhaus.de/feed/index.html]
[fieges-stammhaus.de/wp-json/oembed/1.0/embedb6aa.json]
[fieges-stammhaus.de/wp-json/oembed/1.0/embed8607]
[fieges-stammhaus.de/wp-content/themes/vantage/style1649.css]
[fieges-stammhaus.de/wp-content/plugins/complianz-gdpr/assets/css/cookieblocker.min9412.css]
[fieges-stammhaus.de/wp-content/themes/vantage-child/style856c.css]
[fieges-stammhaus.de/wp-content/themes/vantage/fontawesome/css/font-awesome83b6.css]
[fieges-stammhaus.de/wp-content/themes/vantage/inc/mobilenav/css/mobilenav856c.css]
[fieges-stammhaus.de/wp-content/plugins/easy-fancybox/fancybox/1.5.4/jquery.fancybox.min1649.css]
[fieges-stammhaus.de/wp-includes/js/jquery/jquery.minf43b.js]
[fieges-stammhaus.de/wp-includes/js/jquery/jquery-migrate.min5589.js]
[fieges-stammhaus.de/wp-content/themes/vantage/js/jquery.flexslider.min53cf.js]
[fieges-stammhaus.de/wp-content/themes/vantage/js/jquery.touchSwipe.min7514.js]
[fieges-stammhaus.de/wp-content/themes/vantage/js/jquery.theme-main.min856c.js]
[fieges-stammhaus.de/wp-content/themes/vantage/js/jquery.fitvids.min5152.js]
[fieges-stammhaus.de/wp-content/themes/vantage/inc/mobilenav/js/mobilenav.min856c.js]
[fieges-stammhaus.de/wp-json/wp/v2/pages/50.json]
[fieges-stammhaus.de/wp-json/index.html]
[fieges-stammhaus.de/wp-content/uploads/2015/09/fiege-bg1.jpg]
[fieges-stammhaus.de/wp-content/uploads/2019/09/flourish-150x124.png]
[fieges-stammhaus.de/wp-content/uploads/2019/09/flourish.png]
[fieges-stammhaus.de/fonts/lato-v23-latin-regular.woff2]
[fieges-stammhaus.de/fonts/lato-v23-latin-regular.woff]
[fieges-stammhaus.de/fonts/lato-v23-latin-700.woff2]
[fieges-stammhaus.de/fonts/lato-v23-latin-700.woff]
[fieges-stammhaus.de/fonts/playfair-display-v30-latin-regular.woff2]
[fieges-stammhaus.de/fonts/playfair-display-v30-latin-regular.woff]
[fieges-stammhaus.de/fonts/playfair-display-v30-latin-700.woff2]
[fieges-stammhaus.de/fonts/playfair-display-v30-latin-700.woff]
[fieges-stammhaus.de/fonts/playfair-display-v30-latin-900.woff2]
[fieges-stammhaus.de/fonts/playfair-display-v30-latin-900.woff]
[fieges-stammhaus.de/wp-content/uploads/2019/09/seitenback1.jpg]
[fieges-stammhaus.de/wp-content/uploads/2019/09/emblem_kl_15.png]
[fieges-stammhaus.de/wp-content/uploads/2019/09/pattern.png]
[fieges-stammhaus.de/wp-content/uploads/2018/03/fiege_stammhaus_neueroeffnung1.jpg]
[fieges-stammhaus.de/ihr-brauhaus-in-bochum/index.html]
[fieges-stammhaus.de/menue/bierkarte/index.html]
[fieges-stammhaus.de/wp-content/uploads/2018/03/fiege_stammhaus_neueroeffnung2.24.delayed]
[fieges-stammhaus.de/menue/tagesgerichte/index.html]
[fieges-stammhaus.de/menue/index.html]
[fieges-stammhaus.de/wp-content/uploads/2018/03/fiege_stammhaus_neueroeffnung3.jpg]
[fieges-stammhaus.de/menue/saisonale-rezepte/index.html]
[fieges-stammhaus.de/menue/vorspeisen/index.html]
[fieges-stammhaus.de/menue/hauptgerichte/index.html]
[fieges-stammhaus.de/wp-content/uploads/2018/03/fiege_stammhaus_neueroeffnung5.jpg]
[fieges-stammhaus.de/menue/dessert/index.html]
[fieges-stammhaus.de/menue/fuer-zwerge/index.html]
[fieges-stammhaus.de/wp-content/uploads/2018/03/fiege_stammhaus_neueroeffnung4.jpg]
[fieges-stammhaus.de/menue/weinkarte/index.html]
[fieges-stammhaus.de/wp-content/uploads/2018/03/fiege_stammhaus_neueroeffnung10.jpg]
[fieges-stammhaus.de/kontakt/index.html]
[fieges-stammhaus.de/bildergalerie/index.html]
[fieges-stammhaus.de/wp-content/uploads/2018/03/fiege_stammhaus_neueroeffnung11.jpg]
[fieges-stammhaus.de/wp-content/uploads/2018/03/fiege_stammhaus_neueroeffnung6.jpg]
[fieges-stammhaus.de/wp-content/uploads/2018/03/fiege_stammhaus_neueroeffnung12.jpg]
[fieges-stammhaus.de/wp-content/uploads/2018/03/fiege_stammhaus_neueroeffnung13.jpg]
[fieges-stammhaus.de/wp-content/uploads/2019/09/logo-links.png]
[fieges-stammhaus.de/wp-content/uploads/2025/04/spargel_4-25.jpg]
[connect.facebook.net/de_DE/sdk.js]
[fieges-stammhaus.de/wp-content/plugins/easy-fancybox/vendor/purify.min1649.js]
[fieges-stammhaus.de/datenschutzerklaerung/index.html]
[fieges-stammhaus.de/impressum/index.html]
[fieges-stammhaus.de/wp-content/plugins/easy-fancybox/fancybox/1.5.4/jquery.fancybox.min1649.js]
[fieges-stammhaus.de/wp-content/plugins/easy-fancybox/vendor/jquery.easing.min330a.js]
[fieges-stammhaus.de/cookie-richtlinie-eu/index.html]
[fieges-stammhaus.de/wp-content/plugins/easy-fancybox/vendor/jquery.mousewheel.mina9d5.js]
[fieges-stammhaus.de/wp-content/plugins/complianz-gdpr/cookiebanner/js/complianz.min9026.js]
[fieges-stammhaus.de/wp-content/plugins/ml-slider/assets/sliders/nivoslider/jquery.nivo.slider.pack5db7.js]
[fieges-stammhaus.de/wp-content/plugins/ml-slider/assets/metaslider/script.min5db7.js]
[fieges-stammhaus.de/index.html]
[fieges-stammhaus.de/xmlrpc.html]
[fieges-stammhaus.de/wp-content/themes/vantage/images/sprites/slide-indicator-inactive.png]
[fieges-stammhaus.de/wp-content/themes/vantage/images/sprites/slide-indicator-active.png]
[fieges-stammhaus.de/wp-content/themes/vantage/images/sprites/gallery-prev.png]
[fieges-stammhaus.de/wp-content/themes/vantage/images/sprites/gallery-next.png]
[fieges-stammhaus.de/wp-content/themes/vantage/images/retina/gallery-prev.png]
[fieges-stammhaus.de/wp-content/themes/vantage/images/retina/gallery-next.png]
[fieges-stammhaus.de/wp-content/themes/vantage/images/sprites/more-icon.png]
[fieges-stammhaus.de/wp-content/themes/vantage/images/retina/more-icon.png]
[fieges-stammhaus.de/wp-content/themes/vantage/images/carousel-loader.gif]
[fieges-stammhaus.de/wp-content/themes/vantage/icons/vantage-icons.eot]
[fieges-stammhaus.de/wp-content/themes/vantage/icons/vantage-iconsd41d.eot]
[fieges-stammhaus.de/wp-content/themes/vantage/icons/vantage-icons.woff]
[fieges-stammhaus.de/wp-content/themes/vantage/icons/vantage-iconsd41d.ttf]
[fieges-stammhaus.de/wp-content/themes/vantage/style1649.css]
[fieges-stammhaus.de/wp-content/plugins/complianz-gdpr/assets/css/cookieblocker.min9412.css]
[fieges-stammhaus.de/wp-content/themes/vantage-child/style856c.css]
[fieges-stammhaus.de/wp-content/themes/vantage/fontawesome/fonts/fontawesome-webfont3e6e.eot]
[fieges-stammhaus.de/wp-content/themes/vantage/fontawesome/fonts/fontawesome-webfontd41d.eot]
[fieges-stammhaus.de/wp-content/themes/vantage/fontawesome/fonts/fontawesome-webfont3e6e.woff2]
[fieges-stammhaus.de/wp-content/themes/vantage/fontawesome/fonts/fontawesome-webfont3e6e.woff]
[fieges-stammhaus.de/wp-content/themes/vantage/fontawesome/fonts/fontawesome-webfont3e6e.ttf]
[fieges-stammhaus.de/wp-content/themes/vantage/fontawesome/css/font-awesome83b6.css]
[fieges-stammhaus.de/wp-content/themes/vantage/inc/mobilenav/css/mobilenav856c.css]
[fieges-stammhaus.de/wp-content/plugins/easy-fancybox/fancybox/1.5.4/jquery.fancybox.min1649.css]
[fieges-stammhaus.de/xmlrpc0db0.html]
[fieges-stammhaus.de/wp-json/oembed/1.0/embedfc0c.json]
[fieges-stammhaus.de/wp-json/oembed/1.0/embedb711]
[fieges-stammhaus.de/wp-json/wp/v2/pages/74.json]
[fieges-stammhaus.de/ihr-brauhaus-in-bochum/index.html]
[fieges-stammhaus.de/wp-json/oembed/1.0/embed3cce.json]
[fieges-stammhaus.de/wp-json/oembed/1.0/embed2e1c]
[fieges-stammhaus.de/wp-json/wp/v2/pages/4.json]
[fieges-stammhaus.de/wp-content/uploads/2015/09/Menue_1.jpg]
[fieges-stammhaus.de/wp-content/uploads/2015/09/Menue_2.jpg]
[fieges-stammhaus.de/wp-content/uploads/2015/09/Menue_3neu.jpg]
[fieges-stammhaus.de/wp-content/uploads/2015/09/Menue_4.jpg]
[fieges-stammhaus.de/wp-content/uploads/2015/09/Menue_5.jpg]
[fieges-stammhaus.de/wp-content/uploads/2015/09/Menue_6.jpg]
[fieges-stammhaus.de/menue/index.html]
[fieges-stammhaus.de/wp-json/oembed/1.0/embed0c12.json]
[fieges-stammhaus.de/wp-json/oembed/1.0/embed11a8]
[fieges-stammhaus.de/wp-content/plugins/quick-restaurant-menu/assets/css/magnific-popup1649.css]
[fieges-stammhaus.de/wp-content/plugins/quick-restaurant-menu/assets/css/erm-front3c94.css]
[fieges-stammhaus.de/wp-json/wp/v2/pages/772.json]
[fieges-stammhaus.de/wp-content/uploads/2015/10/bierkarte1_1.jpg]
[fieges-stammhaus.de/wp-content/uploads/2015/10/bierkarte1_2.jpg]
[fieges-stammhaus.de/wp-content/uploads/2015/10/bierkarte1_3.jpg]
[fieges-stammhaus.de/wp-content/plugins/quick-restaurant-menu/assets/js/jquery.magnific-popup.min8a54.js]
[fieges-stammhaus.de/wp-content/plugins/quick-restaurant-menu/assets/js/erm-front-scripts8a54.js]
[fieges-stammhaus.de/menue/bierkarte/index.html]
[fieges-stammhaus.de/wp-json/oembed/1.0/embed3484.json]
[fieges-stammhaus.de/wp-json/oembed/1.0/embedb297]
[fieges-stammhaus.de/wp-json/wp/v2/pages/19.json]
[fieges-stammhaus.de/wp-content/uploads/2015/09/mittagstisch_1.jpg]
[fieges-stammhaus.de/wp-content/uploads/2015/09/mittagstisch_2.jpg]
[fieges-stammhaus.de/wp-content/uploads/2015/09/mittagstisch_3.jpg]
[fieges-stammhaus.de/menue/tagesgerichte/index.html]
[fieges-stammhaus.de/wp-json/oembed/1.0/embed5d31.json]
[fieges-stammhaus.de/wp-json/oembed/1.0/embedeab0]
[fieges-stammhaus.de/wp-json/wp/v2/pages/107.json]
[fieges-stammhaus.de/wp-content/uploads/2016/08/gerichte_saison1.jpg]
[fieges-stammhaus.de/wp-content/uploads/2016/08/gerichte_saison2.jpg]
[fieges-stammhaus.de/wp-content/uploads/2016/08/gerichte_saison3.jpg]
[fieges-stammhaus.de/wp-content/uploads/2016/08/gerichte_saison4.jpg]
[fieges-stammhaus.de/wp-content/uploads/2016/08/gerichte_saison5.jpg]
[fieges-stammhaus.de/menue/saisonale-rezepte/index.html]
[fieges-stammhaus.de/wp-json/oembed/1.0/embedf40b.json]
[fieges-stammhaus.de/wp-json/oembed/1.0/embed4104]
[fieges-stammhaus.de/wp-json/wp/v2/pages/105.json]
[fieges-stammhaus.de/wp-content/uploads/2015/09/vorspeise_1.jpg]
[fieges-stammhaus.de/wp-content/uploads/2015/09/vorspeise_6.jpg]
[fieges-stammhaus.de/wp-content/uploads/2015/09/vorspeise_5.jpg]
[fieges-stammhaus.de/wp-content/uploads/2015/09/vorspeise_4.jpg]
[fieges-stammhaus.de/wp-content/uploads/2015/09/vorspeise_3.jpg]
[fieges-stammhaus.de/wp-content/uploads/2015/09/vorspeise_2.jpg]
[fieges-stammhaus.de/menue/vorspeisen/index.html]
[fieges-stammhaus.de/wp-json/oembed/1.0/embedd9f4.json]
[fieges-stammhaus.de/wp-json/oembed/1.0/embed1729]
[fieges-stammhaus.de/wp-json/wp/v2/pages/153.json]
[fieges-stammhaus.de/wp-content/uploads/2015/09/hauptspeise_1.jpg]
[fieges-stammhaus.de/wp-content/uploads/2015/09/hauptspeise_5.jpg]
[fieges-stammhaus.de/wp-content/uploads/2015/09/hauptspeise_4.jpg]
[fieges-stammhaus.de/wp-content/uploads/2015/09/hauptspeise_3.jpg]
[fieges-stammhaus.de/wp-content/uploads/2015/09/hauptspeise_2.jpg]
[fieges-stammhaus.de/menue/hauptgerichte/index.html]
[fieges-stammhaus.de/wp-json/oembed/1.0/embed8916.json]
[fieges-stammhaus.de/wp-json/oembed/1.0/embed4c69]
[fieges-stammhaus.de/wp-json/wp/v2/pages/171.json]
[fieges-stammhaus.de/wp-content/uploads/2015/09/zwerge_1.jpg]
[fieges-stammhaus.de/wp-content/uploads/2015/09/zwerge_2.jpg]
[fieges-stammhaus.de/wp-content/uploads/2015/09/zwerge_3.jpg]
[fieges-stammhaus.de/menue/fuer-zwerge/index.html]
[fieges-stammhaus.de/wp-json/oembed/1.0/embed96da.json]
[fieges-stammhaus.de/wp-json/oembed/1.0/embedeb1e]
[fieges-stammhaus.de/wp-json/wp/v2/pages/169.json]
[fieges-stammhaus.de/wp-content/uploads/2015/09/nachtisch_1.jpg]
[fieges-stammhaus.de/wp-content/uploads/2015/09/nachtisch_2.jpg]
[fieges-stammhaus.de/menue/dessert/index.html]
[fieges-stammhaus.de/wp-json/oembed/1.0/embedb2e9.json]
[fieges-stammhaus.de/wp-json/oembed/1.0/embed974e]
[fieges-stammhaus.de/wp-json/wp/v2/pages/165.json]
[fieges-stammhaus.de/wp-content/uploads/2015/10/weinkarte1_1.jpg]
[fieges-stammhaus.de/wp-content/uploads/2015/10/weinkarte1_2.jpg]
[fieges-stammhaus.de/menue/weinkarte/index.html]
[fieges-stammhaus.de/wp-json/oembed/1.0/embeddecc.json]
[fieges-stammhaus.de/wp-json/oembed/1.0/embed9626]
[fieges-stammhaus.de/wp-json/wp/v2/pages/23.json]
[fieges-stammhaus.de/kontakt/index.html]
[fieges-stammhaus.de/wp-content/uploads/2018/03/neueroeffnung-gal_01-150x150.jpg]
[fieges-stammhaus.de/wp-json/oembed/1.0/embedd5bd.json]
[fieges-stammhaus.de/wp-json/oembed/1.0/embedd7b3]
[fieges-stammhaus.de/wp-json/wp/v2/pages/2156.json]
[fieges-stammhaus.de/wp-content/uploads/2018/03/neueroeffnung-gal_01.jpg]
[fieges-stammhaus.de/wp-content/uploads/2018/03/neueroeffnung-gal_29.jpg]
[fieges-stammhaus.de/wp-content/uploads/2018/03/neueroeffnung-gal_29-150x150.jpg]
[fieges-stammhaus.de/wp-content/uploads/2018/03/neueroeffnung-gal_28.jpg]
[fieges-stammhaus.de/wp-content/uploads/2018/03/neueroeffnung-gal_28-150x150.jpg]
[fieges-stammhaus.de/wp-content/uploads/2018/03/neueroeffnung-gal_27.jpg]
[fieges-stammhaus.de/wp-content/uploads/2018/03/neueroeffnung-gal_27-150x150.jpg]
[fieges-stammhaus.de/wp-content/uploads/2018/03/neueroeffnung-gal_26.jpg]
[fieges-stammhaus.de/wp-content/uploads/2018/03/neueroeffnung-gal_26-150x150.jpg]
[fieges-stammhaus.de/wp-content/uploads/2018/03/neueroeffnung-gal_25.jpg]
[fieges-stammhaus.de/wp-content/uploads/2018/03/neueroeffnung-gal_25-150x150.jpg]
[fieges-stammhaus.de/wp-content/uploads/2018/03/neueroeffnung-gal_24.jpg]
[fieges-stammhaus.de/wp-content/uploads/2018/03/neueroeffnung-gal_24-150x150.jpg]
[fieges-stammhaus.de/wp-content/uploads/2018/03/neueroeffnung-gal_23.jpg]
[fieges-stammhaus.de/wp-content/uploads/2018/03/neueroeffnung-gal_23-150x150.jpg]
[fieges-stammhaus.de/wp-content/uploads/2018/03/neueroeffnung-gal_22.jpg]
[fieges-stammhaus.de/wp-content/uploads/2018/03/neueroeffnung-gal_22-150x150.jpg]
[fieges-stammhaus.de/wp-content/uploads/2018/03/neueroeffnung-gal_21.jpg]
[fieges-stammhaus.de/wp-content/uploads/2018/03/neueroeffnung-gal_21-150x150.jpg]
[fieges-stammhaus.de/wp-content/uploads/2018/03/neueroeffnung-gal_20.jpg]
[fieges-stammhaus.de/wp-content/uploads/2018/03/neueroeffnung-gal_20-150x150.jpg]
[fieges-stammhaus.de/wp-content/uploads/2018/03/neueroeffnung-gal_19.jpg]
[fieges-stammhaus.de/wp-content/uploads/2018/03/neueroeffnung-gal_19-150x150.jpg]
[fieges-stammhaus.de/wp-content/uploads/2018/03/neueroeffnung-gal_18.jpg]
[fieges-stammhaus.de/wp-content/uploads/2018/03/neueroeffnung-gal_18-150x150.jpg]
[fieges-stammhaus.de/wp-content/uploads/2018/03/neueroeffnung-gal_17.jpg]
[fieges-stammhaus.de/wp-content/uploads/2018/03/neueroeffnung-gal_17-150x150.jpg]
[fieges-stammhaus.de/wp-content/uploads/2018/03/neueroeffnung-gal_16.jpg]
[fieges-stammhaus.de/wp-content/uploads/2018/03/neueroeffnung-gal_16-150x150.jpg]
[fieges-stammhaus.de/wp-content/uploads/2018/03/neueroeffnung-gal_15.jpg]
[fieges-stammhaus.de/wp-content/uploads/2018/03/neueroeffnung-gal_15-150x150.jpg]
[fieges-stammhaus.de/wp-content/uploads/2018/03/neueroeffnung-gal_14.jpg]
[fieges-stammhaus.de/wp-content/uploads/2018/03/neueroeffnung-gal_14-150x150.jpg]
[fieges-stammhaus.de/wp-content/uploads/2018/03/neueroeffnung-gal_13.jpg]
[fieges-stammhaus.de/wp-content/uploads/2018/03/neueroeffnung-gal_13-150x150.jpg]
[fieges-stammhaus.de/wp-content/uploads/2018/03/neueroeffnung-gal_12.jpg]
[fieges-stammhaus.de/wp-content/uploads/2018/03/neueroeffnung-gal_12-150x150.jpg]
[fieges-stammhaus.de/wp-content/uploads/2018/03/neueroeffnung-gal_48.jpg]
[fieges-stammhaus.de/wp-content/uploads/2018/03/neueroeffnung-gal_48-150x150.jpg]
[fieges-stammhaus.de/wp-content/uploads/2018/03/neueroeffnung-gal_47.jpg]
[fieges-stammhaus.de/wp-content/uploads/2018/03/neueroeffnung-gal_47-150x150.jpg]
[fieges-stammhaus.de/wp-content/uploads/2018/03/neueroeffnung-gal_46.jpg]
[fieges-stammhaus.de/wp-content/uploads/2018/03/neueroeffnung-gal_46-150x150.jpg]
[fieges-stammhaus.de/wp-content/uploads/2018/03/neueroeffnung-gal_45.jpg]
[fieges-stammhaus.de/wp-content/uploads/2018/03/neueroeffnung-gal_45-150x150.jpg]
[fieges-stammhaus.de/wp-content/uploads/2018/03/neueroeffnung-gal_44.jpg]
[fieges-stammhaus.de/wp-content/uploads/2018/03/neueroeffnung-gal_44-150x150.jpg]
[fieges-stammhaus.de/wp-content/uploads/2018/03/neueroeffnung-gal_43.jpg]
[fieges-stammhaus.de/wp-content/uploads/2018/03/neueroeffnung-gal_43-150x150.jpg]
[fieges-stammhaus.de/wp-content/uploads/2018/03/neueroeffnung-gal_42.jpg]
[fieges-stammhaus.de/wp-content/uploads/2018/03/neueroeffnung-gal_42-150x150.jpg]
[fieges-stammhaus.de/wp-content/uploads/2018/03/neueroeffnung-gal_41.jpg]
[fieges-stammhaus.de/wp-content/uploads/2018/03/neueroeffnung-gal_41-150x150.jpg]
[fieges-stammhaus.de/wp-content/uploads/2018/03/neueroeffnung-gal_40.jpg]
[fieges-stammhaus.de/wp-content/uploads/2018/03/neueroeffnung-gal_40-150x150.jpg]
[fieges-stammhaus.de/wp-content/uploads/2018/03/neueroeffnung-gal_39.jpg]
[fieges-stammhaus.de/wp-content/uploads/2018/03/neueroeffnung-gal_39-150x150.jpg]
[fieges-stammhaus.de/wp-content/uploads/2018/03/neueroeffnung-gal_38.jpg]
[fieges-stammhaus.de/wp-content/uploads/2018/03/neueroeffnung-gal_38-150x150.jpg]
[fieges-stammhaus.de/wp-content/uploads/2018/03/neueroeffnung-gal_37.jpg]
[fieges-stammhaus.de/wp-content/uploads/2018/03/neueroeffnung-gal_37-150x150.jpg]
[fieges-stammhaus.de/wp-content/uploads/2018/03/neueroeffnung-gal_36.jpg]
[fieges-stammhaus.de/wp-content/uploads/2018/03/neueroeffnung-gal_36-150x150.jpg]
[fieges-stammhaus.de/wp-content/uploads/2018/03/neueroeffnung-gal_35.jpg]
[fieges-stammhaus.de/wp-content/uploads/2018/03/neueroeffnung-gal_35-150x150.jpg]
[fieges-stammhaus.de/wp-content/uploads/2018/03/neueroeffnung-gal_34.jpg]
[fieges-stammhaus.de/wp-content/uploads/2018/03/neueroeffnung-gal_34-150x150.jpg]
[fieges-stammhaus.de/wp-content/uploads/2018/03/neueroeffnung-gal_33.jpg]
[fieges-stammhaus.de/wp-content/uploads/2018/03/neueroeffnung-gal_33-150x150.jpg]
[fieges-stammhaus.de/wp-content/uploads/2018/03/neueroeffnung-gal_32.jpg]
[fieges-stammhaus.de/wp-content/uploads/2018/03/neueroeffnung-gal_32-150x150.jpg]
[fieges-stammhaus.de/wp-content/uploads/2018/03/neueroeffnung-gal_31.jpg]
[fieges-stammhaus.de/wp-content/uploads/2018/03/neueroeffnung-gal_31-150x150.jpg]
[fieges-stammhaus.de/wp-content/uploads/2018/03/neueroeffnung-gal_30.jpg]
[fieges-stammhaus.de/wp-content/uploads/2018/03/neueroeffnung-gal_30-150x150.jpg]
[fieges-stammhaus.de/wp-content/uploads/2018/03/neueroeffnung-gal_11.jpg]
[fieges-stammhaus.de/wp-content/uploads/2018/03/neueroeffnung-gal_11-150x150.jpg]
[fieges-stammhaus.de/wp-content/uploads/2018/03/neueroeffnung-gal_10.jpg]
[fieges-stammhaus.de/wp-content/uploads/2018/03/neueroeffnung-gal_10-150x150.jpg]
[fieges-stammhaus.de/wp-content/uploads/2018/03/neueroeffnung-gal_09.jpg]
[fieges-stammhaus.de/wp-content/uploads/2018/03/neueroeffnung-gal_09-150x150.jpg]
[fieges-stammhaus.de/wp-content/uploads/2018/03/neueroeffnung-gal_08.jpg]
[fieges-stammhaus.de/wp-content/uploads/2018/03/neueroeffnung-gal_08-150x150.jpg]
[fieges-stammhaus.de/wp-content/uploads/2018/03/neueroeffnung-gal_07.jpg]
[fieges-stammhaus.de/wp-content/uploads/2018/03/neueroeffnung-gal_07-150x150.jpg]
[fieges-stammhaus.de/wp-content/uploads/2018/03/neueroeffnung-gal_06.jpg]
[fieges-stammhaus.de/wp-content/uploads/2018/03/neueroeffnung-gal_06-150x150.jpg]
[fieges-stammhaus.de/wp-content/uploads/2018/03/neueroeffnung-gal_05.jpg]
[fieges-stammhaus.de/wp-content/uploads/2018/03/neueroeffnung-gal_05-150x150.jpg]
[fieges-stammhaus.de/wp-content/uploads/2018/03/neueroeffnung-gal_04.jpg]
[fieges-stammhaus.de/wp-content/uploads/2018/03/neueroeffnung-gal_04-150x150.jpg]
[fieges-stammhaus.de/wp-content/uploads/2018/03/neueroeffnung-gal_03.jpg]
[fieges-stammhaus.de/wp-content/uploads/2018/03/neueroeffnung-gal_03-150x150.jpg]
[fieges-stammhaus.de/wp-content/uploads/2018/03/neueroeffnung-gal_02.jpg]
[fieges-stammhaus.de/wp-content/uploads/2018/03/neueroeffnung-gal_02-150x150.jpg]
[fieges-stammhaus.de/wp-content/uploads/2015/09/gaststaette1.jpg]
[fieges-stammhaus.de/wp-content/uploads/2015/09/gaststaette1-150x150.jpg]
[fieges-stammhaus.de/wp-content/uploads/2015/09/gaststaette2.jpg]
[fieges-stammhaus.de/wp-content/uploads/2015/09/gaststaette2-150x150.jpg]
[fieges-stammhaus.de/wp-content/uploads/2015/09/gaststaette3.jpg]
[fieges-stammhaus.de/wp-content/uploads/2015/09/gaststaette3-150x150.jpg]
[fieges-stammhaus.de/wp-content/uploads/2015/09/gaststaette4.jpg]
[fieges-stammhaus.de/wp-content/uploads/2015/09/gaststaette4-150x150.jpg]
[fieges-stammhaus.de/bildergalerie/index.html]
[connect.facebook.net/de_DE/sdk.js]
[fieges-stammhaus.de/wp-json/oembed/1.0/embed1c72.json]
[fieges-stammhaus.de/wp-json/oembed/1.0/embed3033]
[fieges-stammhaus.de/wp-json/wp/v2/pages/229.json]
[fieges-stammhaus.de/impressum/index.html]
[fieges-stammhaus.de/wp-json/oembed/1.0/embed6976.json]
[fieges-stammhaus.de/wp-json/oembed/1.0/embed67dd]
[fieges-stammhaus.de/wp-json/wp/v2/pages/2281.json]
[fieges-stammhaus.de/datenschutzerklaerung/index.html]
[fieges-stammhaus.de/wp-json/oembed/1.0/embed7bb6.json]
[fieges-stammhaus.de/wp-json/oembed/1.0/embed403e]
[fieges-stammhaus.de/wp-content/plugins/complianz-gdpr/assets/css/document.min9412.css]
[fieges-stammhaus.de/wp-json/wp/v2/pages/2720.json]
[fieges-stammhaus.de/cookie-richtlinie-eu/index.html]
[fieges-stammhaus.de/wp-content/themes/vantage/icons/vantage-icons.svg]
[fieges-stammhaus.de/menue/stammhausklassiker/index.html]
[fieges-stammhaus.de/wp-content/plugins/quick-restaurant-menu/assets/css/magnific-popup1649.css]
[fieges-stammhaus.de/wp-content/plugins/quick-restaurant-menu/assets/css/erm-front3c94.css]
[fieges-stammhaus.de/wp-content/plugins/complianz-gdpr/assets/css/document.min9412.css]
[fieges-stammhaus.de/wp-content/plugins/complianz-gdpr/assets/images/chevron-down.svg]
