[backblue.gif]
[fade.gif]
[index.html]
[gasthausgoeke.de/wp-content/uploads/2023/08/ITCEDSCR.ttf]
[gasthausgoeke.de/comments/feed/index.html]
[gasthausgoeke.de/feed/index.html]
[gasthausgoeke.de/wp-json/oembed/1.0/embed74f6.json]
[gasthausgoeke.de/wp-json/oembed/1.0/embedf346]
[gasthausgoeke.de/wp-content/uploads/2023/08/Old-English-Five.ttf]
[gasthausgoeke.de/wp-content/cache/autoptimize/autoptimize_single_7e8fad7884265e0279a94f0582e94ccd0875.css]
[gasthausgoeke.de/wp-content/cache/autoptimize/autoptimize_single_bf8383f625882e84775c33c2ba1fdef10875.css]
[gasthausgoeke.de/wp-content/cache/autoptimize/autoptimize_single_d1c998b249914beb9baa778dd44d947a0875.css]
[gasthausgoeke.de/wp-content/cache/autoptimize/autoptimize_single_07250d3980bb58ba190eb0495a6699c80875.css]
[gasthausgoeke.de/wp-content/cache/autoptimize/autoptimize_single_f9d59ee0895e36a14481c6c587f4eaaa0875.css]
[gasthausgoeke.de/wp-content/cache/autoptimize/autoptimize_single_cb578d9be333ba6830e813a63412189f67d8.css]
[gasthausgoeke.de/wp-content/cache/autoptimize/autoptimize_single_070faa18936934cfbd5ef9d42816ed138a54.css]
[gasthausgoeke.de/wp-content/cache/autoptimize/autoptimize_single_70b68f09476d5611867613c7dd0aeae5a557.css]
[gasthausgoeke.de/wp-content/cache/autoptimize/autoptimize_single_f65b3af382b1103485fd6963338b007d4755.css]
[gasthausgoeke.de/wp-content/cache/autoptimize/autoptimize_single_677532362fefb2241d76399a52ddd767a0c1.css]
[gasthausgoeke.de/wp-content/cache/autoptimize/autoptimize_single_14898843a45e0965c7c33efd42a2388128a6.css]
[use.fontawesome.com/releases/v5.15.4/css/allb95e.css]
[gasthausgoeke.de/wp-includes/js/jquery/jquery.minf43b.js]
[gasthausgoeke.de/wp-includes/js/jquery/jquery-migrate.min5589.js]
[gasthausgoeke.de/wp-json/index.html]
[gasthausgoeke.de/wp-json/wp/v2/pages/91.json]
[gasthausgoeke.de/wp-content/uploads/2023/08/cropped-Bild1-1-32x32.png]
[gasthausgoeke.de/wp-content/uploads/2023/08/cropped-Bild1-1-192x192.png]
[gasthausgoeke.de/wp-content/uploads/2023/08/cropped-Bild1-1-180x180.png]
[gasthausgoeke.de/wp-content/uploads/2023/08/Bild1.png]
[gasthausgoeke.de/wp-content/uploads/elementor/thumbs/01a2f61203a890979d6a1b968ef9d004aefd08d665-qe5toprzuy64nkleybrhsswsm19zfporqtt2udf79k.jpg]
[gasthausgoeke.de/wp-content/cache/autoptimize/autoptimize_single_864a569719d34d2c9da8dc7c36bf77f3ac35.php]
[gasthausgoeke.de/wp-content/cache/autoptimize/autoptimize_single_d6b7e183586031a05f06911eecc2d67c8a54.php]
[gasthausgoeke.de/wp-content/plugins/ht-mega-for-elementor/assets/js/slick.min0875.js]
[gasthausgoeke.de/wp-content/cache/autoptimize/autoptimize_single_39cbbef2a692223cee88c35e3d39438c0875.php]
[gasthausgoeke.de/wp-content/plugins/ht-mega-for-elementor/assets/js/popper.min0875.js]
[gasthausgoeke.de/wp-content/cache/autoptimize/autoptimize_single_15c81e90c1c12d0a870d1baac09fc5080875.php]
[gasthausgoeke.de/wp-content/cache/autoptimize/autoptimize_single_0278360babe563031f14717901af810a0875.php]
[gasthausgoeke.de/wp-content/plugins/3d-flipbook-dflip-lite/assets/js/dflip.min3023.js]
[gasthausgoeke.de/wp-content/plugins/wp-typography/js/clean-clipboard.min74e5.js]
[gasthausgoeke.de/wp-content/cache/autoptimize/autoptimize_single_3a5bb4b5bc83f443e59886f9bd62c71c4bf4.php]
[gasthausgoeke.de/wp-content/cache/autoptimize/autoptimize_single_f75cfc34c291896dbfd8911782d7b3caf269.php]
[gasthausgoeke.de/wp-content/cache/autoptimize/autoptimize_single_c99417b2c046538492e432ba78815924f269.php]
[gasthausgoeke.de/wp-content/cache/autoptimize/autoptimize_single_e99fae1e621d60b6e1fc74418191b4f2a352.php]
[gasthausgoeke.de/wp-content/cache/autoptimize/autoptimize_single_fc128e4ab43f4c7f5fc8dda8bf1549bfa352.php]
[gasthausgoeke.de/wp-content/cache/autoptimize/autoptimize_single_e1432f8f415f41bd0e58452cd5b63afcf269.php]
[gasthausgoeke.de/wp-includes/js/jquery/ui/core.minb37e.js]
[gasthausgoeke.de/wp-includes/js/jquery/ui/datepicker.minb37e.js]
[gasthausgoeke.de/wp-includes/js/imagesloaded.minbb93.js]
[gasthausgoeke.de/wp-content/plugins/elementor-pro/assets/js/webpack-pro.runtime.minde8f.js]
[gasthausgoeke.de/wp-content/plugins/elementor/assets/js/webpack.runtime.minde8f.js]
[gasthausgoeke.de/wp-content/plugins/elementor/assets/js/frontend-modules.minde8f.js]
[gasthausgoeke.de/wp-includes/js/dist/hooks.minaf5f.js]
[gasthausgoeke.de/wp-includes/js/dist/i18n.min1cde.js]
[gasthausgoeke.de/wp-content/plugins/elementor-pro/assets/js/frontend.minde8f.js]
[gasthausgoeke.de/wp-content/plugins/elementor/assets/lib/waypoints/waypoints.min05da.js]
[gasthausgoeke.de/wp-content/plugins/elementor/assets/js/frontend.minde8f.js]
[gasthausgoeke.de/wp-content/plugins/elementor-pro/assets/js/elements-handlers.minde8f.js]
[gasthausgoeke.de/index.html]
[gasthausgoeke.de/wp-includes/fonts/dashicons7d4b.eot]
[gasthausgoeke.de/wp-includes/fonts/dashicons7d4b.ttf]
[gasthausgoeke.de/wp-includes/css/dashicons.min4d80.css]
[gasthausgoeke.de/wp-content/cache/autoptimize/autoptimize_single_7e8fad7884265e0279a94f0582e94ccd0875.css]
[gasthausgoeke.de/wp-content/plugins/ht-mega-for-elementor/assets/images/ajax-loader.gif]
[gasthausgoeke.de/wp-content/plugins/ht-mega-for-elementor/assets/fonts/slick.eot]
[gasthausgoeke.de/wp-content/plugins/ht-mega-for-elementor/assets/fonts/slickd41d.eot]
[gasthausgoeke.de/wp-content/plugins/ht-mega-for-elementor/assets/fonts/slick.woff]
[gasthausgoeke.de/wp-content/plugins/ht-mega-for-elementor/assets/fonts/slick.ttf]
[gasthausgoeke.de/wp-content/plugins/ht-mega-for-elementor/assets/css/slick.min0875.css]
[gasthausgoeke.de/wp-content/plugins/ht-mega-for-elementor/admin/assets/extensions/ht-menu/fonts/fontawesome-webfont3e6e.eot]
[gasthausgoeke.de/wp-content/plugins/ht-mega-for-elementor/admin/assets/extensions/ht-menu/fonts/fontawesome-webfontd41d.eot]
[gasthausgoeke.de/wp-content/plugins/ht-mega-for-elementor/admin/assets/extensions/ht-menu/fonts/fontawesome-webfont3e6e.woff2]
[gasthausgoeke.de/wp-content/plugins/ht-mega-for-elementor/admin/assets/extensions/ht-menu/fonts/fontawesome-webfont3e6e.woff]
[gasthausgoeke.de/wp-content/plugins/ht-mega-for-elementor/admin/assets/extensions/ht-menu/fonts/fontawesome-webfont3e6e.ttf]
[gasthausgoeke.de/wp-content/plugins/ht-mega-for-elementor/admin/assets/extensions/ht-menu/css/font-awesome.min0875.css]
[gasthausgoeke.de/wp-content/plugins/ht-mega-for-elementor/htmega-blocks/build/images/call-to-action-style-3-bg.2a3704e3.png]
[gasthausgoeke.de/wp-content/cache/autoptimize/autoptimize_single_bf8383f625882e84775c33c2ba1fdef10875.css]
[gasthausgoeke.de/wp-content/cache/autoptimize/autoptimize_single_d1c998b249914beb9baa778dd44d947a0875.css]
[gasthausgoeke.de/wp-content/plugins/elementor/assets/lib/font-awesome/fonts/fontawesome-webfont3e6e.eot]
[gasthausgoeke.de/wp-content/plugins/elementor/assets/lib/font-awesome/fonts/fontawesome-webfontd41d.eot]
[gasthausgoeke.de/wp-content/plugins/elementor/assets/lib/font-awesome/fonts/fontawesome-webfont3e6e.woff2]
[gasthausgoeke.de/wp-content/plugins/elementor/assets/lib/font-awesome/fonts/fontawesome-webfont3e6e.woff]
[gasthausgoeke.de/wp-content/plugins/elementor/assets/lib/font-awesome/fonts/fontawesome-webfont3e6e.ttf]
[gasthausgoeke.de/wp-content/plugins/elementor/assets/lib/font-awesome/css/font-awesome.min1849.css]
[gasthausgoeke.de/wp-content/cache/autoptimize/autoptimize_single_07250d3980bb58ba190eb0495a6699c80875.css]
[gasthausgoeke.de/wp-content/cache/autoptimize/autoptimize_single_f9d59ee0895e36a14481c6c587f4eaaa0875.css]
[gasthausgoeke.de/wp-content/cache/autoptimize/autoptimize_single_cb578d9be333ba6830e813a63412189f67d8.css]
[gasthausgoeke.de/wp-content/cache/autoptimize/autoptimize_single_070faa18936934cfbd5ef9d42816ed138a54.css]
[gasthausgoeke.de/wp-content/plugins/3d-flipbook-dflip-lite/assets/fonts/themify.eot]
[gasthausgoeke.de/wp-content/plugins/3d-flipbook-dflip-lite/assets/fonts/themifyd41d.eot]
[gasthausgoeke.de/wp-content/plugins/3d-flipbook-dflip-lite/assets/fonts/themify.woff]
[gasthausgoeke.de/wp-content/plugins/3d-flipbook-dflip-lite/assets/fonts/themify.ttf]
[gasthausgoeke.de/wp-content/plugins/3d-flipbook-dflip-lite/assets/css/themify-icons.min3023.css]
[gasthausgoeke.de/wp-content/plugins/3d-flipbook-dflip-lite/assets/images/loading.gif]
[gasthausgoeke.de/wp-content/plugins/3d-flipbook-dflip-lite/assets/css/dflip.min3023.css]
[gasthausgoeke.de/wp-content/plugins/elementor/assets/lib/eicons/fonts/eicons8016.eot]
[gasthausgoeke.de/wp-content/plugins/elementor/assets/lib/eicons/fonts/eicons8016.woff2]
[gasthausgoeke.de/wp-content/plugins/elementor/assets/lib/eicons/fonts/eicons8016.woff]
[gasthausgoeke.de/wp-content/plugins/elementor/assets/lib/eicons/fonts/eicons8016.ttf]
[gasthausgoeke.de/wp-content/plugins/elementor/assets/lib/eicons/css/elementor-icons.mind54b.css]
[gasthausgoeke.de/wp-content/plugins/elementor/assets/css/frontend-lite.minde8f.css]
[gasthausgoeke.de/wp-content/plugins/elementor/assets/lib/swiper/v8/css/swiper.min94a4.css]
[gasthausgoeke.de/wp-content/cache/autoptimize/autoptimize_single_70b68f09476d5611867613c7dd0aeae5a557.css]
[gasthausgoeke.de/wp-content/plugins/elementor-pro/assets/css/frontend-lite.minde8f.css]
[gasthausgoeke.de/wp-content/cache/autoptimize/autoptimize_single_f65b3af382b1103485fd6963338b007d4755.css]
[gasthausgoeke.de/wp-content/cache/autoptimize/autoptimize_single_677532362fefb2241d76399a52ddd767a0c1.css]
[gasthausgoeke.de/wp-content/cache/autoptimize/autoptimize_single_14898843a45e0965c7c33efd42a2388128a6.css]
[use.fontawesome.com/releases/v5.15.4/css/allb95e.css]
[gasthausgoeke.de/wp-content/plugins/elementor/assets/lib/font-awesome/css/fontawesome.min52d5.css]
[gasthausgoeke.de/wp-content/plugins/elementor/assets/lib/font-awesome/webfonts/fa-solid-900.eot]
[gasthausgoeke.de/wp-content/plugins/elementor/assets/lib/font-awesome/webfonts/fa-solid-900d41d.eot]
[gasthausgoeke.de/wp-content/plugins/elementor/assets/lib/font-awesome/webfonts/fa-solid-900.woff2]
[gasthausgoeke.de/wp-content/plugins/elementor/assets/lib/font-awesome/webfonts/fa-solid-900.woff]
[gasthausgoeke.de/wp-content/plugins/elementor/assets/lib/font-awesome/webfonts/fa-solid-900.ttf]
[gasthausgoeke.de/wp-content/plugins/elementor/assets/lib/font-awesome/css/solid.min52d5.css]
[gasthausgoeke.de/wp-content/plugins/elementor/assets/lib/font-awesome/webfonts/fa-regular-400.eot]
[gasthausgoeke.de/wp-content/plugins/elementor/assets/lib/font-awesome/webfonts/fa-regular-400d41d.eot]
[gasthausgoeke.de/wp-content/plugins/elementor/assets/lib/font-awesome/webfonts/fa-regular-400.woff2]
[gasthausgoeke.de/wp-content/plugins/elementor/assets/lib/font-awesome/webfonts/fa-regular-400.woff]
[gasthausgoeke.de/wp-content/plugins/elementor/assets/lib/font-awesome/webfonts/fa-regular-400.ttf]
[gasthausgoeke.de/wp-content/plugins/elementor/assets/lib/font-awesome/css/regular.min52d5.css]
[gasthausgoeke.de/xmlrpc0db0.html]
[gasthausgoeke.de/wp-content/plugins/3d-flipbook-dflip-lite/assets/index.html]
[gasthausgoeke.de/wp-content/plugins/elementor/assets/lib/animations/animations.minde8f.css]
[gasthausgoeke.de/wp-content/uploads/2023/08/logo_xl.svg]
[gasthausgoeke.de/wp-json/oembed/1.0/embed24bb.json]
[gasthausgoeke.de/wp-json/oembed/1.0/embed0972]
[gasthausgoeke.de/wp-content/cache/autoptimize/autoptimize_single_e23df938a6bc7dcb56102e75d40063542747.css]
[gasthausgoeke.de/wp-json/wp/v2/pages/16.json]
[gasthausgoeke.de/wp-content/uploads/elementor/thumbs/012627ba292be1a51906499bfc5d3d517adb89197b-qe5sfipi45e907im6n74qljay13bv47jocwxm68oeg.jpg]
[gasthausgoeke.de/wp-content/uploads/elementor/thumbs/016004fcc89628948ab5eeaf95dcc7ee42eec9491c-qe5sfd2gz56j2jqt3krdbmyjdpv4kxl5nl00qih1fs.jpg]
[gasthausgoeke.de/wp-content/uploads/elementor/thumbs/01e3781bfead9b51d84b8fe799ca7a0b22972071d6-qfeaa81ulgrl09eu4w7783ttqv8ybg0z41jrqx8sjs.jpg]
[gasthausgoeke.de/wp-content/uploads/elementor/thumbs/013d7638df09cb29a2a95fc2ed10a97c0a546a4aa8-qe5sf0ukiapsvm8k2xh7x81jnpjcsv8n9wiphwz5oo.jpg]
[gasthausgoeke.de/wp-content/uploads/elementor/thumbs/013f9560af4d83f7d37c9b3c41852bf9620d334c04-qe5sew5dk4jd9kfdudg32r88os6iqdpzl99a3j64js.jpg]
[gasthausgoeke.de/wp-content/uploads/elementor/thumbs/0149037893be8fe5cf0ef4495ce51ff57e01259ae2-qe5seomo1g92ooqb2a72it4jxp7l0sw4w81e9bh9xk.jpg]
[gasthausgoeke.de/wp-content/uploads/elementor/thumbs/01ca1269645ac9bbd5dc01f0ec28db4e438ec494c2-1-qfeaefdv5siqxhb0l7m4vjn1dwj1qpprcuky0h0eq0.jpg]
[gasthausgoeke.de/wp-content/uploads/elementor/thumbs/01bd2c6647ca66ea6e3b582aa37e43fbf8f7c24f7b-qe5sc0r3p9l0s0h5on9nvvququ1d1sxndp4flqymyo.jpg]
[gasthausgoeke.de/wp-content/uploads/elementor/thumbs/01dcd8eda81bc8c1266fcbdc64ff72add61b6ac00d-qe5sbu68dfc0iqqpr2f9wfeml4xsjx7j0sk18t8e68.jpg]
[gasthausgoeke.de/wp-content/uploads/elementor/thumbs/01fc3ebdc12804560de0a5222d1c1dbc7c70063728-qe5sboj78f4al2ywnzzihgtv0tpl9ql500n4d5gr7k.jpg]
[gasthausgoeke.de/wp-content/uploads/elementor/thumbs/01fcc9a5df8693509a6a4eb755c5d2b45051083f8b-scaled-qe5sbhybwkvabt8gqf54i0hmv4m0ruv0n42q07qif4.jpg]
[gasthausgoeke.de/wp-content/uploads/elementor/thumbs/010b420ff6a7fe8639b41a2a9bb78e2fc633268d1a-qe5sbbdgkqma2ji0suaqik5epfig9z4wa7ibna09mo.jpg]
[gasthausgoeke.de/wp-content/uploads/elementor/thumbs/016c106e143fb84aab6174f58e6b4c6296568d0eb5-qe5sb8jy08if3pm49b2ut2v0x9wcmvtp9tjv7g4g5c.jpg]
[gasthausgoeke.de/wp-content/uploads/elementor/thumbs/0179f9f696a2195cca0172dbb998a8f31048f080a9-qe5sb2wwv8ap61ub68n3e4a9cyo5cp7b91mybsct6o.jpg]
[gasthausgoeke.de/wp-content/uploads/elementor/thumbs/01056e9fcc1754ff8abdb77250748a2d1a31803e4c-qe5sawc1je1ows3v8nspeny179kkuth6w52jyumke8.jpg]
[gasthausgoeke.de/wp-content/uploads/elementor/thumbs/01259b6f5523f19a7fbfc4f2e6e1d5d616b2e8743b-qe5sapr67jsonidfb2ybf7lt1kh0cxr2j8i5lwwbls.jpg]
[gasthausgoeke.de/wp-content/uploads/elementor/thumbs/015293cf3dd974373d55435f18eaa171072863482d-scaled-qe5saj6avpjoe8mzdi3xfr9kvvdfv20y6bxr8z62tc.jpg]
[gasthausgoeke.de/wp-content/uploads/elementor/thumbs/0142193caab32cccbc995707a2c5bb13d01cced971-qe5saclfjvao4ywjfx9jgaxcq69vd6attfdcw1fu0w.jpg]
[gasthausgoeke.de/wp-content/uploads/elementor/thumbs/01499213b9c3f16b6ba110ec05697962d230f24307-qe5sa60k811nvp63icf5gul4kh6avakpgisyj3pl8g.jpg]
[gasthausgoeke.de/wp-content/uploads/elementor/thumbs/01633923b61e47b6885f56d3e427507967586dd388-qe5sa0dj30txy1eaf9ze1w0d05y3l3ybfqw1nfxy9s.jpg]
[gasthausgoeke.de/wp-content/uploads/elementor/thumbs/01af34b3ba5394aa0e4f13a3ea61eb4371c8d2234d-qe5s9tsnr6kxornuhp502fo4uguj38872ubnai7phc.jpg]
[gasthausgoeke.de/wp-content/uploads/elementor/thumbs/01b41636e35286b84253588fa50a45f3c4dc541111-qe5s9n7sfcbxfhxek4am2zbworqylci2pxr8xkhgow.jpg]
[gasthausgoeke.de/wp-content/uploads/elementor/thumbs/01258b685611b3979050b605baea74a6f10ed0e724-qe5s8pdmke2etzeyz75i5tfzwgoj245lqmn7cycfig.jpg]
[gasthausgoeke.de/wp-content/uploads/elementor/thumbs/01ee980dae2a0df93328ce8e29f4d474bf480ac10f-qe5s8wwc32cpev41raeiprjonjngrozgfnv3761a4o.jpg]
[gasthausgoeke.de/wp-content/uploads/elementor/thumbs/01209321bad7bf7e883ef0e993d3604662e7d66a24-e1697831720727-qe5s8d5q3jlon1wpyjvcrej06gcra1t3cy5w4cujrc.jpg]
[gasthausgoeke.de/wp-content/uploads/elementor/thumbs/01a9f64fd53f4fabe19eff04c7c07f31f2bc95dbdb-e1697831843482-qe5s92jd82kfcivuucua4q4g7uvo1vlugfs02tsx3c.jpg]
[gasthausgoeke.de/wp-content/uploads/elementor/thumbs/Biergarten-Kuchenempfang-qe5s9dtfi2zv7ufh0hpsyn9zchc2m8umhzltu5c70o.jpg]
[gasthausgoeke.de/wp-content/uploads/elementor/thumbs/Freie-Trauung-im-Garten-qe5s986ed2s5a6nnxfa1jop7s63vc288h7owyhkk20.jpg]
[gasthausgoeke.de/wp-content/uploads/elementor/thumbs/01366bfcad36031334aa959202c852a32d3f4fa751-qe5s8isr8jtekpoj1mb46d3rqrkyk8fhdq2t00m6q0.jpg]
[gasthausgoeke.de/raeumlichkeiten/index.html]
[gasthausgoeke.de/wp-json/oembed/1.0/embed5512.json]
[gasthausgoeke.de/wp-json/oembed/1.0/embed8874]
[gasthausgoeke.de/wp-content/cache/autoptimize/autoptimize_single_1a5476ceec5b3e9c3cc477660d7569af1d12.css]
[gasthausgoeke.de/wp-json/wp/v2/pages/18.json]
[gasthausgoeke.de/wp-content/uploads/2023/10/01a2097730718031caab48bb1ca62a90dc524588e6.jpg]
[gasthausgoeke.de/wp-content/cache/autoptimize/autoptimize_single_d8810f0fe2ae2dc3dd49c4373ccd09480875.css]
[gasthausgoeke.de/wp-content/uploads/2023/10/01893fc7ad84bb95d8490f781b8053ca96afd2892b.jpg]
[gasthausgoeke.de/wp-content/uploads/2023/10/01747ef86f3a9b2aa6a21855b2d107cb0d85685587.jpg]
[gasthausgoeke.de/wp-content/uploads/2023/10/01c6e9506a63f415644668d9d56edb3bfa65af4ae2.jpg]
[gasthausgoeke.de/wp-content/uploads/2023/10/010482157f3b1c806fc0718838f302797597bfa5dc.jpg]
[gasthausgoeke.de/wp-content/uploads/2023/10/010872f5d12704b03e08c59ef276bc524187ac1857.jpg]
[gasthausgoeke.de/wp-content/uploads/2023/10/0125f0b02b2a9f81f5241216d4aeea36d194ba934a.jpg]
[gasthausgoeke.de/wp-content/uploads/2023/10/01058020dc315186d460cf178ed203aac33f8a0b04-1.jpg]
[gasthausgoeke.de/wp-content/uploads/2023/10/01098189d9a5e0d8e6ccbe5da6b47e0a0e53b0c5ad.jpg]
[gasthausgoeke.de/wp-content/uploads/2023/10/013804776aecc685978a3c4d03e61ae55b472efced.jpg]
[gasthausgoeke.de/wp-content/uploads/2023/10/014185330ff502a177fff8ebfd2de5e1d86286f2a1.jpg]
[gasthausgoeke.de/wp-content/uploads/2023/10/01a55b7261384ebb6412b6b099fa3ca544f4d91188-1.jpg]
[gasthausgoeke.de/wp-content/uploads/2023/10/01b4a4bd157bab5e84cc26e247bfe36b0c47f248c9-1.jpg]
[gasthausgoeke.de/wp-content/uploads/2023/10/01b5e9c861d2e00f2ced3fcc400f03f77ede8bd11d.jpg]
[gasthausgoeke.de/wp-content/uploads/2023/10/01ca6b56de1da1eaadbed6a70af9992c3351795cc2.jpg]
[gasthausgoeke.de/wp-content/uploads/2023/10/01346ca58addc62b02815ba182474fa12a19d9e5c6.jpg]
[gasthausgoeke.de/wp-content/uploads/2023/10/01cfe70296fbbc8907b186a11723fcb5a9e25d77e7.jpg]
[gasthausgoeke.de/wp-content/uploads/2023/10/01dc90f3cd029f3197d8d6a2ce436496dfb33fdb01.jpg]
[gasthausgoeke.de/wp-content/uploads/2023/10/01e8328ec09bc809acb23423534dc1e01baf5df6c3.jpg]
[gasthausgoeke.de/wp-content/uploads/2023/10/01ecf08c651a324fead590c0495e7c32d79f8aee1f.jpg]
[gasthausgoeke.de/wp-content/uploads/2023/10/012cd4aecf010ead1d3a4864bed3cf407a204f8756.jpg]
[gasthausgoeke.de/wp-content/uploads/2023/10/017b93c134b648e5f3496c334eed0fcf9f3fc2d0c4.jpg]
[gasthausgoeke.de/wp-content/uploads/2023/10/017d0afa55f9262888390a97471185e9e099f143be.jpg]
[gasthausgoeke.de/wp-content/uploads/2023/10/019ba3005de174e368b2b6eed85b72b67840ccc8e8.jpg]
[gasthausgoeke.de/wp-content/uploads/2023/10/019bc57b70113fda0a527fe02144ab1cecee2df755.jpg]
[gasthausgoeke.de/wp-content/uploads/2023/10/0131e07cfbfac4ebba0f9967773cf7064153d759f8.jpg]
[gasthausgoeke.de/wp-content/uploads/2023/10/0183dcce73cb2653648297452287f87c81e67247cc-1.jpg]
[gasthausgoeke.de/veranstaltungen/index.html]
[gasthausgoeke.de/wp-json/oembed/1.0/embed5efd.json]
[gasthausgoeke.de/wp-json/oembed/1.0/embed797c]
[gasthausgoeke.de/wp-content/cache/autoptimize/autoptimize_single_5d6369d2f14c1f3f1c5a910920da3c04fbc0.css]
[gasthausgoeke.de/wp-json/wp/v2/pages/19.json]
[gasthausgoeke.de/wp-content/uploads/2026/01/komplette-Karte-ab-01-2026-1.pdf]
[gasthausgoeke.de/wp-content/uploads/2025/09/MENUevorschlaege-2025.pdf]
[gasthausgoeke.de/wp-content/uploads/2025/09/Schlemmerbueffets-2025.pdf]
[gasthausgoeke.de/wp-content/uploads/2025/09/Zechenbueffets-2025.pdf]
[gasthausgoeke.de/wp-content/uploads/2025/11/Kaffee-und-Kuchenkarte-11-2025.pdf]
[gasthausgoeke.de/wp-content/uploads/2025/11/TO-GOekes2025.pdf]
[gasthausgoeke.de/essen-und-trinken/index.html]
[gasthausgoeke.de/wp-json/oembed/1.0/embed753f.json]
[gasthausgoeke.de/wp-json/oembed/1.0/embed6551]
[gasthausgoeke.de/wp-content/cache/autoptimize/autoptimize_single_491ff92ca91043b7b4b178e773c778afd906.css]
[gasthausgoeke.de/wp-json/wp/v2/pages/20.json]
[gasthausgoeke.de/wp-content/plugins/elementor/assets/lib/jquery-numerator/jquery-numerator.min3958.js]
[gasthausgoeke.de/wp-content/cache/autoptimize/autoptimize_single_c2458ad89a00bcd2a9cbcf5b9780e9dc0875.php]
[gasthausgoeke.de/ueber-uns/index.html]
[gasthausgoeke.de/wp-json/oembed/1.0/embedd27c.json]
[gasthausgoeke.de/wp-json/oembed/1.0/embed8857]
[gasthausgoeke.de/wp-content/cache/autoptimize/autoptimize_single_753b4bced4d3db7e5e487b98b78fc629991f.css]
[gasthausgoeke.de/wp-json/wp/v2/pages/1370.json]
[www.google.com/recaptcha/apib58a.js]
[gasthausgoeke.de/kontakt/index.html]
[gasthausgoeke.de/wp-json/oembed/1.0/embed4600.json]
[gasthausgoeke.de/wp-json/oembed/1.0/embed4188]
[gasthausgoeke.de/wp-content/cache/autoptimize/autoptimize_single_76a10477647b4717d2e74009bca469597995.css]
[gasthausgoeke.de/wp-json/wp/v2/pages/1393.json]
[gasthausgoeke.de/reservierung/index.html]
[gasthausgoeke.de/wp-json/oembed/1.0/embed3b39.json]
[gasthausgoeke.de/wp-json/oembed/1.0/embed06b2]
[gasthausgoeke.de/wp-content/cache/autoptimize/autoptimize_single_28f85ea7d01359ba51e43749f60c93d69813.css]
[gasthausgoeke.de/wp-json/wp/v2/pages/1365.json]
[gasthausgoeke.de/impressum/index.html]
[gasthausgoeke.de/wp-content/plugins/elementor/assets/css/widget-icon-box.min.css]
[gasthausgoeke.de/wp-content/plugins/elementor-pro/assets/css/widget-animated-headline.min.css]
[gasthausgoeke.de/ueber-uns/impressum/index.html]
[gasthausgoeke.de/ueber-uns/kontakt/index.html]
[gasthausgoeke.de/ueber-uns/reservierung/index.html]
[gasthausgoeke.de/index1f8a.html]
[gasthausgoeke.de/wp-content/plugins/ht-mega-for-elementor/assets/fonts/slick.svg]
[gasthausgoeke.de/wp-content/plugins/ht-mega-for-elementor/admin/assets/extensions/ht-menu/fonts/fontawesome-webfont3e6e.svg]
[gasthausgoeke.de/wp-content/plugins/elementor/assets/lib/font-awesome/fonts/fontawesome-webfont3e6e.svg]
[gasthausgoeke.de/wp-content/plugins/3d-flipbook-dflip-lite/assets/fonts/themify.svg]
[gasthausgoeke.de/wp-content/plugins/elementor/assets/lib/eicons/fonts/eicons8016.svg]
[gasthausgoeke.de/wp-content/plugins/elementor/assets/lib/font-awesome/webfonts/fa-solid-900.svg]
[gasthausgoeke.de/wp-content/plugins/elementor/assets/lib/font-awesome/webfonts/fa-regular-400.svg]
[gasthausgoeke.de/wp-content/uploads/2023/08/Gasthaus_Goeke_Kopf_2023-08.html]
[gasthausgoeke.de/search/{s}/feed/rss2/index.html]
[gasthausgoeke.de/wp-content/uploads/2023/09/kleeblatt.png]
[gasthausgoeke.de/wp-content/uploads/2023/09/kleeblatt-150x150.png]
[gasthausgoeke.de/wp-content/uploads/2023/09/kleeblatt_highlighted-150x150.png]
[gasthausgoeke.de/wp-content/uploads/2023/09/kleeblatt_highlighted.png]
[gasthausgoeke.de/wp-content/cache/autoptimize/autoptimize_single_e23df938a6bc7dcb56102e75d40063542747.css]
[gasthausgoeke.de/index0e62.html]
[gasthausgoeke.de/wp-content/uploads/2023/09/Getraenke1.jpg]
[gasthausgoeke.de/wp-content/uploads/2023/10/0198c08f9b6f287e6f3bbc765c18cd3f6bed953118.jpg]
[gasthausgoeke.de/wp-content/cache/autoptimize/autoptimize_single_1a5476ceec5b3e9c3cc477660d7569af1d12.css]
[gasthausgoeke.de/index0735.html]
[gasthausgoeke.de/wp-content/plugins/ht-mega-for-elementor/assets/images/pricing/pricing-ribon.png]
[gasthausgoeke.de/wp-content/cache/autoptimize/autoptimize_single_d8810f0fe2ae2dc3dd49c4373ccd09480875.css]
[gasthausgoeke.de/wp-content/cache/autoptimize/autoptimize_single_5d6369d2f14c1f3f1c5a910920da3c04fbc0.css]
[gasthausgoeke.de/index5831.html]
[gasthausgoeke.de/wp-content/uploads/2023/08/cropped-Bild1.png]
[gasthausgoeke.de/wp-content/cache/autoptimize/autoptimize_single_491ff92ca91043b7b4b178e773c778afd906.css]
[gasthausgoeke.de/index341b.html]
[gasthausgoeke.de/wp-content/plugins/elementor/assets/lib/font-awesome/webfonts/fa-brands-400.eot]
[gasthausgoeke.de/wp-content/plugins/elementor/assets/lib/font-awesome/webfonts/fa-brands-400d41d.eot]
[gasthausgoeke.de/wp-content/plugins/elementor/assets/lib/font-awesome/webfonts/fa-brands-400.woff2]
[gasthausgoeke.de/wp-content/plugins/elementor/assets/lib/font-awesome/webfonts/fa-brands-400.woff]
[gasthausgoeke.de/wp-content/plugins/elementor/assets/lib/font-awesome/webfonts/fa-brands-400.ttf]
[gasthausgoeke.de/wp-content/plugins/elementor/assets/lib/font-awesome/css/brands.min52d5.css]
[gasthausgoeke.de/wp-content/cache/autoptimize/autoptimize_single_753b4bced4d3db7e5e487b98b78fc629991f.css]
[gasthausgoeke.de/index8348.html]
[gasthausgoeke.de/wp-content/cache/autoptimize/autoptimize_single_76a10477647b4717d2e74009bca469597995.css]
[gasthausgoeke.de/index1aa7.html]
[gasthausgoeke.de/wp-content/cache/autoptimize/autoptimize_single_28f85ea7d01359ba51e43749f60c93d69813.css]
[gasthausgoeke.de/index4c94.html]
[gasthausgoeke.de/wp-includes/css/dist/block-library/style.min4d80.css]
[gasthausgoeke.de/wp-content/uploads/2023/09/kegel.svg]
[gasthausgoeke.de/wp-content/plugins/elementor/assets/lib/font-awesome/webfonts/fa-brands-400.svg]
[gasthausgoeke.de/wp-content/uploads/2023/09/74290934_eps_normal_none.html]
