[www.kimbapspot.com/index.html]
[backblue.gif]
[fade.gif]
[index.html]
[unpkg.com/flickity@2.3.0/dist/flickity.pkgd.min.js]
[unpkg.com/flickity@2.3.0/dist/flickity.min.css]
[www.kimbapspot.com/dist/assets/index-BGdNMEcm.js]
[www.kimbapspot.com/dist/assets/index-4IKOUXUG.css]
[www.kimbapspot.com/about.html]
[www.kimbapspot.com/korean-soulfood.html]
[www.kimbapspot.com/veganes-catering-bochum.html]
[www.kimbapspot.com/kontakt.html]
[www.kimbapspot.com/impressum.html]
[www.kimbapspot.com/datenschutz.html]
[www.kimbapspot.com/dist/assets/wolt-DAXLo735.png]
[www.kimbapspot.com/dist/assets/ubereats-sw-D_EJGxnq.png]
[www.kimbapspot.com/datenschutz/index.html]
[static.resmio.com/static/de/widget.js]
[www.kimbapspot.com/media/pages/home/ddde2821af-1741889660/kimbapspot_cover-3-2000x.jpg]
[www.kimbapspot.com/index.html]
[unpkg.com/flickity@2.3.0/dist/flickity.min.css]
[www.kimbapspot.com/dist/assets/L10-Trial-SemiBold-DnO8y6ul.woff]
[www.kimbapspot.com/dist/assets/SpotMono-Light-CLrJqFnL.woff]
[www.kimbapspot.com/dist/assets/index-4IKOUXUG.css]
[www.kimbapspot.com/media/pages/about/bed9f48b94-1741889672/laden-400x.jpg]
[www.kimbapspot.com/media/pages/about/c30bbfc1aa-1741889672/laden2-400x.jpg]
[www.kimbapspot.com/media/pages/about/7f25064ef5-1741889665/img-20200620-wa0021-400x.jpg]
[www.kimbapspot.com/media/pages/about/fcf7b577fd-1741889664/20230915_175209-400x.jpg]
[www.kimbapspot.com/about.html]
[www.kimbapspot.com/media/pages/korean-soulfood/8bd30fdea4-1741889674/karte_25.pdf]
[www.kimbapspot.com/media/pages/korean-soulfood/2993841189-1741889676/kimbapspot_close-up-400x.jpg]
[www.kimbapspot.com/media/pages/korean-soulfood/34b9bd1dd6-1741889675/kimbapspot_close-up-2-400x.jpg]
[www.kimbapspot.com/media/pages/korean-soulfood/ad6be74f5a-1741889676/kimbapspot_close-up-3-400x.jpg]
[www.kimbapspot.com/media/pages/korean-soulfood/1a24168a93-1741889677/kimbapspot_cover-2-400x.jpg]
[www.kimbapspot.com/media/pages/korean-soulfood/b772259302-1741889678/kimbapspot_cover-3-400x.jpg]
[www.kimbapspot.com/media/pages/korean-soulfood/362c8f40ca-1741889679/wpt_breakfast-burrito-400x.jpg]
[www.kimbapspot.com/media/pages/korean-soulfood/a80bf20878-1741889679/wpt_deep-fried-kimcheeze-onigiri-400x.jpg]
[www.kimbapspot.com/media/pages/korean-soulfood/614b715cbe-1741889678/wpt_blue-cheeze-tomato-brioche-bun-400x.jpg]
[www.kimbapspot.com/media/pages/korean-soulfood/5587f88261-1741889683/wpt_teriyaki-tofu-brioche-bun-400x.jpg]
[www.kimbapspot.com/media/pages/korean-soulfood/b4f73818bc-1741889678/wpt_breakfast-bowl-400x.jpg]
[www.kimbapspot.com/korean-soulfood.html]
[www.kimbapspot.com/media/pages/veganes-catering-bochum/e673b377dd-1741889684/catering-karte-2025-03.pdf]
[www.kimbapspot.com/media/pages/veganes-catering-bochum/4e293bafae-1741889685/catering.jpg]
[www.kimbapspot.com/veganes-catering-bochum.html]
[www.kimbapspot.com/kontakt.html]
[www.kimbapspot.com/impressum.html]
[www.kimbapspot.com/datenschutz.html]
[www.kimbapspot.com/datenschutz/index.html]
[www.fbgcdn.com/embedder/js/ewm2.js]
