[steakhaus-wattenscheid.de/index.html]
[backblue.gif]
[fade.gif]
[index.html]
[steakhaus-wattenscheid.de/wp-content/plugins/elementor/assets/css/frontend.min7c53.css]
[steakhaus-wattenscheid.de/feed/index.html]
[steakhaus-wattenscheid.de/wp-content/uploads/elementor/css/post-1335f4b9.css]
[steakhaus-wattenscheid.de/comments/feed/index.html]
[steakhaus-wattenscheid.de/wp-content/plugins/header-footer-elementor/inc/widgets-css/frontendcc1a.css]
[steakhaus-wattenscheid.de/wp-content/uploads/elementor/css/post-446a5e3.css]
[steakhaus-wattenscheid.de/wp-content/plugins/bdthemes-element-pack-lite/assets/css/bdt-uikitcf1b.css]
[steakhaus-wattenscheid.de/wp-content/plugins/bdthemes-element-pack-lite/assets/css/element-pack-site001e.css]
[steakhaus-wattenscheid.de/wp-includes/css/dist/block-library/style.min07d0.css]
[steakhaus-wattenscheid.de/wp-content/plugins/contact-form-7/includes/css/styles5fba.css]
[steakhaus-wattenscheid.de/wp-content/plugins/header-footer-elementor/assets/css/header-footer-elementorcc1a.css]
[steakhaus-wattenscheid.de/wp-content/plugins/elementor/assets/lib/eicons/css/elementor-icons.min87e8.css]
[steakhaus-wattenscheid.de/wp-content/plugins/elementor/assets/lib/animations/animations.min7c53.css]
[steakhaus-wattenscheid.de/wp-content/plugins/elementskit-lite/modules/controls/assets/css/widgetarea-editor8a54.css]
[steakhaus-wattenscheid.de/wp-content/uploads/elementor/css/post-7998c.css]
[steakhaus-wattenscheid.de/wp-content/uploads/elementor/css/post-5c59c.css]
[steakhaus-wattenscheid.de/wp-content/themes/page-builder-framework/style16b9.css]
[steakhaus-wattenscheid.de/wp-content/themes/page-builder-framework/css/min/responsive-min16b9.css]
[steakhaus-wattenscheid.de/wp-content/plugins/3d-flipbook-dflip-lite/assets/css/themify-icons.mina242.css]
[steakhaus-wattenscheid.de/wp-content/plugins/3d-flipbook-dflip-lite/assets/css/dflip.mina242.css]
[steakhaus-wattenscheid.de/wp-content/plugins/elementskit-lite/libs/framework/assets/css/frontend-style.min7fb9.css]
[steakhaus-wattenscheid.de/wp-content/plugins/elementskit-lite/widgets/init/assets/css/vendors7fb9.css]
[steakhaus-wattenscheid.de/wp-content/plugins/elementskit-lite/widgets/init/assets/css/responsive7fb9.css]
[steakhaus-wattenscheid.de/wp-content/plugins/elementskit-lite/widgets/init/assets/css/style7fb9.css]
[steakhaus-wattenscheid.de/wp-content/plugins/elementor/assets/lib/font-awesome/css/fontawesome.minb683.css]
[steakhaus-wattenscheid.de/wp-content/plugins/elementor/assets/lib/font-awesome/css/solid.minb683.css]
[steakhaus-wattenscheid.de/wp-content/plugins/elementor/assets/lib/font-awesome/css/regular.minb683.css]
[steakhaus-wattenscheid.de/wp-content/plugins/elementor/assets/lib/font-awesome/css/brands.minb683.css]
[steakhaus-wattenscheid.de/wp-content/plugins/elementskit-lite/modules/controls/assets/css/ekiticonsad76.css]
[steakhaus-wattenscheid.de/wp-includes/js/jquery/jquery.minf43b.js]
[steakhaus-wattenscheid.de/wp-includes/js/jquery/jquery-migrate.min5589.js]
[steakhaus-wattenscheid.de/wp-json/index.html]
[steakhaus-wattenscheid.de/wp-json/wp/v2/pages/5.json]
[steakhaus-wattenscheid.de/xmlrpc0db0.php]
[steakhaus-wattenscheid.de/wp-json/oembed/1.0/embed81c6.json]
[steakhaus-wattenscheid.de/wp-json/oembed/1.0/embedb9aa]
[steakhaus-wattenscheid.de/wp-content/uploads/2020/03/cropped-logo_yellow-1-32x32.png]
[steakhaus-wattenscheid.de/wp-content/uploads/2020/03/cropped-logo_yellow-1-192x192.png]
[steakhaus-wattenscheid.de/wp-content/uploads/2020/03/cropped-logo_yellow-1-180x180.png]
[steakhaus-wattenscheid.de/wp-content/uploads/2020/03/logo.png]
[steakhaus-wattenscheid.de/wp-content/uploads/2020/03/logo_yellow.png]
[steakhaus-wattenscheid.de/wp-content/uploads/2025/01/Resevierung-500x225.jpg]
[steakhaus-wattenscheid.de/wp-content/uploads/2026/02/Mittagskarte-8-724x1024.jpg]
[steakhaus-wattenscheid.de/wir/index.html]
[steakhaus-wattenscheid.de/speisekarte/index.html]
[steakhaus-wattenscheid.de/kontakt/index.html]
[steakhaus-wattenscheid.de/partner/index.html]
[steakhaus-wattenscheid.de/jobs/index.html]
[steakhaus-wattenscheid.de/events/index.html]
[steakhaus-wattenscheid.de/impressum/index.html]
[steakhaus-wattenscheid.de/wp-content/uploads/2020/03/eldorado_map.png]
[steakhaus-wattenscheid.de/datenschutzerklaerung/index.html]
[steakhaus-wattenscheid.de/wp-content/plugins/elementskit-lite/widgets/mail-chimp/assets/js/mail-chimp5152.js]
[steakhaus-wattenscheid.de/wp-content/plugins/contact-form-7/includes/js/scripts5fba.js]
[steakhaus-wattenscheid.de/wp-content/themes/page-builder-framework/js/min/site-min16b9.js]
[steakhaus-wattenscheid.de/wp-includes/js/comment-reply.min07d0.js]
[steakhaus-wattenscheid.de/wp-content/plugins/3d-flipbook-dflip-lite/assets/js/dflip.mina242.js]
[steakhaus-wattenscheid.de/wp-content/plugins/elementskit-lite/libs/framework/assets/js/frontend-script7fb9.js]
[steakhaus-wattenscheid.de/wp-content/plugins/elementskit-lite/widgets/init/assets/js/nav-menu07d0.js]
[steakhaus-wattenscheid.de/wp-content/plugins/elementskit-lite/widgets/init/assets/js/ui-slim.min07d0.js]
[steakhaus-wattenscheid.de/wp-content/plugins/header-footer-elementor/inc/js/frontendcc1a.js]
[steakhaus-wattenscheid.de/wp-content/plugins/bdthemes-element-pack-lite/assets/js/bdt-uikit.min001e.js]
[steakhaus-wattenscheid.de/wp-content/plugins/elementor/assets/js/frontend-modules.min7c53.js]
[steakhaus-wattenscheid.de/wp-includes/js/jquery/ui/core.min3f14.js]
[steakhaus-wattenscheid.de/wp-content/plugins/elementor/assets/lib/dialog/dialog.minae9e.js]
[steakhaus-wattenscheid.de/wp-content/plugins/elementor/assets/lib/waypoints/waypoints.min05da.js]
[steakhaus-wattenscheid.de/wp-content/plugins/elementor/assets/lib/swiper/swiper.min48f5.js]
[steakhaus-wattenscheid.de/wp-content/plugins/elementor/assets/lib/share-link/share-link.min7c53.js]
[steakhaus-wattenscheid.de/wp-content/plugins/elementor/assets/js/frontend.min7c53.js]
[steakhaus-wattenscheid.de/wp-content/plugins/bdthemes-element-pack-lite/assets/js/element-pack-site.min001e.js]
[steakhaus-wattenscheid.de/wp-content/plugins/elementskit-lite/widgets/init/assets/js/elementor7fb9.js]
[steakhaus-wattenscheid.de/wp-content/plugins/elementskit-lite/modules/controls/assets/js/widgetarea-editor7fb9.js]
[steakhaus-wattenscheid.de/index.html]
[steakhaus-wattenscheid.de/wp-content/plugins/elementor/assets/css/frontend.min7c53.css]
[steakhaus-wattenscheid.de/wp-content/uploads/elementor/css/post-1335f4b9.css]
[steakhaus-wattenscheid.de/wp-content/plugins/header-footer-elementor/inc/widgets-css/frontendcc1a.css]
[steakhaus-wattenscheid.de/wp-content/uploads/elementor/css/post-446a5e3.css]
[steakhaus-wattenscheid.de/wp-content/plugins/bdthemes-element-pack-lite/assets/css/bdt-uikitcf1b.css]
[steakhaus-wattenscheid.de/wp-content/plugins/bdthemes-element-pack-lite/assets/css/element-pack-site001e.css]
[steakhaus-wattenscheid.de/wp-includes/css/dist/block-library/style.min07d0.css]
[steakhaus-wattenscheid.de/wp-content/plugins/contact-form-7/images/ajax-loader.gif]
[steakhaus-wattenscheid.de/wp-content/plugins/contact-form-7/includes/css/styles5fba.css]
[steakhaus-wattenscheid.de/wp-content/plugins/header-footer-elementor/assets/css/header-footer-elementorcc1a.css]
[steakhaus-wattenscheid.de/wp-content/plugins/elementor/assets/lib/eicons/fonts/eiconsf884.eot]
[steakhaus-wattenscheid.de/wp-content/plugins/elementor/assets/lib/eicons/fonts/eiconsf884.woff2]
[steakhaus-wattenscheid.de/wp-content/plugins/elementor/assets/lib/eicons/fonts/eiconsf884.woff]
[steakhaus-wattenscheid.de/wp-content/plugins/elementor/assets/lib/eicons/fonts/eiconsf884.ttf]
[steakhaus-wattenscheid.de/wp-content/plugins/elementor/assets/lib/eicons/css/elementor-icons.min87e8.css]
[steakhaus-wattenscheid.de/wp-content/plugins/elementor/assets/lib/animations/animations.min7c53.css]
[steakhaus-wattenscheid.de/wp-content/plugins/elementskit-lite/modules/controls/assets/css/widgetarea-editor8a54.css]
[steakhaus-wattenscheid.de/wp-content/uploads/elementor/css/post-7998c.css]
[steakhaus-wattenscheid.de/wp-content/uploads/2020/03/HomeHeadliner.jpg]
[steakhaus-wattenscheid.de/wp-content/uploads/2020/03/ElDorado_Logo.png]
[steakhaus-wattenscheid.de/wp-content/uploads/2020/03/speisekarte.jpg]
[steakhaus-wattenscheid.de/wp-content/uploads/2020/03/blackangus.jpg]
[steakhaus-wattenscheid.de/wp-content/uploads/2023/05/20220409_104547-scaled.jpg]
[steakhaus-wattenscheid.de/wp-content/uploads/elementor/css/post-5c59c.css]
[steakhaus-wattenscheid.de/wp-content/themes/page-builder-framework/fonts/page-builder-framework.woff2]
[steakhaus-wattenscheid.de/wp-content/themes/page-builder-framework/fonts/page-builder-framework.woff]
[steakhaus-wattenscheid.de/wp-content/themes/page-builder-framework/fonts/page-builder-framework.ttf]
[steakhaus-wattenscheid.de/wp-content/themes/page-builder-framework/fonts/page-builder-framework.eot]
[steakhaus-wattenscheid.de/wp-content/themes/page-builder-framework/img/arrow-down.png]
[steakhaus-wattenscheid.de/wp-content/themes/page-builder-framework/style16b9.css]
[steakhaus-wattenscheid.de/wp-content/themes/page-builder-framework/css/min/responsive-min16b9.css]
[steakhaus-wattenscheid.de/wp-content/plugins/3d-flipbook-dflip-lite/assets/fonts/themify.eot]
[steakhaus-wattenscheid.de/wp-content/plugins/3d-flipbook-dflip-lite/assets/fonts/themifyd41d.eot]
[steakhaus-wattenscheid.de/wp-content/plugins/3d-flipbook-dflip-lite/assets/fonts/themify.woff]
[steakhaus-wattenscheid.de/wp-content/plugins/3d-flipbook-dflip-lite/assets/fonts/themify.ttf]
[steakhaus-wattenscheid.de/wp-content/plugins/3d-flipbook-dflip-lite/assets/css/themify-icons.mina242.css]
[steakhaus-wattenscheid.de/wp-content/plugins/3d-flipbook-dflip-lite/assets/images/loading.gif]
[steakhaus-wattenscheid.de/wp-content/plugins/3d-flipbook-dflip-lite/assets/css/dflip.mina242.css]
[steakhaus-wattenscheid.de/wp-content/plugins/elementskit-lite/libs/framework/assets/css/frontend-style.min7fb9.css]
[steakhaus-wattenscheid.de/wp-content/plugins/elementskit-lite/widgets/init/assets/fonts/elementskit97ac.woff]
[steakhaus-wattenscheid.de/wp-content/plugins/elementskit-lite/widgets/init/assets/img/ajax-loader.gif]
[steakhaus-wattenscheid.de/wp-content/plugins/elementskit-lite/widgets/init/assets/fonts/slick.eot]
[steakhaus-wattenscheid.de/wp-content/plugins/elementskit-lite/widgets/init/assets/fonts/slickd41d.eot]
[steakhaus-wattenscheid.de/wp-content/plugins/elementskit-lite/widgets/init/assets/fonts/slick.woff]
[steakhaus-wattenscheid.de/wp-content/plugins/elementskit-lite/widgets/init/assets/fonts/slick.ttf]
[steakhaus-wattenscheid.de/wp-content/plugins/elementskit-lite/widgets/init/assets/img/arrow.png]
[steakhaus-wattenscheid.de/wp-content/plugins/elementskit-lite/widgets/init/assets/img/sort_asc.png]
[steakhaus-wattenscheid.de/wp-content/plugins/elementskit-lite/widgets/init/assets/img/sort_desc.png]
[steakhaus-wattenscheid.de/wp-content/plugins/elementskit-lite/widgets/init/assets/img/sort_asc_disabled.png]
[steakhaus-wattenscheid.de/wp-content/plugins/elementskit-lite/widgets/init/assets/css/vendors7fb9.css]
[steakhaus-wattenscheid.de/wp-content/plugins/elementskit-lite/widgets/init/assets/css/style7fb9.css]
[steakhaus-wattenscheid.de/wp-content/plugins/elementskit-lite/widgets/init/assets/css/responsive7fb9.css]
[steakhaus-wattenscheid.de/wp-content/plugins/elementor/assets/lib/font-awesome/css/fontawesome.minb683.css]
[steakhaus-wattenscheid.de/wp-content/plugins/elementor/assets/lib/font-awesome/webfonts/fa-solid-900.eot]
[steakhaus-wattenscheid.de/wp-content/plugins/elementor/assets/lib/font-awesome/webfonts/fa-solid-900d41d.eot]
[steakhaus-wattenscheid.de/wp-content/plugins/elementor/assets/lib/font-awesome/webfonts/fa-solid-900.woff2]
[steakhaus-wattenscheid.de/wp-content/plugins/elementor/assets/lib/font-awesome/webfonts/fa-solid-900.woff]
[steakhaus-wattenscheid.de/wp-content/plugins/elementor/assets/lib/font-awesome/webfonts/fa-solid-900.ttf]
[steakhaus-wattenscheid.de/wp-content/plugins/elementor/assets/lib/font-awesome/css/solid.minb683.css]
[steakhaus-wattenscheid.de/wp-content/plugins/elementor/assets/lib/font-awesome/webfonts/fa-regular-400.eot]
[steakhaus-wattenscheid.de/wp-content/plugins/elementor/assets/lib/font-awesome/webfonts/fa-regular-400d41d.eot]
[steakhaus-wattenscheid.de/wp-content/plugins/elementor/assets/lib/font-awesome/webfonts/fa-regular-400.woff2]
[steakhaus-wattenscheid.de/wp-content/plugins/elementor/assets/lib/font-awesome/webfonts/fa-regular-400.woff]
[steakhaus-wattenscheid.de/wp-content/plugins/elementor/assets/lib/font-awesome/webfonts/fa-regular-400.ttf]
[steakhaus-wattenscheid.de/wp-content/plugins/elementor/assets/lib/font-awesome/css/regular.minb683.css]
[steakhaus-wattenscheid.de/wp-content/plugins/elementor/assets/lib/font-awesome/webfonts/fa-brands-400.eot]
[steakhaus-wattenscheid.de/wp-content/plugins/elementor/assets/lib/font-awesome/webfonts/fa-brands-400d41d.eot]
[steakhaus-wattenscheid.de/wp-content/plugins/elementor/assets/lib/font-awesome/webfonts/fa-brands-400.woff2]
[steakhaus-wattenscheid.de/wp-content/plugins/elementor/assets/lib/font-awesome/webfonts/fa-brands-400.woff]
[steakhaus-wattenscheid.de/wp-content/plugins/elementor/assets/lib/font-awesome/webfonts/fa-brands-400.ttf]
[steakhaus-wattenscheid.de/wp-content/plugins/elementor/assets/lib/font-awesome/css/brands.minb683.css]
[steakhaus-wattenscheid.de/wp-content/plugins/elementskit-lite/modules/controls/assets/fonts/elementskit97ac.woff]
[steakhaus-wattenscheid.de/wp-content/plugins/elementskit-lite/modules/controls/assets/css/ekiticonsad76.css]
[steakhaus-wattenscheid.de/wp-content/plugins/3d-flipbook-dflip-lite/assets/index.html]
[steakhaus-wattenscheid.de/wp-content/uploads/elementor/css/post-67854f.css]
[steakhaus-wattenscheid.de/wp-content/uploads/elementor/css/post-178c60c.css]
[steakhaus-wattenscheid.de/wp-json/wp/v2/pages/178.json]
[steakhaus-wattenscheid.de/wp-json/oembed/1.0/embedd16b.json]
[steakhaus-wattenscheid.de/wp-json/oembed/1.0/embed8703]
[steakhaus-wattenscheid.de/wp-content/uploads/2023/05/IMG-20220221-WA0028-768x519.jpg]
[steakhaus-wattenscheid.de/wp-content/uploads/2023/05/IMG-20220221-WA0028.jpg]
[steakhaus-wattenscheid.de/wp-content/uploads/2023/05/IMG-20220221-WA0026-768x522.jpg]
[steakhaus-wattenscheid.de/wp-content/uploads/2023/05/IMG-20220221-WA0026.jpg]
[steakhaus-wattenscheid.de/wp-content/uploads/2023/05/IMG-20220221-WA0027-768x519.jpg]
[steakhaus-wattenscheid.de/wp-content/uploads/2023/05/IMG-20220221-WA0027.jpg]
[steakhaus-wattenscheid.de/wp-content/uploads/2023/05/IMG-20220221-WA0018-768x542.jpg]
[steakhaus-wattenscheid.de/wp-content/uploads/2023/05/IMG-20220221-WA0018.jpg]
[steakhaus-wattenscheid.de/wp-content/uploads/2023/05/IMG-20220221-WA0013-768x519.jpg]
[steakhaus-wattenscheid.de/wp-content/uploads/2023/05/IMG-20220221-WA0013.jpg]
[steakhaus-wattenscheid.de/wp-content/uploads/2023/05/20220409_104533-768x346.jpg]
[steakhaus-wattenscheid.de/wp-content/uploads/2023/05/20220409_104533-scaled.jpg]
[steakhaus-wattenscheid.de/wp-content/uploads/2020/03/eldorado_20-768x373.jpg]
[steakhaus-wattenscheid.de/wp-content/uploads/2020/03/eldorado_20.jpg]
[steakhaus-wattenscheid.de/wp-content/uploads/2023/05/FB_IMG_1521214688851-768x512.jpg]
[steakhaus-wattenscheid.de/wp-content/uploads/2023/05/FB_IMG_1521214688851.jpg]
[steakhaus-wattenscheid.de/wp-content/uploads/2023/05/FB_IMG_1521214649484-768x512.jpg]
[steakhaus-wattenscheid.de/wp-content/uploads/2023/05/FB_IMG_1521214649484.jpg]
[steakhaus-wattenscheid.de/wp-content/uploads/2023/05/20210917_144532-768x346.jpg]
[steakhaus-wattenscheid.de/wp-content/uploads/2023/05/20210917_144532-scaled.jpg]
[steakhaus-wattenscheid.de/wp-content/uploads/2020/03/eldorado_19-768x959.jpg]
[steakhaus-wattenscheid.de/wp-content/uploads/2020/03/eldorado_19.jpg]
[steakhaus-wattenscheid.de/wp-content/uploads/2023/05/20210917_144541-768x346.jpg]
[steakhaus-wattenscheid.de/wp-content/uploads/2023/05/20210917_144541-scaled.jpg]
[steakhaus-wattenscheid.de/wp-content/uploads/2020/03/eldorado_12-1-768x402.jpg]
[steakhaus-wattenscheid.de/wp-content/uploads/2020/03/eldorado_12-1.jpg]
[steakhaus-wattenscheid.de/wp-content/uploads/2020/03/eldorado_23-768x388.jpg]
[steakhaus-wattenscheid.de/wp-content/uploads/2020/03/eldorado_23.jpg]
[steakhaus-wattenscheid.de/wp-content/uploads/2020/03/eldorado_10-2-768x402.jpg]
[steakhaus-wattenscheid.de/wp-content/uploads/2020/03/eldorado_10-2.jpg]
[steakhaus-wattenscheid.de/wp-content/plugins/bdthemes-element-pack-lite/assets/css/ep-custom-gallery001e.css]
[steakhaus-wattenscheid.de/wp-includes/js/imagesloaded.minbb93.js]
[steakhaus-wattenscheid.de/wp-content/plugins/bdthemes-element-pack-lite/assets/js/bdt-uikit-icons.min19ce.js]
[steakhaus-wattenscheid.de/wp-content/plugins/bdthemes-element-pack-lite/assets/vendor/js/tilt.jquery.min.js]
[steakhaus-wattenscheid.de/wir/index.html]
[steakhaus-wattenscheid.de/wp-content/uploads/elementor/css/post-491c2e0.css]
[steakhaus-wattenscheid.de/wp-json/wp/v2/pages/491.json]
[steakhaus-wattenscheid.de/wp-json/oembed/1.0/embed0ae2.json]
[steakhaus-wattenscheid.de/wp-json/oembed/1.0/embed0db8]
[steakhaus-wattenscheid.de/wp-content/uploads/2025/09/Speisekarte-EL-Dorado-1.jpg]
[steakhaus-wattenscheid.de/wp-content/uploads/2025/09/Speisekarte-EL-Dorado-1-768x1086.jpg]
[steakhaus-wattenscheid.de/wp-content/uploads/2025/02/bilder-5-scaled.jpg]
[steakhaus-wattenscheid.de/wp-content/uploads/2025/02/bilder-5-768x1086.jpg]
[steakhaus-wattenscheid.de/wp-content/uploads/2025/09/Speisekarte-EL-Dorado_6.jpg]
[steakhaus-wattenscheid.de/wp-content/uploads/2025/09/Speisekarte-EL-Dorado_6-768x1086.jpg]
[steakhaus-wattenscheid.de/wp-content/uploads/2020/03/cropped-logo_yellow-2.png]
[steakhaus-wattenscheid.de/wp-content/uploads/2024/12/Steakhaus-1024x571.png]
[steakhaus-wattenscheid.de/speisekarte/index.html]
[steakhaus-wattenscheid.de/wp-content/uploads/elementor/css/post-177fcde.css]
[steakhaus-wattenscheid.de/wp-json/wp/v2/pages/177.json]
[steakhaus-wattenscheid.de/wp-json/oembed/1.0/embedeb6b.json]
[steakhaus-wattenscheid.de/wp-json/oembed/1.0/embedd6be]
[steakhaus-wattenscheid.de/events/index.html]
[steakhaus-wattenscheid.de/wp-content/uploads/elementor/css/post-734fcd3.css]
[steakhaus-wattenscheid.de/wp-content/uploads/elementor/css/post-148ce81.css]
[steakhaus-wattenscheid.de/wp-json/wp/v2/pages/148.json]
[steakhaus-wattenscheid.de/wp-json/oembed/1.0/embed0df9.json]
[steakhaus-wattenscheid.de/wp-json/oembed/1.0/embedf683]
[steakhaus-wattenscheid.de/wp-content/uploads/2022/11/eldorado_map2.png]
[steakhaus-wattenscheid.de/kontakt/index.html]
[steakhaus-wattenscheid.de/wp-content/uploads/elementor/css/post-1704a55a.css]
[steakhaus-wattenscheid.de/wp-json/wp/v2/pages/1704.json]
[steakhaus-wattenscheid.de/wp-json/oembed/1.0/embedcd7c.json]
[steakhaus-wattenscheid.de/wp-json/oembed/1.0/embedd6ea]
[steakhaus-wattenscheid.de/wp-content/uploads/2022/09/Burdina.jpg]
[steakhaus-wattenscheid.de/wp-content/uploads/2022/02/logo_alphabytes.jpg]
[steakhaus-wattenscheid.de/wp-content/uploads/2022/02/logo_vietschi.jpg]
[steakhaus-wattenscheid.de/wp-content/uploads/2022/09/SGWattenscheid09.png]
[steakhaus-wattenscheid.de/wp-content/uploads/2022/11/Logo-Dahlhoff-dunkelblau-1024x867.jpg]
[steakhaus-wattenscheid.de/wp-content/uploads/2024/07/logo.png]
[steakhaus-wattenscheid.de/partner/index.html]
[steakhaus-wattenscheid.de/wp-content/uploads/elementor/css/post-1730dbb4.css]
[steakhaus-wattenscheid.de/wp-json/wp/v2/pages/1730.json]
[steakhaus-wattenscheid.de/wp-json/oembed/1.0/embed0971.json]
[steakhaus-wattenscheid.de/wp-json/oembed/1.0/embeda1e3]
[steakhaus-wattenscheid.de/jobs/index.html]
[steakhaus-wattenscheid.de/wp-content/uploads/elementor/css/post-51b7fc.css]
[steakhaus-wattenscheid.de/wp-json/wp/v2/pages/51.json]
[steakhaus-wattenscheid.de/wp-json/oembed/1.0/embed4caa.json]
[steakhaus-wattenscheid.de/wp-json/oembed/1.0/embed9e1f]
[steakhaus-wattenscheid.de/impressum/index.html]
[steakhaus-wattenscheid.de/wp-content/uploads/elementor/css/post-3dbcd.css]
[steakhaus-wattenscheid.de/datenschutzerklaerung/feed/index.html]
[steakhaus-wattenscheid.de/wp-json/wp/v2/pages/3.json]
[steakhaus-wattenscheid.de/wp-json/oembed/1.0/embed102a.json]
[steakhaus-wattenscheid.de/wp-json/oembed/1.0/embed1ad6]
[steakhaus-wattenscheid.de/datenschutzerklaerung/index.html]
[steakhaus-wattenscheid.de/wp-content/plugins/header-footer-elementor/inc/images/shade.html]
[steakhaus-wattenscheid.de/wp-content/plugins/bdthemes-element-pack-lite/images/backgrounds/divider-icon.html]
[steakhaus-wattenscheid.de/wp-content/plugins/bdthemes-element-pack-lite/images/backgrounds/list-bullet.html]
[steakhaus-wattenscheid.de/wp-content/plugins/bdthemes-element-pack-lite/images/backgrounds/form-datalist.html]
[steakhaus-wattenscheid.de/wp-content/plugins/bdthemes-element-pack-lite/assets/images/loading.svg]
[steakhaus-wattenscheid.de/wp-content/plugins/elementor/assets/lib/eicons/fonts/eiconsf884.svg]
[steakhaus-wattenscheid.de/wp-content/plugins/3d-flipbook-dflip-lite/assets/fonts/themify.svg]
[steakhaus-wattenscheid.de/wp-content/plugins/elementskit-lite/widgets/init/assets/fonts/slick.svg]
[steakhaus-wattenscheid.de/wp-content/plugins/elementskit-lite/widgets/init/assets/images/countdown-timer/circle-img-1.html]
[steakhaus-wattenscheid.de/wp-content/plugins/elementskit-lite/widgets/init/assets/images/countdown-timer/circle-img-2.html]
[steakhaus-wattenscheid.de/wp-content/plugins/elementskit-lite/widgets/init/assets/images/countdown-timer/circle-img-3.html]
[steakhaus-wattenscheid.de/wp-content/plugins/elementskit-lite/widgets/init/assets/images/countdown-timer/circle-img-4.html]
[steakhaus-wattenscheid.de/wp-content/plugins/elementskit-lite/widgets/init/assets/img/cross-out.svg]
[steakhaus-wattenscheid.de/wp-content/plugins/elementskit-lite/widgets/init/assets/images/text-mask-image.html]
[steakhaus-wattenscheid.de/wp-content/plugins/elementskit-lite/widgets/init/assets/images/products/ribbon-background.html]
[steakhaus-wattenscheid.de/wp-content/plugins/elementor/assets/lib/font-awesome/webfonts/fa-solid-900.svg]
[steakhaus-wattenscheid.de/wp-content/plugins/elementor/assets/lib/font-awesome/webfonts/fa-regular-400.svg]
[steakhaus-wattenscheid.de/wp-content/plugins/elementor/assets/lib/font-awesome/webfonts/fa-brands-400.svg]
[steakhaus-wattenscheid.de/wp-content/uploads/elementor/css/post-67854f.css]
[steakhaus-wattenscheid.de/wp-content/uploads/2020/03/WirHeader.jpg]
[steakhaus-wattenscheid.de/wp-content/uploads/elementor/css/post-178c60c.css]
[steakhaus-wattenscheid.de/indexb50d.html]
[steakhaus-wattenscheid.de/wp-content/plugins/bdthemes-element-pack-lite/assets/css/ep-custom-gallery001e.css]
[steakhaus-wattenscheid.de/wp-content/uploads/2020/03/speisekarte_header_tall_8-1.jpg]
[steakhaus-wattenscheid.de/wp-content/uploads/2020/03/speisekarte_header_2.jpg]
[steakhaus-wattenscheid.de/wp-content/uploads/elementor/css/post-491c2e0.css]
[steakhaus-wattenscheid.de/index87e8.html]
[steakhaus-wattenscheid.de/wp-content/uploads/elementor/css/post-177fcde.css]
[steakhaus-wattenscheid.de/indexb7c7.html]
[steakhaus-wattenscheid.de/wp-content/uploads/elementor/css/post-734fcd3.css]
[steakhaus-wattenscheid.de/wp-content/uploads/elementor/css/post-148ce81.css]
[steakhaus-wattenscheid.de/indexa36b.html]
[steakhaus-wattenscheid.de/wp-content/uploads/elementor/css/post-1704a55a.css]
[steakhaus-wattenscheid.de/index9ed7.html]
[steakhaus-wattenscheid.de/wp-content/uploads/elementor/css/post-1730dbb4.css]
[steakhaus-wattenscheid.de/index7418.html]
[steakhaus-wattenscheid.de/wp-content/uploads/elementor/css/post-51b7fc.css]
[steakhaus-wattenscheid.de/index8cf7.html]
[steakhaus-wattenscheid.de/wp-content/uploads/elementor/css/post-3dbcd.css]
[steakhaus-wattenscheid.de/index2207.html]
[steakhaus-wattenscheid.de/xmlrpc.php]
