[www.lisas-palmengarten.de/index.html]
[backblue.gif]
[fade.gif]
[index.html]
[www.lisas-palmengarten.de/jquery.js]
[www.lisas-palmengarten.de/lisas_palmengarten.js]
[www.lisas-palmengarten.de/images/favicon1.ico]
[www.lisas-palmengarten.de/images/Logo-Lisas-PG-final2.png]
[www.lisas-palmengarten.de/veranstaltungen-in-bochum.html]
[www.lisas-palmengarten.de/news-events-feiern-bochum.html]
[www.lisas-palmengarten.de/restaurant-speisekarte-bochum.html]
[www.lisas-palmengarten.de/angebote-lounge-bar-biergarten.html]
[www.lisas-palmengarten.de/fruehstueck-in-bochum-herne.html]
[www.lisas-palmengarten.de/feiern-events-catering.html]
[www.lisas-palmengarten.de/biergarten-in-herne-bochum.html]
[www.lisas-palmengarten.de/weinfass--valentinstag.html]
[www.lisas-palmengarten.de/foodtrailer-foodtruck-mieten.html]
[www.lisas-palmengarten.de/rundgang-restaurant-bistro.html]
[www.lisas-palmengarten.de/impressionen-essen-gehen.html]
[www.lisas-palmengarten.de/ueber-lisas-palmengarten.html]
[www.lisas-palmengarten.de/Team-Restaurant-Biergarten.html]
[www.lisas-palmengarten.de/jobs-in-gastro-herne-bochum.html]
[www.lisas-palmengarten.de/kontakt-restaurant-cafe-bochum.html]
[www.lisas-palmengarten.de/tisch-reservieren-bestellen.html]
[www.lisas-palmengarten.de/restaurant-gutschein-cafe.html]
[www.lisas-palmengarten.de/impr-cafe-restaurant-herne.html]
[www.lisas-palmengarten.de/images/3-a-f_logo_RGB-Blue_1024.png]
[www.lisas-palmengarten.de/images/instagram-lisaspalmengarten1.png]
[www.lisas-palmengarten.de/index.html]
[www.lisas-palmengarten.de/lisas_palmengarten.css]
[www.lisas-palmengarten.de/index.css]
[www.lisas-palmengarten.de/fonts/memtYaGs126MiZpBA-UFUIcVXSCEkx2cmqvXlWqWtE6F15M.woff2]
[www.lisas-palmengarten.de/fonts/memtYaGs126MiZpBA-UFUIcVXSCEkx2cmqvXlWqWvU6F15M.woff2]
[www.lisas-palmengarten.de/fonts/memtYaGs126MiZpBA-UFUIcVXSCEkx2cmqvXlWqWtU6F15M.woff2]
[www.lisas-palmengarten.de/fonts/memtYaGs126MiZpBA-UFUIcVXSCEkx2cmqvXlWqWuk6F15M.woff2]
[www.lisas-palmengarten.de/fonts/memtYaGs126MiZpBA-UFUIcVXSCEkx2cmqvXlWqWu06F15M.woff2]
[www.lisas-palmengarten.de/fonts/memtYaGs126MiZpBA-UFUIcVXSCEkx2cmqvXlWqWxU6F15M.woff2]
[www.lisas-palmengarten.de/fonts/memtYaGs126MiZpBA-UFUIcVXSCEkx2cmqvXlWqW106F15M.woff2]
[www.lisas-palmengarten.de/fonts/memtYaGs126MiZpBA-UFUIcVXSCEkx2cmqvXlWqWtk6F15M.woff2]
[www.lisas-palmengarten.de/fonts/memtYaGs126MiZpBA-UFUIcVXSCEkx2cmqvXlWqWt06F15M.woff2]
[www.lisas-palmengarten.de/fonts/memtYaGs126MiZpBA-UFUIcVXSCEkx2cmqvXlWqWuU6F.woff2]
[www.lisas-palmengarten.de/fonts/memvYaGs126MiZpBA-UvWbX2vVnXBbObj2OVTSKmu1aB.woff2]
[www.lisas-palmengarten.de/fonts/memvYaGs126MiZpBA-UvWbX2vVnXBbObj2OVTSumu1aB.woff2]
[www.lisas-palmengarten.de/fonts/memvYaGs126MiZpBA-UvWbX2vVnXBbObj2OVTSOmu1aB.woff2]
[www.lisas-palmengarten.de/fonts/memvYaGs126MiZpBA-UvWbX2vVnXBbObj2OVTSymu1aB.woff2]
[www.lisas-palmengarten.de/fonts/memvYaGs126MiZpBA-UvWbX2vVnXBbObj2OVTS2mu1aB.woff2]
[www.lisas-palmengarten.de/fonts/memvYaGs126MiZpBA-UvWbX2vVnXBbObj2OVTVOmu1aB.woff2]
[www.lisas-palmengarten.de/fonts/memvYaGs126MiZpBA-UvWbX2vVnXBbObj2OVTUGmu1aB.woff2]
[www.lisas-palmengarten.de/fonts/memvYaGs126MiZpBA-UvWbX2vVnXBbObj2OVTSCmu1aB.woff2]
[www.lisas-palmengarten.de/fonts/memvYaGs126MiZpBA-UvWbX2vVnXBbObj2OVTSGmu1aB.woff2]
[www.lisas-palmengarten.de/fonts/memvYaGs126MiZpBA-UvWbX2vVnXBbObj2OVTS-muw.woff2]
[www.lisas-palmengarten.de/fonts/TK3iWkUHHAIjg752FD8Ghe4.woff2]
[www.lisas-palmengarten.de/fonts/TK3iWkUHHAIjg752HT8Ghe4.woff2]
[www.lisas-palmengarten.de/fonts/TK3iWkUHHAIjg752Fj8Ghe4.woff2]
[www.lisas-palmengarten.de/fonts/TK3iWkUHHAIjg752Fz8Ghe4.woff2]
[www.lisas-palmengarten.de/fonts/TK3iWkUHHAIjg752GT8G.woff2]
[www.lisas-palmengarten.de/fonts.css]
[www.lisas-palmengarten.de/fonts/neILzCirqoswsqX9zo-mM5Ez.woff2]
[www.lisas-palmengarten.de/fonts/neILzCirqoswsqX9zoamM5Ez.woff2]
[www.lisas-palmengarten.de/fonts/neILzCirqoswsqX9zo2mM5Ez.woff2]
[www.lisas-palmengarten.de/fonts/neILzCirqoswsqX9zoymM5Ez.woff2]
[www.lisas-palmengarten.de/fonts/neILzCirqoswsqX9zoKmMw.woff2]
[www.lisas-palmengarten.de/Familien-Restaurant-Cafe-fonts.css]
[www.lisas-palmengarten.de/veranstaltungen-in-bochum.html]
[www.lisas-palmengarten.de/images/3-a-f_logo_RGB-White_1024.png]
[www.lisas-palmengarten.de/news-events-feiern-bochum.html]
[www.lisas-palmengarten.de/files/speisekarte-februar-2026.pdf]
[www.lisas-palmengarten.de/files/mittagstisch-2025.pdf]
[www.lisas-palmengarten.de/files/monatskarte-frhling-2026.pdf]
[www.lisas-palmengarten.de/files/valentinstag-2026.pdf]
[www.lisas-palmengarten.de/restaurant-speisekarte-bochum.html]
[www.lisas-palmengarten.de/angebote-lounge-bar-biergarten.html]
[www.lisas-palmengarten.de/files/speisekarte-september-2025.pdf]
[www.lisas-palmengarten.de/fruehstueck-in-bochum-herne.html]
[www.lisas-palmengarten.de/feiern-events-catering.html]
[www.lisas-palmengarten.de/biergarten-in-herne-bochum.html]
[www.lisas-palmengarten.de/weinfass--valentinstag.html]
[www.lisas-palmengarten.de/foodtrailer-foodtruck-mieten.html]
[www.lisas-palmengarten.de/rundgang-restaurant-bistro.html]
[www.lisas-palmengarten.de/impressionen-essen-gehen.html]
[www.lisas-palmengarten.de/ueber-lisas-palmengarten.html]
[www.lisas-palmengarten.de/Team-Restaurant-Biergarten.html]
[www.lisas-palmengarten.de/files/servicekraft-vollzeit.pdf]
[www.lisas-palmengarten.de/files/foodtruck-vollzeit-teilzeit-1.pdf]
[www.lisas-palmengarten.de/files/koch-vollzeit-teilzeit-1.pdf]
[www.lisas-palmengarten.de/jobs-in-gastro-herne-bochum.html]
[www.lisas-palmengarten.de/lisas-palmengarten-kontaktformular.html]
[www.lisas-palmengarten.de/GET]
[www.lisas-palmengarten.de/kontakt-restaurant-cafe-bochum.html]
[www.lisas-palmengarten.de/tisch-reservieren-bestellen.html]
[www.lisas-palmengarten.de/restaurant-gutschein-cafe.html]
[www.lisas-palmengarten.de/impr-cafe-restaurant-herne.html]
[www.lisas-palmengarten.de/veranstaltungen-in-bochum.css]
[www.lisas-palmengarten.de/veranstaltungen-in-bochum-fonts.css]
[www.lisas-palmengarten.de/news-events-feiern-bochum.css]
[www.lisas-palmengarten.de/news-events-feiern-bochum-fonts.css]
[www.lisas-palmengarten.de/restaurant-speisekarte-bochum.css]
[www.lisas-palmengarten.de/restaurant-speisekarte-bochum-fonts.css]
[www.lisas-palmengarten.de/angebote-lounge-bar-biergarten.css]
[www.lisas-palmengarten.de/angebote-lounge-bar-biergarten-fonts.css]
[www.lisas-palmengarten.de/fruehstueck-in-bochum-herne.css]
[www.lisas-palmengarten.de/fruehstueck-in-bochum-herne-fonts.css]
[www.lisas-palmengarten.de/feiern-events-catering.css]
[www.lisas-palmengarten.de/feiern-events-catering-fonts.css]
[www.lisas-palmengarten.de/biergarten-in-herne-bochum.css]
[www.lisas-palmengarten.de/biergarten-in-herne-bochum-fonts.css]
[www.lisas-palmengarten.de/weinfass--valentinstag.css]
[www.lisas-palmengarten.de/weinfass--valentinstag-fonts.css]
[www.lisas-palmengarten.de/foodtrailer-foodtruck-mieten.css]
[www.lisas-palmengarten.de/foodtrailer-foodtruck-mieten-fonts.css]
[www.lisas-palmengarten.de/rundgang-restaurant-bistro.css]
[www.lisas-palmengarten.de/rundgang-restaurant-bistro-fonts.css]
[www.lisas-palmengarten.de/impressionen-essen-gehen.css]
[www.lisas-palmengarten.de/impressionen-essen-gehen-fonts.css]
[www.lisas-palmengarten.de/ueber-lisas-palmengarten.css]
[www.lisas-palmengarten.de/ueber-lisas-palmengarten-fonts.css]
[www.lisas-palmengarten.de/Team-Restaurant-Biergarten.css]
[www.lisas-palmengarten.de/Team-Restaurant-Biergarten-fonts.css]
[www.lisas-palmengarten.de/jobs-in-gastro-herne-bochum.css]
[www.lisas-palmengarten.de/jobs-in-gastro-herne-bochum-fonts.css]
[www.lisas-palmengarten.de/kontakt-restaurant-cafe-bochum.css]
[www.lisas-palmengarten.de/kontakt-restaurant-cafe-bochum-fonts.css]
[www.lisas-palmengarten.de/lisas-palmengarten-kontaktformular.html]
[www.lisas-palmengarten.de/GET.html]
[www.lisas-palmengarten.de/tisch-reservieren-bestellen.css]
[www.lisas-palmengarten.de/tisch-reservieren-bestellen-fonts.css]
[reservation.dish.co/widget.html]
[www.lisas-palmengarten.de/restaurant-gutschein-cafe.css]
[www.lisas-palmengarten.de/restaurant-gutschein-cafe-fonts.css]
[www.lisas-palmengarten.de/impr-cafe-restaurant-herne.css]
[www.lisas-palmengarten.de/impr-cafe-restaurant-herne-fonts.css]
[cdn.reservation.dish.co/static/20251211105041/static/js/widget.body.mod.min.js]
[reservation.dish.co/widget/'+eid+.html]
[cdn.reservation.dish.co/static/20251211105041/static/libs/font-awesome/css/all.min.css]
[cdn.reservation.dish.co/static/20251211105041/static/css/widget.min.css]
