[missseoulfood.de/index.html]
[backblue.gif]
[fade.gif]
[index.html]
[missseoulfood.de/comments/feed/index.html]
[missseoulfood.de/wp-json/oembed/1.0/embed3e45.json]
[missseoulfood.de/feed/index.html]
[missseoulfood.de/wp-json/oembed/1.0/embedd796]
[missseoulfood.de/wp-content/themes/hello-elementor/style.min653d.css]
[missseoulfood.de/wp-content/themes/hello-elementor/theme.min653d.css]
[missseoulfood.de/wp-content/plugins/elementor/assets/css/frontend.minc8a6.css]
[missseoulfood.de/wp-content/uploads/elementor/css/post-9a8ff.css]
[missseoulfood.de/wp-content/plugins/elementor/assets/css/widget-image.minc8a6.css]
[missseoulfood.de/wp-content/plugins/elementor-pro/assets/css/widget-nav-menu.mind341.css]
[missseoulfood.de/wp-content/plugins/elementor/assets/lib/eicons/css/elementor-icons.min7f15.css]
[missseoulfood.de/wp-content/plugins/elementor/assets/css/widget-heading.minc8a6.css]
[missseoulfood.de/wp-content/plugins/elementor/assets/css/widget-spacer.minc8a6.css]
[missseoulfood.de/wp-content/uploads/elementor/css/post-161d81e.css]
[missseoulfood.de/wp-content/uploads/elementor/css/post-21d81e.css]
[missseoulfood.de/wp-content/uploads/elementor/css/post-31d81e.css]
[missseoulfood.de/wp-content/uploads/omgf/elementor-gf-local-marcellus/elementor-gf-local-marcellus31d0.css]
[missseoulfood.de/wp-content/uploads/omgf/elementor-gf-local-poppins/elementor-gf-local-poppins31d0.css]
[missseoulfood.de/wp-content/uploads/omgf/elementor-gf-local-montserrat/elementor-gf-local-montserrat31d0.css]
[missseoulfood.de/wp-content/plugins/elementor/assets/lib/font-awesome/css/fontawesome.min52d5.css]
[missseoulfood.de/wp-content/plugins/elementor/assets/lib/font-awesome/css/solid.min52d5.css]
[missseoulfood.de/wp-includes/js/jquery/jquery.minf43b.js]
[missseoulfood.de/wp-includes/js/jquery/jquery-migrate.min5589.js]
[missseoulfood.de/wp-content/plugins/handl-utm-grabber-v3/js/js.cookie4d80.js]
[missseoulfood.de/wp-content/plugins/handl-utm-grabber-v3/js/handl-utm-grabber4d80.js]
[missseoulfood.de/wp-content/plugins/pixelyoursite/dist/scripts/jquery.bind-first-0.2.3.minf096.js]
[missseoulfood.de/wp-content/plugins/pixelyoursite/dist/scripts/js.cookie-2.1.3.min4c71.js]
[missseoulfood.de/wp-content/plugins/pixelyoursite/dist/scripts/tld.min254d.js]
[missseoulfood.de/wp-content/plugins/pixelyoursite/dist/scripts/publicc9a3.js]
[missseoulfood.de/wp-json/wp/v2/pages/161.json]
[missseoulfood.de/wp-json/index.html]
[cdn.iubenda.com/cs/gpp/stub.js]
[missseoulfood.de/xmlrpc0db0.php]
[cdn.iubenda.com/cs/iubenda_cs.js]
[missseoulfood.de/wp-content/uploads/cropped-Bildschirm­foto-2023-05-09-um-13.53.53-32x32.png]
[missseoulfood.de/wp-content/uploads/cropped-Bildschirm­foto-2023-05-09-um-13.53.53-192x192.png]
[missseoulfood.de/wp-content/uploads/cropped-Bildschirm­foto-2023-05-09-um-13.53.53-180x180.png]
[missseoulfood.de/wp-content/uploads/mobile-rice.png]
[missseoulfood.de/foodblog/index.html]
[missseoulfood.de/wp-content/uploads/cover-missseoulfood-e1679048140103-1024x439.27.delayed]
[missseoulfood.de/aktuelle-termine/index.html]
[missseoulfood.de/asiatisch-kochkurs/index.html]
[missseoulfood.de/category/blog/koreanische-kultur/index.html]
[missseoulfood.de/wp-content/uploads/Koreanischer_Kochkurs_MissSeoulFood-3-879x1024.jpg]
[missseoulfood.de/category/blog/fleisch/index.html]
[missseoulfood.de/category/blog/suppe/index.html]
[missseoulfood.de/category/blog/reis/index.html]
[missseoulfood.de/category/blog/suesses/index.html]
[missseoulfood.de/wp-content/uploads/csm_EOS_9625_3f7dc07659-1024x683.jpg]
[missseoulfood.de/category/blog/kimchi/index.html]
[missseoulfood.de/category/blog/beilagen/index.html]
[missseoulfood.de/category/blog/nudeln/index.html]
[missseoulfood.de/wp-content/uploads/muckphoto-0745_final_web.jpg]
[missseoulfood.de/wp-content/uploads/csm_EOS_9664_c33584446b-1024x683.jpg]
[missseoulfood.de/category/blog/gastartikel/index.html]
[missseoulfood.de/wp-content/uploads/sunmi-810x1024.jpg]
[missseoulfood.de/wp-content/uploads/elementor/css/e-addons-extended-popup.min4d80.css]
[missseoulfood.de/wp-content/uploads/elementor/css/e-addons-hoverbutton.min4d80.css]
[missseoulfood.de/kontakt/index.html]
[missseoulfood.de/datenschutz/index.html]
[missseoulfood.de/impressum/index.html]
[missseoulfood.de/wp-content/uploads/elementor/css/e-addons-hoverimage.min4d80.css]
[missseoulfood.de/wp-content/themes/hello-elementor/assets/js/hello-frontend.min8a54.js]
[missseoulfood.de/wp-content/plugins/elementor/assets/js/webpack.runtime.minc8a6.js]
[missseoulfood.de/wp-content/plugins/elementor/assets/js/frontend-modules.minc8a6.js]
[missseoulfood.de/wp-includes/js/jquery/ui/core.minb37e.js]
[missseoulfood.de/wp-content/plugins/elementor/assets/js/frontend.minc8a6.js]
[missseoulfood.de/wp-content/plugins/elementor-pro/assets/lib/smartmenus/jquery.smartmenus.min1576.js]
[missseoulfood.de/wp-content/uploads/elementor/js/e-addons-extended-lazy-bg.min.js]
[missseoulfood.de/wp-content/uploads/elementor/js/e-addons-extended-popup.min.js]
[missseoulfood.de/wp-content/uploads/elementor/js/e-addons-extended-popup-preserve.min.js]
[missseoulfood.de/wp-content/uploads/elementor/js/e-addons-extended-popup-overlay.min.js]
[missseoulfood.de/wp-content/uploads/elementor/js/e-addons-hoverbutton.min.js]
[missseoulfood.de/wp-content/uploads/elementor/js/e-addons-hoverimage.min.js]
[missseoulfood.de/wp-content/plugins/elementor-pro/assets/js/webpack-pro.runtime.mind341.js]
[missseoulfood.de/wp-includes/js/dist/hooks.minaf5f.js]
[missseoulfood.de/wp-includes/js/dist/i18n.min1cde.js]
[missseoulfood.de/wp-content/plugins/elementor-pro/assets/js/frontend.mind341.js]
[missseoulfood.de/index.html]
[missseoulfood.de/wp-content/themes/hello-elementor/style.min653d.css]
[missseoulfood.de/wp-content/themes/hello-elementor/theme.min653d.css]
[missseoulfood.de/wp-content/plugins/elementor/assets/css/frontend.minc8a6.css]
[missseoulfood.de/wp-content/uploads/elementor/css/post-9a8ff.css]
[missseoulfood.de/wp-content/plugins/elementor/assets/css/widget-image.minc8a6.css]
[missseoulfood.de/wp-content/plugins/elementor-pro/assets/css/widget-nav-menu.mind341.css]
[missseoulfood.de/wp-content/plugins/elementor-pro/assets/js/elements-handlers.mind341.js]
[missseoulfood.de/wp-content/plugins/elementor/assets/lib/eicons/fonts/eiconse34b.eot]
[missseoulfood.de/wp-content/plugins/elementor/assets/lib/eicons/fonts/eiconse34b.woff2]
[missseoulfood.de/wp-content/plugins/elementor/assets/lib/eicons/fonts/eiconse34b.woff]
[missseoulfood.de/wp-content/plugins/elementor/assets/lib/eicons/fonts/eiconse34b.ttf]
[missseoulfood.de/wp-content/plugins/elementor/assets/lib/eicons/css/elementor-icons.min7f15.css]
[missseoulfood.de/wp-content/plugins/elementor/assets/css/widget-heading.minc8a6.css]
[missseoulfood.de/wp-content/plugins/elementor/assets/css/widget-spacer.minc8a6.css]
[missseoulfood.de/wp-content/uploads/korean-healthy-food-2021-08-26-17-21-38-utc-scaled.jpg]
[missseoulfood.de/wp-content/uploads/empty-table-and-chair-in-restaurant-2022-02-02-05-05-51-utc-scaled.jpg]
[missseoulfood.de/wp-content/uploads/asian-food-chinese-japanese-and-thai-cuisine-2022-01-18-23-43-32-utc-scaled.jpg]
[missseoulfood.de/wp-content/uploads/elementor/css/post-161d81e.css]
[missseoulfood.de/wp-content/uploads/elementor/css/post-21d81e.css]
[missseoulfood.de/wp-content/uploads/elementor/css/post-31d81e.css]
[missseoulfood.de/wp-content/uploads/omgf/elementor-gf-local-marcellus/marcellus-normal-latin-40031d0.woff2]
[missseoulfood.de/wp-content/uploads/omgf/elementor-gf-local-marcellus/elementor-gf-local-marcellus31d0.css]
[missseoulfood.de/wp-content/uploads/omgf/elementor-gf-local-poppins/poppins-italic-latin-10031d0.woff2]
[missseoulfood.de/wp-content/uploads/omgf/elementor-gf-local-poppins/poppins-italic-latin-20031d0.woff2]
[missseoulfood.de/wp-content/uploads/omgf/elementor-gf-local-poppins/poppins-italic-latin-30031d0.woff2]
[missseoulfood.de/wp-content/uploads/omgf/elementor-gf-local-poppins/poppins-italic-latin-40031d0.woff2]
[missseoulfood.de/wp-content/uploads/omgf/elementor-gf-local-poppins/poppins-italic-latin-50031d0.woff2]
[missseoulfood.de/wp-content/uploads/omgf/elementor-gf-local-poppins/poppins-italic-latin-60031d0.woff2]
[missseoulfood.de/wp-content/uploads/omgf/elementor-gf-local-poppins/poppins-italic-latin-70031d0.woff2]
[missseoulfood.de/wp-content/uploads/omgf/elementor-gf-local-poppins/poppins-italic-latin-80031d0.woff2]
[missseoulfood.de/wp-content/uploads/omgf/elementor-gf-local-poppins/poppins-italic-latin-90031d0.woff2]
[missseoulfood.de/wp-content/uploads/omgf/elementor-gf-local-poppins/poppins-normal-latin-10031d0.woff2]
[missseoulfood.de/wp-content/uploads/omgf/elementor-gf-local-poppins/poppins-normal-latin-20031d0.woff2]
[missseoulfood.de/wp-content/uploads/omgf/elementor-gf-local-poppins/poppins-normal-latin-30031d0.woff2]
[missseoulfood.de/wp-content/uploads/omgf/elementor-gf-local-poppins/poppins-normal-latin-40031d0.woff2]
[missseoulfood.de/wp-content/uploads/omgf/elementor-gf-local-poppins/poppins-normal-latin-50031d0.woff2]
[missseoulfood.de/wp-content/uploads/omgf/elementor-gf-local-poppins/poppins-normal-latin-60031d0.woff2]
[missseoulfood.de/wp-content/uploads/omgf/elementor-gf-local-poppins/poppins-normal-latin-70031d0.woff2]
[missseoulfood.de/wp-content/uploads/omgf/elementor-gf-local-poppins/poppins-normal-latin-80031d0.woff2]
[missseoulfood.de/wp-content/uploads/omgf/elementor-gf-local-poppins/poppins-normal-latin-90031d0.woff2]
[missseoulfood.de/wp-content/uploads/omgf/elementor-gf-local-poppins/elementor-gf-local-poppins31d0.css]
[missseoulfood.de/wp-content/uploads/omgf/elementor-gf-local-montserrat/montserrat-italic-latin31d0.woff2]
[missseoulfood.de/wp-content/uploads/omgf/elementor-gf-local-montserrat/montserrat-normal-latin31d0.woff2]
[missseoulfood.de/wp-content/uploads/omgf/elementor-gf-local-montserrat/elementor-gf-local-montserrat31d0.css]
[missseoulfood.de/wp-content/plugins/elementor/assets/lib/font-awesome/css/fontawesome.min52d5.css]
[missseoulfood.de/wp-content/plugins/elementor/assets/lib/font-awesome/webfonts/fa-solid-900.eot]
[missseoulfood.de/wp-content/plugins/elementor/assets/lib/font-awesome/webfonts/fa-solid-900d41d.eot]
[missseoulfood.de/wp-content/plugins/elementor/assets/lib/font-awesome/webfonts/fa-solid-900.woff2]
[missseoulfood.de/wp-content/plugins/elementor/assets/lib/font-awesome/webfonts/fa-solid-900.woff]
[missseoulfood.de/wp-content/plugins/elementor/assets/lib/font-awesome/webfonts/fa-solid-900.ttf]
[missseoulfood.de/wp-content/plugins/elementor/assets/lib/font-awesome/css/solid.min52d5.css]
[missseoulfood.de/wp-content/uploads/logo-sunmi.svg]
[missseoulfood.de/wp-content/uploads/muckphoto-0745_final-1024x684.jpg]
[missseoulfood.de/wp-json/oembed/1.0/embed8adc.json]
[missseoulfood.de/wp-json/oembed/1.0/embedbf55]
[missseoulfood.de/wp-includes/css/dist/block-library/style.min4d80.css]
[missseoulfood.de/wp-content/plugins/elementor-pro/assets/css/widget-post-info.mind341.css]
[missseoulfood.de/wp-content/plugins/elementor/assets/css/widget-icon-list.minc8a6.css]
[missseoulfood.de/wp-content/plugins/elementor/assets/lib/font-awesome/css/regular.min52d5.css]
[missseoulfood.de/wp-content/plugins/elementor-pro/assets/css/widget-table-of-contents.mind341.css]
[missseoulfood.de/wp-content/plugins/elementor-pro/assets/css/widget-call-to-action.mind341.css]
[missseoulfood.de/wp-content/plugins/elementor-pro/assets/css/conditionals/transitions.mind341.css]
[missseoulfood.de/wp-content/uploads/elementor/css/post-6584096.css]
[missseoulfood.de/wp-json/wp/v2/posts/2247.json]
[missseoulfood.de/wp-content/uploads/Kimbab_fuer_Karen.jpg]
[missseoulfood.de/wp-content/uploads/kimbap-gimbap-filled-with-vegetables-egg-eanchov-2022-11-28-17-39-15-utc-1024x681.jpg]
[missseoulfood.de/aktuelle-termine/index.html]
[missseoulfood.de/wp-content/uploads/Allgemein/Muckphoto_MissSeoulFood_Kochevent_Kimchi1.jpg]
[missseoulfood.de/wp-json/oembed/1.0/embedc70f.json]
[missseoulfood.de/wp-json/oembed/1.0/embed4aa4]
[missseoulfood.de/wp-content/plugins/elementor/assets/css/widget-toggle.minc8a6.css]
[missseoulfood.de/wp-content/uploads/elementor/css/post-415db79.css]
[missseoulfood.de/wp-json/wp/v2/pages/415.json]
[missseoulfood.de/wp-content/uploads/they-love-cooking-together-2021-08-28-15-56-47-utc-1.png]
[missseoulfood.de/wp-content/uploads/asian-food-chinese-japanese-and-thai-cuisine-2022-01-18-23-43-32-utc-1.png]
[missseoulfood.de/wp-content/uploads/Chicken-Bulgogi-Kimbab-498x1024.jpg]
[missseoulfood.de/wp-content/uploads/MissSeoulFood_Kimbab10_870x423.jpg]
[missseoulfood.de/wp-content/uploads/MissSeoulFood_Kimchiglas.jpg]
[missseoulfood.de/wp-content/uploads/Banchan_MissSeoulFood_890x890.jpg]
[missseoulfood.de/asiatisch-kochkurs/index.html]
[missseoulfood.de/wp-content/plugins/elementor-pro/assets/css/widget-posts.mind341.css]
[missseoulfood.de/wp-content/plugins/elementor-pro/assets/css/widget-search-form.mind341.css]
[missseoulfood.de/wp-content/plugins/elementor/assets/lib/swiper/v8/css/swiper.min94a4.css]
[missseoulfood.de/wp-content/plugins/elementor/assets/css/conditionals/e-swiper.minc8a6.css]
[missseoulfood.de/foodblog/page/2/index.html]
[missseoulfood.de/wp-content/uploads/elementor/css/post-736f07a.css]
[missseoulfood.de/wp-content/uploads/Screenshot_20260113_234204_Samsung-Internet-799x1024.jpg]
[missseoulfood.de/wp-content/uploads/Mandu-854x1024.jpg]
[missseoulfood.de/miss-seoul-food-in-der-wdr-servicezeit/index.html]
[missseoulfood.de/wp-content/uploads/Jajangmyeon.jpg]
[missseoulfood.de/koreanisches-mondkalender-neujahr/index.html]
[missseoulfood.de/jajangmyeon-koreanische-spaghetti/index.html]
[missseoulfood.de/wp-content/uploads/1-Kimbab-799x1024.jpg]
[missseoulfood.de/wp-content/uploads/Mandu-Jongol_870-1.jpg]
[missseoulfood.de/kimbab-picknick-auf-koreanisch-2/index.html]
[missseoulfood.de/mandu-jongol-koreanischer-hotpot-mit-teigtaschen/index.html]
[missseoulfood.de/wp-content/uploads/Kimchi-Jjigae-622x1024.jpg]
[missseoulfood.de/wp-content/uploads/Jjimdak-691x1024.jpg]
[missseoulfood.de/kimchi-koreanischer-kimchi-eintopf/index.html]
[missseoulfood.de/andong-jjim-dak-koreanisches-schmorhuhn-nach-andong-art/index.html]
[missseoulfood.de/wp-content/uploads/20250708_125029-874x1024.jpg]
[missseoulfood.de/wp-content/uploads/Jabchae-576x1024.jpg]
[missseoulfood.de/wp-content/uploads/Bulgogi-1-576x1024.jpg]
[missseoulfood.de/doenjang-jjigae-suppe-mit-koreanischer-sojabohnenpaste/index.html]
[missseoulfood.de/jabchae-koreanischer-glasnudelsalat/index.html]
[missseoulfood.de/wp-includes/js/imagesloaded.minbb93.js]
[missseoulfood.de/foodblog/index.html]
[missseoulfood.de/wp-content/plugins/elementor/assets/lib/swiper/v8/swiper.min94a4.js]
[missseoulfood.de/bulgogi-koreanisches-feuerfleisch/index.html]
[missseoulfood.de/category/blog/fisch/index.html]
[missseoulfood.de/category/blog/gewuerze-zutaten/index.html]
[missseoulfood.de/wp-json/wp/v2/categories/40.json]
[missseoulfood.de/wp-content/uploads/20241012_180453-576x1024.jpg]
[missseoulfood.de/category/blog/koreanische-kultur/page/2/index.html]
[missseoulfood.de/category/blog/koreanische-kultur/feed/index.html]
[missseoulfood.de/essen-in-seoul/index.html]
[missseoulfood.de/wp-content/uploads/VideoCapture_20250615-110421-576x1024.jpg]
[missseoulfood.de/wp-content/uploads/VideoCapture_20250603-131339-576x1024.jpg]
[missseoulfood.de/meine-neuen-lieblingsorte-in-seoul/index.html]
[missseoulfood.de/wp-content/uploads/IMG-20241007-WA0033-775x1024.jpg]
[missseoulfood.de/meine-lieblingsorte-in-seoul-die-alten/index.html]
[missseoulfood.de/meine-drei-tanten-und-ich/index.html]
[missseoulfood.de/wp-content/uploads/20241122_2106011-576x1024.jpg]
[missseoulfood.de/wp-content/uploads/kalligraphie-577x1024.jpg]
[missseoulfood.de/drei-gaenge-auf-koreanisch/index.html]
[missseoulfood.de/kalligraphie-auf-koreanisch/index.html]
[missseoulfood.de/wp-content/uploads/Christmas-MSF-911x1024.b1.delayed]
[missseoulfood.de/category/blog/koreanische-kultur/index.html]
[missseoulfood.de/weihnachten-in-korea-und-deutschland/index.html]
[missseoulfood.de/wp-json/wp/v2/categories/42.json]
[missseoulfood.de/category/blog/suppe/page/2/index.html]
[missseoulfood.de/category/blog/suppe/feed/index.html]
[missseoulfood.de/wp-content/uploads/Gukbab-576x1024.b3.delayed]
[missseoulfood.de/wp-content/uploads/Dakgyejang_koreanischeHuehnersuppe_MissSeoulFood_870.jpg]
[missseoulfood.de/gukbab-reis-mit-suppe-oder-suppe-mit-reis/index.html]
[missseoulfood.de/wp-content/uploads/BudaeJjigae_Kaserneneintopf_KoreanischerEintopf_MissSeoulFood.jpg]
[missseoulfood.de/dakgyejang-koreanische-scharfe-huehnersuppe/index.html]
[missseoulfood.de/wp-content/uploads/Gemuese-Hot-Pot-768x1024.jpg]
[missseoulfood.de/budae-jjigae-koreanische-kaserneneintopf/index.html]
[missseoulfood.de/wp-content/uploads/Kalguksu-622x1024.jpg]
[missseoulfood.de/wp-content/uploads/MiyeokGuk-1-720x1024.jpg]
[missseoulfood.de/jachae-jongol-koreanischer-hot-pot/index.html]
[missseoulfood.de/miyeokguk-koreanische-algensuppe/index.html]
[missseoulfood.de/kalguksu-koreanische-messernudeln/index.html]
[missseoulfood.de/wp-content/uploads/MissSeoulFood_Hobakjuk-870x906-1.jpg]
[missseoulfood.de/category/blog/suppe/index.html]
[missseoulfood.de/hobakjuk-koreanische-kuerbissuppe/index.html]
[missseoulfood.de/wp-json/wp/v2/categories/32.json]
[missseoulfood.de/category/blog/fleisch/page/2/index.html]
[missseoulfood.de/category/blog/fleisch/feed/index.html]
[missseoulfood.de/wp-content/uploads/Jeyuk_Bokkum-738x1024.jpg]
[missseoulfood.de/jeyuk-bokkum-scharf-suesses-gebratenes-schweinefleisch/index.html]
[missseoulfood.de/wp-content/uploads/Daktoritang-661x1024.jpg]
[missseoulfood.de/daktoritang-koreanischer-huehnerschmortopf/index.html]
[missseoulfood.de/wp-content/uploads/GochujangFrikadellen-556x1024.jpg]
[missseoulfood.de/koreanische-frikadellen-korea-meets-ruhrgebiet/index.html]
[missseoulfood.de/wp-content/uploads/GalbiJjim-498x1024.jpg]
[missseoulfood.de/wp-content/uploads/Bossam-529x1024.jpg]
[missseoulfood.de/galbi-jjim-geschmorte-koreanische-rinderrippen/index.html]
[missseoulfood.de/bossam-koreanischer-schweinebauch/index.html]
[missseoulfood.de/wp-content/uploads/chickenwings-633x1024.jpg]
[missseoulfood.de/category/blog/fleisch/index.html]
[missseoulfood.de/yangnyeom-chicken-korean-fried-chicken-kfc/index.html]
[missseoulfood.de/wp-json/wp/v2/categories/30.json]
[missseoulfood.de/category/blog/reis/feed/index.html]
[missseoulfood.de/wp-content/uploads/Ssambab1-706x1024.jpg]
[missseoulfood.de/wp-content/uploads/Tteokbokki-722x1024.jpg]
[missseoulfood.de/ssambab-koreanische-salat-wraps/index.html]
[missseoulfood.de/tteokbokki-die-koreanische-currywurst/index.html]
[missseoulfood.de/wp-content/uploads/Bibimbab-558x1024.c4.delayed]
[missseoulfood.de/wp-content/uploads/Kimchi-Fried-Rice-667x1024.jpg]
[missseoulfood.de/bibimbab-verruehrter-reis-aus-dem-topf/index.html]
[missseoulfood.de/kimchi-bokkumbab-gebratener-kimchireis/index.html]
[missseoulfood.de/wp-content/uploads/MissSeoulFood_Kimbab_640x360-1.jpg]
[missseoulfood.de/wp-content/uploads/MissSeoulFood_Kimbab2_640x360.jpg]
[missseoulfood.de/kimbab-ganz-ohne-fleisch-und-fisch/index.html]
[missseoulfood.de/kimbab-fusionstyle-mit-kartoffelsalat/index.html]
[missseoulfood.de/wp-content/uploads/Kimbab-Fuellungen-498x1024.jpg]
[missseoulfood.de/category/blog/reis/index.html]
[missseoulfood.de/kimbab-klassisch-mit-bulgogi/index.html]
[missseoulfood.de/wp-json/wp/v2/categories/34.json]
[missseoulfood.de/category/blog/suesses/feed/index.html]
[missseoulfood.de/wp-content/uploads/Tteok-768x1024.jpg]
[missseoulfood.de/wp-content/uploads/MissSeoulFood-GreenTeaCheescake_GruenerTeeKaesekuchen_640x360.jpg]
[missseoulfood.de/reiskuchen-oder-death-by-chocolate/index.html]
[missseoulfood.de/wp-content/uploads/20250508_162321-688x1024.jpg]
[missseoulfood.de/fusion-food-green-tea-cheesecake/index.html]
[missseoulfood.de/wp-content/uploads/MissSeoulFood_GreenTeaDominosteine_640x360.jpg]
[missseoulfood.de/koreanischer-tee-1-500-jahre-kultur/index.html]
[missseoulfood.de/fusion-food-green-tea-dominosteine/index.html]
[missseoulfood.de/wp-content/uploads/RockyRoad_MissSeoulFood_640x360.jpg]
[missseoulfood.de/fusion-food-green-tea-rocky-road/index.html]
[missseoulfood.de/wp-content/uploads/Kekse-576x1024.cf.delayed]
[missseoulfood.de/category/blog/suesses/index.html]
[missseoulfood.de/koreanische-tomaten/index.html]
[missseoulfood.de/fusion-food-green-tea-kekse/index.html]
[missseoulfood.de/category/blog/kimchi/feed/index.html]
[missseoulfood.de/wp-json/wp/v2/categories/38.json]
[missseoulfood.de/wp-content/uploads/Dubu_Kimchi-661x1024.jpg]
[missseoulfood.de/wp-content/uploads/Kimchi-Pfannkuchen-657x1024.jpg]
[missseoulfood.de/dubu-kimchi-pochierter-tofu-gebratenes-kimchi/index.html]
[missseoulfood.de/kimchipfannkuchen-heiss-und-fettig/index.html]
[missseoulfood.de/wp-content/uploads/Banchan_2-768x1024.d3.delayed]
[missseoulfood.de/kimchi-eine-deutsch-koreanische-liebesgeschichte/index.html]
[missseoulfood.de/wp-content/uploads/Kimchi-Bigos-737x1024.jpg]
[missseoulfood.de/wp-content/uploads/Kimchi-GrilledCheese-1024x576.jpg]
[missseoulfood.de/kimchi-bigos-korea-meets-ruhrgebiet/index.html]
[missseoulfood.de/kimchi-grilled-cheese-korea-meets-ruhrgebiet/index.html]
[missseoulfood.de/wp-content/uploads/Kimchi-Quiche-616x1024.jpg]
[missseoulfood.de/category/blog/kimchi/index.html]
[missseoulfood.de/fusion-food-kimchi-quiche/index.html]
[missseoulfood.de/wp-json/wp/v2/categories/43.json]
[missseoulfood.de/category/blog/beilagen/feed/index.html]
[missseoulfood.de/wp-content/uploads/Spicy-Dubu-768x1024.jpg]
[missseoulfood.de/wp-content/uploads/Gurkensalat_Oi_Kimchi-747x1024.jpg]
[missseoulfood.de/spicy-tofu-vegetarisch-kochen-mit-bjoern-freitag-im-tv/index.html]
[missseoulfood.de/wp-content/uploads/Gochujeon.jpg]
[missseoulfood.de/oi-kimchi-oi-muchim-koreanischer-gurkensalat/index.html]
[missseoulfood.de/gochu-jeon-gebratene-chili/index.html]
[missseoulfood.de/wp-content/uploads/Dubu-Jorim-708x1024.db.delayed]
[missseoulfood.de/dubu-jorim-geschmorter-glasierter-tofu/index.html]
[missseoulfood.de/kongnamul-koreanische-sojabohnensprossen/index.html]
[missseoulfood.de/wp-content/uploads/Komgnamul-768x1024.jpg]
[missseoulfood.de/wp-content/uploads/Ssamjang-667x1024.jpg]
[missseoulfood.de/wp-content/uploads/1-Lotuswurzel-676x1024.jpg]
[missseoulfood.de/category/blog/beilagen/index.html]
[missseoulfood.de/ssamjang-koreanische-dippsauce/index.html]
[missseoulfood.de/yeongun-koreanische-lotuswurzel/index.html]
[missseoulfood.de/category/blog/nudeln/feed/index.html]
[missseoulfood.de/wp-json/wp/v2/categories/31.json]
[missseoulfood.de/wp-content/uploads/Naengmyeon-704x1024.jpg]
[missseoulfood.de/wp-content/uploads/Ramdon-559x1024.jpg]
[missseoulfood.de/naengmyeon-eiskalte-koreanische-nudeln-2/index.html]
[missseoulfood.de/ram-don-nudelgericht-parasite/index.html]
[missseoulfood.de/wp-content/uploads/FB_IMG_1712936317958-1024x912.jpg]
[missseoulfood.de/category/blog/nudeln/index.html]
[missseoulfood.de/ramen-koreanische-nudelsuppe-fuer-alle-faelle-2/index.html]
[missseoulfood.de/wp-json/wp/v2/categories/41.json]
[missseoulfood.de/category/blog/gastartikel/feed/index.html]
[missseoulfood.de/wp-content/uploads/1615401288806-01_copy_1200x1598-769x1024.jpg]
[missseoulfood.de/wp-content/uploads/MissSeoulFood_Kimbab10_870x423-2.jpg]
[missseoulfood.de/kimchi-schupfnudeln-deutsch-koreanisches-fusionfood/index.html]
[missseoulfood.de/green-tea-dominosteine-ohne-green-tea/index.html]
[missseoulfood.de/wp-content/uploads/MissSeoulFood_Kimchiglas-2.jpg]
[missseoulfood.de/category/blog/gastartikel/index.html]
[missseoulfood.de/mein-sushi-k-r-ampf/index.html]
[missseoulfood.de/kimchi-ein-selbstversuch-von-hildegard-mihm/index.html]
[missseoulfood.de/wp-json/oembed/1.0/embed9b1d.json]
[missseoulfood.de/wp-json/oembed/1.0/embedacfa]
[missseoulfood.de/wp-content/uploads/elementor/css/post-668ac0.css]
[missseoulfood.de/wp-content/uploads/elementor/css/post-398ac0.css]
[missseoulfood.de/wp-json/wp/v2/pages/66.json]
[missseoulfood.de/impressum/index.html]
[missseoulfood.de/wp-json/oembed/1.0/embed640f.json]
[missseoulfood.de/wp-json/oembed/1.0/embedd988]
[missseoulfood.de/wp-content/uploads/elementor/css/post-68ed7b.css]
[missseoulfood.de/wp-json/wp/v2/pages/68.json]
[missseoulfood.de/datenschutz/index.html]
[cdn.iubenda.com/iubenda.js]
[missseoulfood.de/wp-json/oembed/1.0/embed3886.json]
[missseoulfood.de/wp-json/oembed/1.0/embed6c27]
[missseoulfood.de/wp-json/wp/v2/posts/602.json]
[missseoulfood.de/kontakt/index.html]
[missseoulfood.de/wp-content/uploads/elementor/css/e-addons-extended-popup.min4d80.css]
[missseoulfood.de/wp-content/uploads/elementor/css/e-addons-hoverbutton.min4d80.css]
[missseoulfood.de/wp-content/uploads/elementor/css/e-addons-hoverimage.min4d80.css]
[missseoulfood.de/wp-content/plugins/elementor/assets/lib/eicons/fonts/eiconse34b.svg]
[missseoulfood.de/wp-content/plugins/elementor/assets/lib/font-awesome/webfonts/fa-solid-900.svg]
[missseoulfood.de/wp-includes/css/dist/block-library/style.min4d80.css]
[missseoulfood.de/wp-content/plugins/elementor-pro/assets/css/widget-post-info.mind341.css]
[missseoulfood.de/wp-content/plugins/elementor/assets/css/widget-icon-list.minc8a6.css]
[missseoulfood.de/wp-content/plugins/elementor/assets/lib/font-awesome/webfonts/fa-regular-400.eot]
[missseoulfood.de/wp-content/plugins/elementor/assets/lib/font-awesome/webfonts/fa-regular-400d41d.eot]
[missseoulfood.de/wp-content/plugins/elementor/assets/lib/font-awesome/webfonts/fa-regular-400.woff2]
[missseoulfood.de/wp-content/plugins/elementor/assets/lib/font-awesome/webfonts/fa-regular-400.woff]
[missseoulfood.de/wp-content/plugins/elementor/assets/lib/font-awesome/webfonts/fa-regular-400.ttf]
[missseoulfood.de/wp-content/plugins/elementor/assets/lib/font-awesome/css/regular.min52d5.css]
[missseoulfood.de/wp-content/plugins/elementor-pro/assets/css/widget-table-of-contents.mind341.css]
[missseoulfood.de/wp-content/plugins/elementor-pro/assets/css/widget-call-to-action.mind341.css]
[missseoulfood.de/wp-content/plugins/elementor-pro/assets/css/conditionals/transitions.mind341.css]
[missseoulfood.de/wp-content/uploads/elementor/css/post-6584096.css]
[missseoulfood.de/index57b6.html]
[missseoulfood.de/2025/06/27/index.html]
[missseoulfood.de/wp-content/plugins/elementor/assets/css/widget-toggle.minc8a6.css]
[missseoulfood.de/wp-content/uploads/shot-of-a-team-of-creative-businesspeople-brainsto-2023-01-04-19-23-28-utc-1.png]
[missseoulfood.de/wp-content/uploads/elementor/css/post-415db79.css]
[missseoulfood.de/indexd519.html]
[missseoulfood.de/wp-content/uploads/Andi_Seoul-2024-577x1024.jpg]
[missseoulfood.de/foodblog/page/2/index.html]
[missseoulfood.de/wp-content/plugins/elementor-pro/assets/css/widget-posts.mind341.css]
[missseoulfood.de/wp-content/plugins/elementor-pro/assets/css/widget-search-form.mind341.css]
[missseoulfood.de/wp-content/plugins/elementor/assets/lib/swiper/v8/css/swiper.min94a4.css]
[missseoulfood.de/wp-content/plugins/elementor/assets/css/conditionals/e-swiper.minc8a6.css]
[missseoulfood.de/wp-content/uploads/elementor/css/post-736f07a.css]
[missseoulfood.de/foodblog/page/3/index.html]
[missseoulfood.de/zurueck-in-seoul/index.html]
[missseoulfood.de/wp-json/oembed/1.0/embedd6ca.json]
[missseoulfood.de/wp-json/oembed/1.0/embedde1e]
[missseoulfood.de/wp-json/wp/v2/posts/3370.json]
[missseoulfood.de/miss-seoul-food-in-der-wdr-servicezeit/index.html]
[missseoulfood.de/wp-json/oembed/1.0/embed50fa.json]
[missseoulfood.de/wp-json/oembed/1.0/embed1113]
[missseoulfood.de/wp-json/wp/v2/posts/3293.json]
[missseoulfood.de/koreanisches-mondkalender-neujahr/index.html]
[missseoulfood.de/tteokguk-koreanische-reiskuchensuppe/index.html]
[missseoulfood.de/wp-json/oembed/1.0/embed8dcf.json]
[missseoulfood.de/mandu-gefuellte-teigtaschen/index.html]
[missseoulfood.de/wp-json/oembed/1.0/embed22b1]
[missseoulfood.de/wp-json/wp/v2/posts/550.json]
[missseoulfood.de/jajangmyeon-koreanische-spaghetti/index.html]
[missseoulfood.de/wp-json/oembed/1.0/embed2e8e.json]
[missseoulfood.de/wp-json/oembed/1.0/embed9965]
[missseoulfood.de/wp-json/wp/v2/posts/548.json]
[missseoulfood.de/kimbab-picknick-auf-koreanisch-2/index.html]
[missseoulfood.de/wp-json/oembed/1.0/embed3d3a.json]
[missseoulfood.de/wp-json/oembed/1.0/embed4009]
[missseoulfood.de/wp-json/wp/v2/posts/647.json]
[missseoulfood.de/mandu-jongol-koreanischer-hotpot-mit-teigtaschen/index.html]
[missseoulfood.de/wp-json/oembed/1.0/embed0e95.json]
[missseoulfood.de/wp-json/oembed/1.0/embed0056]
[missseoulfood.de/wp-json/wp/v2/posts/595.json]
[missseoulfood.de/kimchi-koreanischer-kimchi-eintopf/index.html]
[missseoulfood.de/wp-json/oembed/1.0/embedbbe9.json]
[missseoulfood.de/wp-json/oembed/1.0/embedc9e5]
[missseoulfood.de/wp-json/wp/v2/posts/646.json]
[missseoulfood.de/andong-jjim-dak-koreanisches-schmorhuhn-nach-andong-art/index.html]
[missseoulfood.de/wp-json/oembed/1.0/embedc3d5.json]
[missseoulfood.de/wp-json/oembed/1.0/embed31fc]
[missseoulfood.de/wp-json/wp/v2/posts/631.json]
[missseoulfood.de/doenjang-jjigae-suppe-mit-koreanischer-sojabohnenpaste/index.html]
[missseoulfood.de/wp-json/oembed/1.0/embed6fb5.json]
[missseoulfood.de/wp-json/oembed/1.0/embed4a42]
[missseoulfood.de/wp-json/wp/v2/posts/636.json]
[missseoulfood.de/jabchae-koreanischer-glasnudelsalat/index.html]
[missseoulfood.de/wp-content/uploads/Bulgogi-1.jpg]
[missseoulfood.de/wp-json/oembed/1.0/embed47a6.json]
[missseoulfood.de/wp-json/oembed/1.0/embed4c4d]
[missseoulfood.de/wp-json/wp/v2/posts/654.json]
[missseoulfood.de/bulgogi-koreanisches-feuerfleisch/index.html]
[missseoulfood.de/wp-json/wp/v2/categories/33.json]
[missseoulfood.de/category/blog/fisch/feed/index.html]
[missseoulfood.de/wp-content/uploads/Haemulpajeon-575x1024.jpg]
[missseoulfood.de/category/blog/fisch/index.html]
[missseoulfood.de/wp-json/wp/v2/categories/44.json]
[missseoulfood.de/haemulpajon-meeresfruechtepfannkuchen/index.html]
[missseoulfood.de/category/blog/gewuerze-zutaten/feed/index.html]
[missseoulfood.de/wp-content/uploads/Shiitake-797x1024.jpg]
[missseoulfood.de/category/blog/gewuerze-zutaten/index.html]
[missseoulfood.de/typische-koreanische-zutaten/index.html]
[missseoulfood.de/wp-content/uploads/Flagge-1024x768.jpg]
[missseoulfood.de/hallyu-die-koreanische-welle/index.html]
[missseoulfood.de/wp-content/uploads/20250502_182431-576x1024.jpg]
[missseoulfood.de/typische-koreanische-gewuerze/index.html]
[missseoulfood.de/category/blog/koreanische-kultur/page/3/index.html]
[missseoulfood.de/koreanische-trinkkultur-anju-kleine-haeppchen-zum-alkohol/index.html]
[missseoulfood.de/wp-content/uploads/20241001_162713-576x1024.jpg]
[missseoulfood.de/koreanische-getraenke-bier-und-korean-bbq/index.html]
[missseoulfood.de/wp-content/uploads/Nordkirchen-768x1024.jpg]
[missseoulfood.de/koreanisches-fasten/index.html]
[missseoulfood.de/meine-koreanische-cousine/index.html]
[missseoulfood.de/wp-content/uploads/20241012_141102-576x1024.jpg]
[missseoulfood.de/wp-content/uploads/FB_IMG_1727967403085.jpg]
[missseoulfood.de/leben-im-hanok-dem-traditionellen-koreanischen-haus/index.html]
[missseoulfood.de/seit-60-jahren-in-deutschland/index.html]
[missseoulfood.de/wp-content/uploads/Koreanische-Inquisition-1024x768.jpg]
[missseoulfood.de/wp-content/uploads/20241007_151710-576x1024.jpg]
[missseoulfood.de/category/blog/koreanische-kultur/page/2/index.html]
[missseoulfood.de/auf-nach-korea/index.html]
[missseoulfood.de/hangul-die-koreanische-schrift/index.html]
[missseoulfood.de/wp-json/oembed/1.0/embedeea3.json]
[missseoulfood.de/wp-json/oembed/1.0/embedb3e1]
[missseoulfood.de/wp-json/wp/v2/posts/2893.json]
[missseoulfood.de/essen-in-seoul/index.html]
[missseoulfood.de/wp-content/uploads/VideoCapture_20250615-110421.jpg]
[missseoulfood.de/wp-json/oembed/1.0/embed87c0.json]
[missseoulfood.de/wp-json/oembed/1.0/embed73ed]
[missseoulfood.de/wp-json/wp/v2/posts/2889.json]
[missseoulfood.de/meine-neuen-lieblingsorte-in-seoul/index.html]
[missseoulfood.de/wp-content/uploads/VideoCapture_20250603-131339.jpg]
[missseoulfood.de/wp-json/oembed/1.0/embed1542.json]
[missseoulfood.de/wp-json/oembed/1.0/embed40d0]
[missseoulfood.de/wp-json/wp/v2/posts/2864.json]
[missseoulfood.de/meine-lieblingsorte-in-seoul-die-alten/index.html]
[missseoulfood.de/wp-content/uploads/IMG-20241007-WA0033.jpg]
[missseoulfood.de/wp-json/oembed/1.0/embedebd7.json]
[missseoulfood.de/wp-json/oembed/1.0/embeda811]
[missseoulfood.de/wp-json/wp/v2/posts/2772.json]
[missseoulfood.de/meine-drei-tanten-und-ich/index.html]
[missseoulfood.de/wp-json/oembed/1.0/embedc016.json]
[missseoulfood.de/wp-json/oembed/1.0/embed93dd]
[missseoulfood.de/wp-json/wp/v2/posts/2557.json]
[missseoulfood.de/drei-gaenge-auf-koreanisch/index.html]
[missseoulfood.de/umami-fuenfter-geschmack/index.html]
[missseoulfood.de/wp-json/oembed/1.0/embed600d.json]
[missseoulfood.de/wp-json/oembed/1.0/embed3f5b]
[missseoulfood.de/wp-json/wp/v2/posts/2550.json]
[missseoulfood.de/kalligraphie-auf-koreanisch/index.html]
[missseoulfood.de/wp-json/oembed/1.0/embedc59f.json]
[missseoulfood.de/wp-json/oembed/1.0/embedbf51]
[missseoulfood.de/wp-json/wp/v2/posts/2544.json]
[missseoulfood.de/weihnachten-in-korea-und-deutschland/index.html]
[missseoulfood.de/wp-content/uploads/TteokgukMissSeoulFood.jpg]
[missseoulfood.de/dol-erster-geburtstag-korea/index.html]
[missseoulfood.de/wp-content/uploads/MissSeoulFood_Ttukbegi_870x435.jpg]
[missseoulfood.de/category/blog/suppe/page/2/index.html]
[missseoulfood.de/ttukbaegi-koreanischer-rindfleischeintopf/index.html]
[missseoulfood.de/wp-json/oembed/1.0/embed28b5.json]
[missseoulfood.de/wp-json/oembed/1.0/embed0992]
[missseoulfood.de/wp-json/wp/v2/posts/2584.json]
[missseoulfood.de/gukbab-reis-mit-suppe-oder-suppe-mit-reis/index.html]
[missseoulfood.de/wp-json/oembed/1.0/embedf769.json]
[missseoulfood.de/wp-json/oembed/1.0/embed147f]
[missseoulfood.de/wp-json/wp/v2/posts/650.json]
[missseoulfood.de/dakgyejang-koreanische-scharfe-huehnersuppe/index.html]
[missseoulfood.de/wp-json/oembed/1.0/embed8a64.json]
[missseoulfood.de/wp-json/oembed/1.0/embed146e]
[missseoulfood.de/wp-json/wp/v2/posts/645.json]
[missseoulfood.de/budae-jjigae-koreanische-kaserneneintopf/index.html]
[missseoulfood.de/wp-json/oembed/1.0/embedcd6c.json]
[missseoulfood.de/wp-json/oembed/1.0/embed9ca1]
[missseoulfood.de/wp-json/wp/v2/posts/607.json]
[missseoulfood.de/jachae-jongol-koreanischer-hot-pot/index.html]
[missseoulfood.de/wp-json/oembed/1.0/embedfe0a.json]
[missseoulfood.de/wp-json/oembed/1.0/embedd2aa]
[missseoulfood.de/wp-json/wp/v2/posts/638.json]
[missseoulfood.de/kalguksu-koreanische-messernudeln/index.html]
[missseoulfood.de/wp-json/oembed/1.0/embed654a.json]
[missseoulfood.de/wp-json/oembed/1.0/embed25fb]
[missseoulfood.de/wp-json/wp/v2/posts/604.json]
[missseoulfood.de/miyeokguk-koreanische-algensuppe/index.html]
[missseoulfood.de/wp-json/oembed/1.0/embedbffe.json]
[missseoulfood.de/wp-json/oembed/1.0/embed8df2]
[missseoulfood.de/wp-json/wp/v2/posts/613.json]
[missseoulfood.de/hobakjuk-koreanische-kuerbissuppe/index.html]
[missseoulfood.de/wp-content/uploads/Mandu-1-768x1024.jpg]
[missseoulfood.de/category/blog/fleisch/page/2/index.html]
[missseoulfood.de/wp-json/oembed/1.0/embed5e5b.json]
[missseoulfood.de/wp-json/oembed/1.0/embedd459]
[missseoulfood.de/wp-json/wp/v2/posts/649.json]
[missseoulfood.de/jeyuk-bokkum-scharf-suesses-gebratenes-schweinefleisch/index.html]
[missseoulfood.de/wp-json/oembed/1.0/embed22b2.json]
[missseoulfood.de/wp-json/oembed/1.0/embedbb84]
[missseoulfood.de/wp-json/wp/v2/posts/642.json]
[missseoulfood.de/daktoritang-koreanischer-huehnerschmortopf/index.html]
[missseoulfood.de/wp-json/oembed/1.0/embed4620.json]
[missseoulfood.de/wp-json/oembed/1.0/embed6c42]
[missseoulfood.de/wp-json/wp/v2/posts/566.json]
[missseoulfood.de/koreanische-frikadellen-korea-meets-ruhrgebiet/index.html]
[missseoulfood.de/wp-content/uploads/GalbiJjim.jpg]
[missseoulfood.de/wp-json/oembed/1.0/embed5c34.json]
[missseoulfood.de/wp-json/oembed/1.0/embed2679]
[missseoulfood.de/wp-json/wp/v2/posts/635.json]
[missseoulfood.de/galbi-jjim-geschmorte-koreanische-rinderrippen/index.html]
[missseoulfood.de/wp-json/oembed/1.0/embed0945.json]
[missseoulfood.de/wp-json/oembed/1.0/embedab5b]
[missseoulfood.de/wp-json/wp/v2/posts/626.json]
[missseoulfood.de/bossam-koreanischer-schweinebauch/index.html]
[missseoulfood.de/wp-json/oembed/1.0/embed0e1c.json]
[missseoulfood.de/wp-json/oembed/1.0/embed5e6f]
[missseoulfood.de/wp-json/wp/v2/posts/621.json]
[missseoulfood.de/yangnyeom-chicken-korean-fried-chicken-kfc/index.html]
[missseoulfood.de/wp-json/oembed/1.0/embed8ceb.json]
[missseoulfood.de/wp-json/oembed/1.0/embed5448]
[missseoulfood.de/wp-json/wp/v2/posts/648.json]
[missseoulfood.de/ssambab-koreanische-salat-wraps/index.html]
[missseoulfood.de/wp-json/oembed/1.0/embed53b4.json]
[missseoulfood.de/wp-json/oembed/1.0/embede1d5]
[missseoulfood.de/wp-json/wp/v2/posts/570.json]
[missseoulfood.de/tteokbokki-die-koreanische-currywurst/index.html]
[missseoulfood.de/wp-json/oembed/1.0/embed82df.json]
[missseoulfood.de/wp-json/oembed/1.0/embede704]
[missseoulfood.de/wp-json/wp/v2/posts/549.json]
[missseoulfood.de/bibimbab-verruehrter-reis-aus-dem-topf/index.html]
[missseoulfood.de/wp-json/oembed/1.0/embedf556.json]
[missseoulfood.de/wp-json/oembed/1.0/embeda0bb]
[missseoulfood.de/wp-json/wp/v2/posts/627.json]
[missseoulfood.de/kimchi-bokkumbab-gebratener-kimchireis/index.html]
[missseoulfood.de/wp-json/oembed/1.0/embed9da1.json]
[missseoulfood.de/wp-json/oembed/1.0/embed7e9a]
[missseoulfood.de/wp-json/wp/v2/posts/547.json]
[missseoulfood.de/kimbab-ganz-ohne-fleisch-und-fisch/index.html]
[missseoulfood.de/wp-json/oembed/1.0/embed0dd3.json]
[missseoulfood.de/wp-json/oembed/1.0/embed2271]
[missseoulfood.de/wp-json/wp/v2/posts/546.json]
[missseoulfood.de/kimbab-fusionstyle-mit-kartoffelsalat/index.html]
[missseoulfood.de/wp-json/oembed/1.0/embed51d5.json]
[missseoulfood.de/wp-json/oembed/1.0/embed4e4a]
[missseoulfood.de/wp-json/wp/v2/posts/545.json]
[missseoulfood.de/kimbab-klassisch-mit-bulgogi/index.html]
[missseoulfood.de/wp-json/oembed/1.0/embed1084.json]
[missseoulfood.de/wp-json/oembed/1.0/embeda4ab]
[missseoulfood.de/wp-json/wp/v2/posts/574.json]
[missseoulfood.de/reiskuchen-oder-death-by-chocolate/index.html]
[missseoulfood.de/wp-json/oembed/1.0/embed972c.json]
[missseoulfood.de/wp-json/oembed/1.0/embede428]
[missseoulfood.de/wp-json/wp/v2/posts/593.json]
[missseoulfood.de/fusion-food-green-tea-cheesecake/index.html]
[missseoulfood.de/wp-json/oembed/1.0/embed4f21.json]
[missseoulfood.de/wp-json/oembed/1.0/embedb075]
[missseoulfood.de/wp-json/wp/v2/posts/573.json]
[missseoulfood.de/koreanischer-tee-1-500-jahre-kultur/index.html]
[missseoulfood.de/wp-json/oembed/1.0/embed8194.json]
[missseoulfood.de/wp-json/oembed/1.0/embedc081]
[missseoulfood.de/wp-json/wp/v2/posts/572.json]
[missseoulfood.de/fusion-food-green-tea-dominosteine/index.html]
[missseoulfood.de/wp-json/oembed/1.0/embedc43f.json]
[missseoulfood.de/wp-json/oembed/1.0/embed431c]
[missseoulfood.de/wp-json/wp/v2/posts/571.json]
[missseoulfood.de/fusion-food-green-tea-rocky-road/index.html]
[missseoulfood.de/wp-json/oembed/1.0/embede421.json]
[missseoulfood.de/wp-json/oembed/1.0/embedd2cd]
[missseoulfood.de/wp-json/wp/v2/posts/594.json]
[missseoulfood.de/koreanische-tomaten/index.html]
[missseoulfood.de/wp-json/oembed/1.0/embeda83e.json]
[missseoulfood.de/wp-json/oembed/1.0/embed2ab5]
[missseoulfood.de/wp-json/wp/v2/posts/592.json]
[missseoulfood.de/fusion-food-green-tea-kekse/index.html]
[missseoulfood.de/wp-json/oembed/1.0/embedb7b6.json]
[missseoulfood.de/wp-json/oembed/1.0/embed781d]
[missseoulfood.de/wp-json/wp/v2/posts/609.json]
[missseoulfood.de/dubu-kimchi-pochierter-tofu-gebratenes-kimchi/index.html]
[missseoulfood.de/wp-json/oembed/1.0/embed9146.json]
[missseoulfood.de/wp-json/oembed/1.0/embedd84f]
[missseoulfood.de/wp-json/wp/v2/posts/601.json]
[missseoulfood.de/kimchipfannkuchen-heiss-und-fettig/index.html]
[missseoulfood.de/wp-json/oembed/1.0/embed3475.json]
[missseoulfood.de/wp-json/oembed/1.0/embedcd3d]
[missseoulfood.de/wp-json/wp/v2/posts/600.json]
[missseoulfood.de/kimchi-eine-deutsch-koreanische-liebesgeschichte/index.html]
[missseoulfood.de/wp-json/oembed/1.0/embedd109.json]
[missseoulfood.de/wp-json/oembed/1.0/embeda673]
[missseoulfood.de/wp-json/wp/v2/posts/599.json]
[missseoulfood.de/kimchi-bigos-korea-meets-ruhrgebiet/index.html]
[missseoulfood.de/wp-json/oembed/1.0/embed46c2.json]
[missseoulfood.de/wp-json/oembed/1.0/embed8964]
[missseoulfood.de/wp-json/wp/v2/posts/598.json]
[missseoulfood.de/kimchi-grilled-cheese-korea-meets-ruhrgebiet/index.html]
[missseoulfood.de/wp-json/oembed/1.0/embedef1c.json]
[missseoulfood.de/wp-json/oembed/1.0/embed9039]
[missseoulfood.de/wp-json/wp/v2/posts/597.json]
[missseoulfood.de/fusion-food-kimchi-quiche/index.html]
[missseoulfood.de/wp-json/oembed/1.0/embeda045.json]
[missseoulfood.de/wp-json/oembed/1.0/embed74d6]
[missseoulfood.de/wp-json/wp/v2/posts/1747.json]
[missseoulfood.de/spicy-tofu-vegetarisch-kochen-mit-bjoern-freitag-im-tv/index.html]
[missseoulfood.de/wp-json/oembed/1.0/embed6839.json]
[missseoulfood.de/wp-json/oembed/1.0/embedcb7c]
[missseoulfood.de/wp-json/wp/v2/posts/644.json]
[missseoulfood.de/oi-kimchi-oi-muchim-koreanischer-gurkensalat/index.html]
[missseoulfood.de/wp-json/oembed/1.0/embed8ef2.json]
[missseoulfood.de/wp-json/oembed/1.0/embed30ac]
[missseoulfood.de/wp-json/wp/v2/posts/632.json]
[missseoulfood.de/gochu-jeon-gebratene-chili/index.html]
[missseoulfood.de/wp-json/oembed/1.0/embed8a77.json]
[missseoulfood.de/wp-json/oembed/1.0/embed72dc]
[missseoulfood.de/wp-json/wp/v2/posts/629.json]
[missseoulfood.de/dubu-jorim-geschmorter-glasierter-tofu/index.html]
[missseoulfood.de/wp-json/oembed/1.0/embed682a.json]
[missseoulfood.de/wp-json/oembed/1.0/embedf5a9]
[missseoulfood.de/wp-json/wp/v2/posts/610.json]
[missseoulfood.de/kongnamul-koreanische-sojabohnensprossen/index.html]
[missseoulfood.de/wp-json/oembed/1.0/embede172.json]
[missseoulfood.de/wp-json/oembed/1.0/embedc748]
[missseoulfood.de/wp-json/wp/v2/posts/611.json]
[missseoulfood.de/ssamjang-koreanische-dippsauce/index.html]
[missseoulfood.de/wp-json/oembed/1.0/embed03ba.json]
[missseoulfood.de/wp-json/oembed/1.0/embed276e]
[missseoulfood.de/wp-json/wp/v2/posts/619.json]
[missseoulfood.de/yeongun-koreanische-lotuswurzel/index.html]
[missseoulfood.de/wp-json/oembed/1.0/embed2981.json]
[missseoulfood.de/wp-json/oembed/1.0/embed1b96]
[missseoulfood.de/wp-json/wp/v2/posts/616.json]
[missseoulfood.de/naengmyeon-eiskalte-koreanische-nudeln-2/index.html]
[missseoulfood.de/wp-json/oembed/1.0/embed4267.json]
[missseoulfood.de/wp-json/oembed/1.0/embed2c41]
[missseoulfood.de/wp-json/wp/v2/posts/605.json]
[missseoulfood.de/ram-don-nudelgericht-parasite/index.html]
[missseoulfood.de/wp-content/uploads/FB_IMG_1712936317958.jpg]
[missseoulfood.de/wp-json/oembed/1.0/embed7f72.json]
[missseoulfood.de/wp-json/oembed/1.0/embed3599]
[missseoulfood.de/wp-json/wp/v2/posts/614.json]
[missseoulfood.de/ramen-koreanische-nudelsuppe-fuer-alle-faelle-2/index.html]
[missseoulfood.de/wp-content/uploads/1615401288806-01_copy_1200x1598.jpg]
[missseoulfood.de/wp-json/oembed/1.0/embedc556.json]
[missseoulfood.de/wp-json/oembed/1.0/embed617d]
[missseoulfood.de/wp-json/wp/v2/posts/1207.json]
[missseoulfood.de/wp-content/uploads/1617008721929-01_copy_1600x1201-1024x769.jpg]
[missseoulfood.de/wp-content/uploads/1617007953371-01_copy_1600x1201-1024x769.jpg]
[missseoulfood.de/kimchi-schupfnudeln-deutsch-koreanisches-fusionfood/index.html]
[missseoulfood.de/wp-json/oembed/1.0/embed45ac.json]
[missseoulfood.de/wp-json/oembed/1.0/embed58c3]
[missseoulfood.de/wp-json/wp/v2/posts/603.json]
[missseoulfood.de/green-tea-dominosteine-ohne-green-tea/index.html]
[missseoulfood.de/wp-json/oembed/1.0/embed6839-2.json]
[missseoulfood.de/wp-json/oembed/1.0/embed66e5]
[missseoulfood.de/wp-json/wp/v2/posts/591.json]
[missseoulfood.de/mein-sushi-k-r-ampf/index.html]
[missseoulfood.de/wp-json/oembed/1.0/embed1cdb.json]
[missseoulfood.de/wp-json/oembed/1.0/embedbbf9]
[missseoulfood.de/wp-json/wp/v2/posts/587.json]
[missseoulfood.de/kimchi-ein-selbstversuch-von-hildegard-mihm/index.html]
[missseoulfood.de/wp-content/uploads/YY-Fallback-background.svg]
[missseoulfood.de/wp-content/uploads/elementor/css/post-668ac0.css]
[missseoulfood.de/wp-content/uploads/elementor/css/post-398ac0.css]
[missseoulfood.de/index4f61.html]
[missseoulfood.de/wp-content/uploads/elementor/css/post-68ed7b.css]
[missseoulfood.de/index7ef4.html]
[missseoulfood.de/indexca7f.html]
[missseoulfood.de/2018/07/03/index.html]
[missseoulfood.de/wp-content/plugins/elementor/assets/lib/font-awesome/webfonts/fa-regular-400.svg]
[missseoulfood.de/foodblog/page/3/index.html]
[missseoulfood.de/wp-json/oembed/1.0/embed2594.json]
[missseoulfood.de/foodblog/page/4/index.html]
[missseoulfood.de/wp-json/oembed/1.0/embed529c]
[missseoulfood.de/wp-json/wp/v2/posts/2535.json]
[missseoulfood.de/zurueck-in-seoul/index.html]
[missseoulfood.de/index4538.html]
[missseoulfood.de/2026/01/27/index.html]
[missseoulfood.de/indexca2b.html]
[missseoulfood.de/2026/01/19/index.html]
[missseoulfood.de/wp-json/oembed/1.0/embed7f64.json]
[missseoulfood.de/wp-json/oembed/1.0/embed5068]
[missseoulfood.de/wp-json/wp/v2/posts/583.json]
[missseoulfood.de/tteokguk-koreanische-reiskuchensuppe/index.html]
[missseoulfood.de/wp-json/oembed/1.0/embed880c.json]
[missseoulfood.de/wp-json/oembed/1.0/embed0a1f]
[missseoulfood.de/wp-json/wp/v2/posts/567.json]
[missseoulfood.de/mandu-gefuellte-teigtaschen/index.html]
[missseoulfood.de/indexa165.html]
[missseoulfood.de/2025/08/21/index.html]
[missseoulfood.de/index1dc8.html]
[missseoulfood.de/2025/08/09/index.html]
[missseoulfood.de/index6087.html]
[missseoulfood.de/2025/08/03/index.html]
[missseoulfood.de/indexa351.html]
[missseoulfood.de/2025/07/28/index.html]
[missseoulfood.de/index8bcd.html]
[missseoulfood.de/2025/07/20/index.html]
[missseoulfood.de/indexa123.html]
[missseoulfood.de/2025/07/13/index.html]
[missseoulfood.de/index8989.html]
[missseoulfood.de/2025/07/06/index.html]
[missseoulfood.de/indexa818.html]
[missseoulfood.de/2025/06/29/index.html]
[missseoulfood.de/wp-json/oembed/1.0/embed733d.json]
[missseoulfood.de/wp-json/oembed/1.0/embedc09b]
[missseoulfood.de/wp-json/wp/v2/posts/544.json]
[missseoulfood.de/haemulpajon-meeresfruechtepfannkuchen/index.html]
[missseoulfood.de/wp-content/uploads/Shiitake.jpg]
[missseoulfood.de/wp-json/oembed/1.0/embedfc1a.json]
[missseoulfood.de/wp-json/oembed/1.0/embed29b6]
[missseoulfood.de/wp-json/wp/v2/posts/628.json]
[missseoulfood.de/typische-koreanische-zutaten/index.html]
[missseoulfood.de/wp-json/oembed/1.0/embedc792.json]
[missseoulfood.de/wp-json/oembed/1.0/embed5677]
[missseoulfood.de/wp-json/wp/v2/posts/622.json]
[missseoulfood.de/typische-koreanische-gewuerze/index.html]
[missseoulfood.de/wp-content/uploads/20241004_180241-576x1024.jpg]
[missseoulfood.de/category/blog/koreanische-kultur/page/4/index.html]
[missseoulfood.de/wp-content/uploads/20241002_161234-576x1024.jpg]
[missseoulfood.de/gruendung-koreanisches-reich-tangun/index.html]
[missseoulfood.de/koreanische-verwandtschaft-zu-besuch/index.html]
[missseoulfood.de/wp-content/uploads/Karotten-1.jpg]
[missseoulfood.de/happy-buddhas-birthday/index.html]
[missseoulfood.de/wp-content/uploads/muckphoto-0852_final-684x1024.jpg]
[missseoulfood.de/mein-mietgarten/index.html]
[missseoulfood.de/weisse-koennen-nicht-kochen/index.html]
[missseoulfood.de/wp-content/uploads/20241001_141344-576x1024.jpg]
[missseoulfood.de/wp-content/uploads/Babsang-1-616x1024.21b.delayed]
[missseoulfood.de/neujahr-in-korea/index.html]
[missseoulfood.de/winter-in-korea/index.html]
[missseoulfood.de/5-gruende-warum-man-koreanisch-essen-sollte/index.html]
[missseoulfood.de/wp-content/uploads/20241002_120143-576x1024.jpg]
[missseoulfood.de/wp-content/uploads/MissSeoulFood_Wahlbenachrichtigung_870x423.jpg]
[missseoulfood.de/category/blog/koreanische-kultur/page/3/index.html]
[missseoulfood.de/einkaufen-im-asiasupermarkt/index.html]
[missseoulfood.de/wahlbenachrichtigung-integrationsrat-kommunalwahl-2020/index.html]
[missseoulfood.de/wp-json/oembed/1.0/embed37c2.json]
[missseoulfood.de/wp-json/oembed/1.0/embed9609]
[missseoulfood.de/wp-json/wp/v2/posts/2285.json]
[missseoulfood.de/hallyu-die-koreanische-welle/index.html]
[missseoulfood.de/wp-json/oembed/1.0/embed8854.json]
[missseoulfood.de/wp-json/oembed/1.0/embed48b1]
[missseoulfood.de/wp-json/wp/v2/posts/1993.json]
[missseoulfood.de/koreanische-trinkkultur-anju-kleine-haeppchen-zum-alkohol/index.html]
[missseoulfood.de/wp-json/oembed/1.0/embedfc7d.json]
[missseoulfood.de/wp-json/oembed/1.0/embedda24]
[missseoulfood.de/wp-json/wp/v2/posts/1935.json]
[missseoulfood.de/koreanische-getraenke-bier-und-korean-bbq/index.html]
[missseoulfood.de/wp-json/oembed/1.0/embedeee6.json]
[missseoulfood.de/wp-json/oembed/1.0/embed4a23]
[missseoulfood.de/wp-json/wp/v2/posts/1914.json]
[missseoulfood.de/koreanisches-fasten/index.html]
[missseoulfood.de/wp-json/oembed/1.0/embedc0ce.json]
[missseoulfood.de/wp-json/oembed/1.0/embedb096]
[missseoulfood.de/wp-json/wp/v2/posts/1898.json]
[missseoulfood.de/meine-koreanische-cousine/index.html]
[missseoulfood.de/wp-json/oembed/1.0/embedaa78.json]
[missseoulfood.de/wp-json/oembed/1.0/embed35b0]
[missseoulfood.de/wp-json/wp/v2/posts/1872.json]
[missseoulfood.de/leben-im-hanok-dem-traditionellen-koreanischen-haus/index.html]
[missseoulfood.de/wp-json/oembed/1.0/embeda765.json]
[missseoulfood.de/wp-json/oembed/1.0/embed0f71]
[missseoulfood.de/wp-json/wp/v2/posts/1853.json]
[missseoulfood.de/seit-60-jahren-in-deutschland/index.html]
[missseoulfood.de/wp-content/uploads/Koreanische-Inquisition.jpg]
[missseoulfood.de/wp-json/oembed/1.0/embed7e0d.json]
[missseoulfood.de/wp-json/oembed/1.0/embed0cdb]
[missseoulfood.de/wp-json/wp/v2/posts/1843.json]
[missseoulfood.de/auf-nach-korea/index.html]
[missseoulfood.de/wp-json/oembed/1.0/embed3bee.json]
[missseoulfood.de/wp-json/oembed/1.0/embed0aec]
[missseoulfood.de/wp-json/wp/v2/posts/1735.json]
[missseoulfood.de/hangul-die-koreanische-schrift/index.html]
[missseoulfood.de/indexa896.html]
[missseoulfood.de/2025/06/15/index.html]
[missseoulfood.de/index8729.html]
[missseoulfood.de/indexeb74.html]
[missseoulfood.de/2025/06/03/index.html]
[missseoulfood.de/index27bf.html]
[missseoulfood.de/2025/03/22/index.html]
[missseoulfood.de/index16bf.html]
[missseoulfood.de/2024/12/09/index.html]
[missseoulfood.de/wp-json/oembed/1.0/embed415b.json]
[missseoulfood.de/wp-json/oembed/1.0/embed1633]
[missseoulfood.de/wp-json/wp/v2/posts/617.json]
[missseoulfood.de/umami-fuenfter-geschmack/index.html]
[missseoulfood.de/index100d.html]
[missseoulfood.de/2024/12/06/index.html]
[missseoulfood.de/index16e3.html]
[missseoulfood.de/2024/12/03/index.html]
[missseoulfood.de/wp-content/uploads/Dol-ErsterGeburtstag.jpg]
[missseoulfood.de/wp-json/oembed/1.0/embed40c4.json]
[missseoulfood.de/wp-json/oembed/1.0/embedb2cd]
[missseoulfood.de/wp-json/wp/v2/posts/612.json]
[missseoulfood.de/dol-erster-geburtstag-korea/index.html]
[missseoulfood.de/wp-json/oembed/1.0/embedbbda.json]
[missseoulfood.de/wp-json/oembed/1.0/embede941]
[missseoulfood.de/wp-json/wp/v2/posts/620.json]
[missseoulfood.de/ttukbaegi-koreanischer-rindfleischeintopf/index.html]
[missseoulfood.de/index1e4c.html]
[missseoulfood.de/2024/12/17/index.html]
[missseoulfood.de/indexf034.html]
[missseoulfood.de/2021/11/25/index.html]
[missseoulfood.de/indexc725.html]
[missseoulfood.de/2021/02/15/index.html]
[missseoulfood.de/index30e4.html]
[missseoulfood.de/2020/12/15/index.html]
[kochen.missseoulfood.de/wp-content/uploads/Suppe/MissSeoulFood_JachaeJongol-870x695.html]
[missseoulfood.de/indexc9fb.html]
[missseoulfood.de/2020/11/19/index.html]
[kochen.missseoulfood.de/wp-content/uploads/Nudeln/MissSeoulFood-Kalguksu-870x520.html]
[missseoulfood.de/index1d45.html]
[missseoulfood.de/2020/11/05/index.html]
[missseoulfood.de/index44fb.html]
[missseoulfood.de/2020/10/30/index.html]
[missseoulfood.de/index7b0e.html]
[missseoulfood.de/2021/10/22/index.html]
[missseoulfood.de/indexd1c3.html]
[missseoulfood.de/2021/01/19/index.html]
[missseoulfood.de/index5f97.html]
[missseoulfood.de/2020/10/14/index.html]
[missseoulfood.de/indexb753.html]
[missseoulfood.de/2020/09/25/index.html]
[kochen.missseoulfood.de/wp-content/uploads/Fleisch/MissSeoulFood_GalbiJjim1870x567.html]
[kochen.missseoulfood.de/wp-content/uploads/Fleisch/MissSeoulFood_GalbiJjim870x541.html]
[missseoulfood.de/indexe90e.html]
[missseoulfood.de/2020/08/24/index.html]
[kochen.missseoulfood.de/wp-content/uploads/Fleisch/MissSeoulFood_Bossam-870x487.html]
[missseoulfood.de/indexb022.html]
[missseoulfood.de/2020/08/12/index.html]
[missseoulfood.de/index0ae0.html]
[missseoulfood.de/2021/10/18/index.html]
[missseoulfood.de/indexfa8d.html]
[missseoulfood.de/2021/02/08/index.html]
[missseoulfood.de/indexbcc1.html]
[missseoulfood.de/indexf763.html]
[missseoulfood.de/2020/09/02/index.html]
[missseoulfood.de/index7cc7.html]
[missseoulfood.de/2016/02/15/index.html]
[missseoulfood.de/index4cfb.html]
[missseoulfood.de/index3a3f.html]
[missseoulfood.de/indexfe50.html]
[missseoulfood.de/2020/09/29/index.html]
[missseoulfood.de/index4808.html]
[missseoulfood.de/2018/06/25/index.html]
[missseoulfood.de/indexa1e2.html]
[missseoulfood.de/2016/04/20/index.html]
[missseoulfood.de/index273a.html]
[missseoulfood.de/index62bf.html]
[missseoulfood.de/index3e9a.html]
[missseoulfood.de/index568a.html]
[missseoulfood.de/index93f8.html]
[missseoulfood.de/2020/06/11/index.html]
[missseoulfood.de/indexbdc9.html]
[missseoulfood.de/2018/06/28/index.html]
[missseoulfood.de/index2b8b.html]
[missseoulfood.de/indexa9e1.html]
[missseoulfood.de/index424e.html]
[missseoulfood.de/index53ba.html]
[kochen.missseoulfood.de/wp-content/uploads/Kimchi/MissSeoulFood_KimchiMuffins_870x360.html]
[missseoulfood.de/index664d.html]
[missseoulfood.de/2023/10/11/index.html]
[missseoulfood.de/index6ade.html]
[missseoulfood.de/2021/02/11/index.html]
[missseoulfood.de/indexf8fc.html]
[missseoulfood.de/2020/09/18/index.html]
[missseoulfood.de/indexe703.html]
[missseoulfood.de/2020/09/08/index.html]
[missseoulfood.de/index0718.html]
[missseoulfood.de/indexb702.html]
[missseoulfood.de/index7867.html]
[missseoulfood.de/index8372.html]
[missseoulfood.de/2020/06/04/index.html]
[missseoulfood.de/index0acd.html]
[missseoulfood.de/index08c1.html]
[missseoulfood.de/indexa60b.html]
[missseoulfood.de/2023/05/29/index.html]
[missseoulfood.de/index7aeb.html]
[missseoulfood.de/2018/07/10/index.html]
[missseoulfood.de/index81db.html]
[missseoulfood.de/2016/05/23/index.html]
[missseoulfood.de/index4c2b.html]
[missseoulfood.de/foodblog/page/4/index.html]
[missseoulfood.de/indexdc0a.html]
[missseoulfood.de/2024/12/02/index.html]
[missseoulfood.de/index61a9.html]
[missseoulfood.de/2016/05/03/index.html]
[missseoulfood.de/index246f.html]
[missseoulfood.de/index044f.html]
[missseoulfood.de/2018/06/15/index.html]
[missseoulfood.de/index9c09.html]
[missseoulfood.de/2020/08/31/index.html]
[missseoulfood.de/index7033.html]
[missseoulfood.de/kimchi-koreanischer-kimchi-eintopf-2/index.html]
[missseoulfood.de/wp-content/uploads/Hochzeit-759x1024.jpg]
[missseoulfood.de/foodblog/page/5/index.html]
[missseoulfood.de/category/blog/koreanische-kultur/page/5/index.html]
[missseoulfood.de/koreanische-hochzeit/index.html]
[missseoulfood.de/wp-content/uploads/Kimbab_Vegetarisch-643x1024.jpg]
[missseoulfood.de/wp-content/uploads/Banchan-802x1024.jpg]
[missseoulfood.de/eine-rampe-und-jede-menge-kimbab-fuer-karen/index.html]
[missseoulfood.de/koreanisches-essen-fuer-anfaenger/index.html]
[missseoulfood.de/heiraten-auf-deutsch-koreanisch/index.html]
[missseoulfood.de/wp-content/uploads/20250512_150252-717x1024.jpg]
[missseoulfood.de/wp-content/uploads/20241003_170633-576x1024.jpg]
[missseoulfood.de/messer-gabel-schere-staebchen/index.html]
[missseoulfood.de/koreanische-garkuechen/index.html]
[missseoulfood.de/wp-content/uploads/Masterchef_MissSeoulFood2.24c.delayed]
[missseoulfood.de/category/blog/koreanische-kultur/page/4/index.html]
[missseoulfood.de/koreanische-essgewohnheiten-reis-mit-kimchi/index.html]
[missseoulfood.de/wp-content/uploads/20241004_180241.jpg]
[missseoulfood.de/miss-seoul-food-bei-masterchef/index.html]
[missseoulfood.de/wp-json/oembed/1.0/embed355a.json]
[missseoulfood.de/wp-json/oembed/1.0/embed2780]
[missseoulfood.de/wp-json/wp/v2/posts/1725.json]
[missseoulfood.de/gruendung-koreanisches-reich-tangun/index.html]
[missseoulfood.de/wp-json/oembed/1.0/embed9115.json]
[missseoulfood.de/wp-json/oembed/1.0/embed77ff]
[missseoulfood.de/wp-json/wp/v2/posts/1719.json]
[missseoulfood.de/koreanische-verwandtschaft-zu-besuch/index.html]
[missseoulfood.de/wp-json/oembed/1.0/embed6804.json]
[missseoulfood.de/wp-json/oembed/1.0/embedc8cf]
[missseoulfood.de/wp-json/wp/v2/posts/1190.json]
[missseoulfood.de/happy-buddhas-birthday/index.html]
[missseoulfood.de/wp-json/oembed/1.0/embed56e4.json]
[missseoulfood.de/wp-json/oembed/1.0/embed702f]
[missseoulfood.de/wp-json/wp/v2/posts/652.json]
[missseoulfood.de/mein-mietgarten/index.html]
[missseoulfood.de/wp-json/oembed/1.0/embedd947.json]
[missseoulfood.de/wp-json/oembed/1.0/embed0632]
[missseoulfood.de/wp-json/wp/v2/posts/641.json]
[missseoulfood.de/weisse-koennen-nicht-kochen/index.html]
[missseoulfood.de/wp-json/oembed/1.0/embed214b.json]
[missseoulfood.de/wp-json/oembed/1.0/embed9bcf]
[missseoulfood.de/wp-json/wp/v2/posts/555.json]
[missseoulfood.de/neujahr-in-korea/index.html]
[missseoulfood.de/wp-json/oembed/1.0/embed20e3.json]
[missseoulfood.de/wp-json/oembed/1.0/embed45b9]
[missseoulfood.de/wp-json/wp/v2/posts/556.json]
[missseoulfood.de/winter-in-korea/index.html]
[missseoulfood.de/wp-json/oembed/1.0/embed4041.json]
[missseoulfood.de/wp-json/oembed/1.0/embedc6b5]
[missseoulfood.de/wp-json/wp/v2/posts/562.json]
[missseoulfood.de/5-gruende-warum-man-koreanisch-essen-sollte/index.html]
[missseoulfood.de/wp-json/oembed/1.0/embed3a0f.json]
[missseoulfood.de/wp-json/oembed/1.0/embedfcce]
[missseoulfood.de/wp-json/wp/v2/posts/623.json]
[missseoulfood.de/einkaufen-im-asiasupermarkt/index.html]
[missseoulfood.de/wp-json/oembed/1.0/embedf4fa.json]
[missseoulfood.de/ein-erlebnis-fuer-alle-sinne-koreanische-kocheventsmit-missseoulfood-2/index.html]
[missseoulfood.de/wp-json/oembed/1.0/embed8f6f]
[missseoulfood.de/wp-json/wp/v2/posts/624.json]
[missseoulfood.de/wahlbenachrichtigung-integrationsrat-kommunalwahl-2020/index.html]
[missseoulfood.de/index7f8f.html]
[missseoulfood.de/2024/06/04/index.html]
[missseoulfood.de/index5b92.html]
[missseoulfood.de/2024/04/02/index.html]
[missseoulfood.de/indexed44.html]
[missseoulfood.de/2024/03/12/index.html]
[missseoulfood.de/index5d04.html]
[missseoulfood.de/2024/02/27/index.html]
[missseoulfood.de/index3bad.html]
[missseoulfood.de/2024/02/18/index.html]
[missseoulfood.de/indexdea9.html]
[missseoulfood.de/2024/02/05/index.html]
[missseoulfood.de/indexc1a5.html]
[missseoulfood.de/2024/01/29/index.html]
[missseoulfood.de/indexc726.html]
[missseoulfood.de/2024/01/18/index.html]
[missseoulfood.de/indexf1b5.html]
[missseoulfood.de/2023/10/06/index.html]
[missseoulfood.de/index5c49.html]
[missseoulfood.de/index4494.html]
[missseoulfood.de/index2c3d.html]
[missseoulfood.de/foodblog/page/5/index.html]
[missseoulfood.de/wp-content/uploads/20241003_174450-927x1024.jpg]
[missseoulfood.de/foodblog/page/6/index.html]
[missseoulfood.de/weihnachten-auf-koreanisch/index.html]
[missseoulfood.de/korean-street-food/index.html]
[missseoulfood.de/wp-content/uploads/20250511_1511510-576x1024.jpg]
[missseoulfood.de/category/blog/koreanische-kultur/page/5/index.html]
[missseoulfood.de/koreanische-inquisition/index.html]
[missseoulfood.de/kimbab-fuer-karen/index.html]
[missseoulfood.de/chuseok-halbmondkuchen-zum-erntedankfest/index.html]
[missseoulfood.de/wp-content/uploads/Hochzeit.jpg]
[missseoulfood.de/wp-json/oembed/1.0/embed495c.json]
[missseoulfood.de/wp-json/oembed/1.0/embed00dc]
[missseoulfood.de/wp-json/wp/v2/posts/618.json]
[missseoulfood.de/koreanische-hochzeit/index.html]
[missseoulfood.de/wp-json/oembed/1.0/embed2a45.json]
[missseoulfood.de/wp-json/oembed/1.0/embedd347]
[missseoulfood.de/wp-json/wp/v2/posts/577.json]
[missseoulfood.de/eine-rampe-und-jede-menge-kimbab-fuer-karen/index.html]
[missseoulfood.de/wp-json/oembed/1.0/embed4eb0.json]
[missseoulfood.de/wp-json/oembed/1.0/embed09c7]
[missseoulfood.de/wp-json/wp/v2/posts/575.json]
[missseoulfood.de/heiraten-auf-deutsch-koreanisch/index.html]
[missseoulfood.de/wp-json/oembed/1.0/embeda35a.json]
[missseoulfood.de/wp-json/oembed/1.0/embed8591]
[missseoulfood.de/wp-json/wp/v2/posts/565.json]
[missseoulfood.de/koreanisches-essen-fuer-anfaenger/index.html]
[missseoulfood.de/wp-json/oembed/1.0/embed259b.json]
[missseoulfood.de/wp-json/oembed/1.0/embedc0e9]
[missseoulfood.de/wp-json/wp/v2/posts/563.json]
[missseoulfood.de/messer-gabel-schere-staebchen/index.html]
[missseoulfood.de/wp-json/oembed/1.0/embed5559.json]
[missseoulfood.de/wp-json/oembed/1.0/embedfaf1]
[missseoulfood.de/wp-json/wp/v2/posts/561.json]
[missseoulfood.de/koreanische-garkuechen/index.html]
[missseoulfood.de/wp-json/oembed/1.0/embedb602.json]
[missseoulfood.de/wp-json/oembed/1.0/embed48d1]
[missseoulfood.de/wp-json/wp/v2/posts/560.json]
[missseoulfood.de/koreanische-essgewohnheiten-reis-mit-kimchi/index.html]
[missseoulfood.de/wp-json/oembed/1.0/embed838d.json]
[missseoulfood.de/wp-json/oembed/1.0/embede13e]
[missseoulfood.de/wp-json/wp/v2/posts/559.json]
[missseoulfood.de/miss-seoul-food-bei-masterchef/index.html]
[missseoulfood.de/index6d4c.html]
[missseoulfood.de/2023/09/30/index.html]
[missseoulfood.de/index8042.html]
[missseoulfood.de/index0959.html]
[missseoulfood.de/2023/05/26/index.html]
[missseoulfood.de/index47dc.html]
[missseoulfood.de/2022/05/30/index.html]
[missseoulfood.de/indexd2ad.html]
[missseoulfood.de/2021/01/20/index.html]
[missseoulfood.de/index960c.html]
[missseoulfood.de/2020/12/29/index.html]
[missseoulfood.de/indexa215.html]
[missseoulfood.de/2020/12/23/index.html]
[missseoulfood.de/indexf652.html]
[missseoulfood.de/2020/10/21/index.html]
[missseoulfood.de/index5024.html]
[missseoulfood.de/2020/08/18/index.html]
[missseoulfood.de/wp-content/uploads/csm_EOS_9574_123772bf87.jpg]
[missseoulfood.de/wp-json/oembed/1.0/embed0158.json]
[missseoulfood.de/wp-json/oembed/1.0/embed6abb]
[missseoulfood.de/wp-content/uploads/elementor/css/post-707a623.css]
[missseoulfood.de/wp-json/wp/v2/pages/707.json]
[missseoulfood.de/wp-content/uploads/csm_EOS_9574_123772bf87-1024x683.jpg]
[missseoulfood.de/wp-content/uploads/muckphoto-4437-1024x684.jpg]
[missseoulfood.de/wp-content/uploads/MissSeoulFood-Kochevent_Kimchi5-1024x684.jpg]
[missseoulfood.de/ein-erlebnis-fuer-alle-sinne-koreanische-kocheventsmit-missseoulfood-2/index.html]
[missseoulfood.de/index5a14.html]
[missseoulfood.de/foodblog/page/6/index.html]
[missseoulfood.de/wp-json/oembed/1.0/embed23d7.json]
[missseoulfood.de/foodblog/page/7/index.html]
[missseoulfood.de/wp-json/oembed/1.0/embedfb30]
[missseoulfood.de/wp-json/wp/v2/posts/558.json]
[missseoulfood.de/weihnachten-auf-koreanisch/index.html]
[missseoulfood.de/wp-json/oembed/1.0/embed1785.json]
[missseoulfood.de/wp-json/oembed/1.0/embed428d]
[missseoulfood.de/wp-json/wp/v2/posts/557.json]
[missseoulfood.de/korean-street-food/index.html]
[missseoulfood.de/wp-json/oembed/1.0/embed57f9.json]
[missseoulfood.de/wp-json/oembed/1.0/embed7914]
[missseoulfood.de/wp-json/wp/v2/posts/554.json]
[missseoulfood.de/koreanische-inquisition/index.html]
[missseoulfood.de/wp-json/oembed/1.0/embedec3b.json]
[missseoulfood.de/wp-json/oembed/1.0/embed2175]
[missseoulfood.de/wp-json/wp/v2/posts/552.json]
[missseoulfood.de/kimbab-fuer-karen/index.html]
[missseoulfood.de/wp-json/oembed/1.0/embed2a6a.json]
[missseoulfood.de/wp-json/oembed/1.0/embed6b3a]
[missseoulfood.de/wp-json/wp/v2/posts/553.json]
[missseoulfood.de/chuseok-halbmondkuchen-zum-erntedankfest/index.html]
[missseoulfood.de/indexab36.html]
[missseoulfood.de/indexe7fb.html]
[kochen.missseoulfood.de/wp-content/uploads/Allgemein/Falkenberg_MissSeoulFood_Rampe-fuer_Karen.html]
[missseoulfood.de/indexa379.html]
[missseoulfood.de/2016/05/02/index.html]
[missseoulfood.de/indexcfab.html]
[kochen.missseoulfood.de/wp-content/uploads/Banchan/Muckphoto_MissSeoulFood_Tofu.html]
[missseoulfood.de/index03c9.html]
[missseoulfood.de/index4e57.html]
[missseoulfood.de/index46ad.html]
[missseoulfood.de/index45ff.html]
[missseoulfood.de/wp-content/uploads/elementor/css/post-707a623.css]
[missseoulfood.de/index25b8.html]
[missseoulfood.de/foodblog/page/7/index.html]
[missseoulfood.de/index193e.html]
[missseoulfood.de/indexc9d1.html]
[missseoulfood.de/index0971.html]
[missseoulfood.de/index5195.html]
[missseoulfood.de/indexa7b7.html]
[missseoulfood.de/foodblog/page/8/index.html]
[missseoulfood.de/foodblog/page/8/index.html]
[missseoulfood.de/foodblog/page/9/index.html]
[missseoulfood.de/foodblog/page/9/index.html]
[missseoulfood.de/foodblog/page/10/index.html]
[missseoulfood.de/foodblog/page/10/index.html]
[missseoulfood.de/foodblog/page/11/index.html]
[missseoulfood.de/foodblog/page/11/index.html]
